[0;34m[INFO][0m Requesting sudo authentication once for long benchmark run...
[0;34m[INFO][0m Starting benchmarks at Fri May  8 10:44:24 AM CEST 2026
[0;34m[INFO][0m Results will be saved to: results/2026-05-08_104424
[0;34m[INFO][0m HTTP client max workers: 100 (column "HTTP Max Workers" in static/dynamic CSVs; override with HTTP_MAX_WORKERS=N or HTTP_MAX_WORKERS=system)

[0;34m──────────────── Run plan ─────────────────[0m
[0;34m[INFO][0m Log file (full output): logs/run_2026-05-08_104424.log
[0;34m[INFO][0m Results directory: results/2026-05-08_104424
[0;34m[INFO][0m Total measurement steps (each step = one HTTP or WebSocket measurement): [0;32m143[0m
[0;34m[INFO][0m Measurement output is compact (BENCH_MEASURE_QUIET=1): magenta [MEASURE] lines + load heartbeats every 60s for HTTP+WebSocket. BENCH_MEASURE_QUIET=0 or MEASURE_HEARTBEAT_SEC=3600 to reduce noise.
[0;34m[INFO][0m While running: [0;36mtail -f logs/run_2026-05-08_104424.log[0m
[0;34m[INFO][0m Milestones only: [0;36mgrep -F '[PROGRESS]' logs/run_2026-05-08_104424.log[0m
[0;34m────────────────────────────────────────────[0m

[0;34mRunning dynamic tests for dy-elixir-index-1-19-5 on port 8001[0m (1/11)
[0;36m[PROGRESS][0m 1/143 (0%) | elapsed 0s | ETA ~0s | remaining 142 | dynamic HTTP | dy-elixir-index-1-19-5 | level 1/13 | 100 requests
[0;35m[MEASURE][0m dy-elixir-index-1-19-5 | Docker start + HTTP readiness wait …
[0;35m[MEASURE][0m dy-elixir-index-1-19-5 | Scaphandre power sampling + HTTP load | 100 GET → http://localhost:8001/
[0;35m[MEASURE][0m dy-elixir-index-1-19-5 | stopping Scaphandre + appending CSV …
[0;35m[MEASURE][0m dy-elixir-index-1-19-5 | [0;32m100/100 ok[0m | 2.2s | 46 req/s | results/2026-05-08_104424/dynamic/dy-elixir-index-1-19-5.csv
[0;36m[PROGRESS][0m 2/143 (1%) | elapsed 50s | ETA ~58m | remaining 141 | dynamic HTTP | dy-elixir-index-1-19-5 | level 2/13 | 1000 requests
[0;35m[MEASURE][0m dy-elixir-index-1-19-5 | Docker start + HTTP readiness wait …
[0;35m[MEASURE][0m dy-elixir-index-1-19-5 | Scaphandre power sampling + HTTP load | 1000 GET → http://localhost:8001/
[0;35m[MEASURE][0m dy-elixir-index-1-19-5 | stopping Scaphandre + appending CSV …
[0;35m[MEASURE][0m dy-elixir-index-1-19-5 | 997/1000 | 5.2s | 192 req/s | results/2026-05-08_104424/dynamic/dy-elixir-index-1-19-5.csv
[0;36m[PROGRESS][0m 3/143 (2%) | elapsed 1m39s | ETA ~1h17m | remaining 140 | dynamic HTTP | dy-elixir-index-1-19-5 | level 3/13 | 5000 requests
[0;35m[MEASURE][0m dy-elixir-index-1-19-5 | Docker start + HTTP readiness wait …
[0;35m[MEASURE][0m dy-elixir-index-1-19-5 | Scaphandre power sampling + HTTP load | 5000 GET → http://localhost:8001/
[0;35m[MEASURE][0m dy-elixir-index-1-19-5 | stopping Scaphandre + appending CSV …
[0;35m[MEASURE][0m dy-elixir-index-1-19-5 | [0;32m5000/5000 ok[0m | 3.3s | 1506 req/s | results/2026-05-08_104424/dynamic/dy-elixir-index-1-19-5.csv
[0;36m[PROGRESS][0m 4/143 (2%) | elapsed 2m29s | ETA ~1h26m | remaining 139 | dynamic HTTP | dy-elixir-index-1-19-5 | level 4/13 | 8000 requests
[0;35m[MEASURE][0m dy-elixir-index-1-19-5 | Docker start + HTTP readiness wait …
[0;35m[MEASURE][0m dy-elixir-index-1-19-5 | Scaphandre power sampling + HTTP load | 8000 GET → http://localhost:8001/
[0;35m[MEASURE][0m dy-elixir-index-1-19-5 | stopping Scaphandre + appending CSV …
[0;35m[MEASURE][0m dy-elixir-index-1-19-5 | [0;32m8000/8000 ok[0m | 6.7s | 1197 req/s | results/2026-05-08_104424/dynamic/dy-elixir-index-1-19-5.csv
[0;36m[PROGRESS][0m 5/143 (3%) | elapsed 3m20s | ETA ~1h32m | remaining 138 | dynamic HTTP | dy-elixir-index-1-19-5 | level 5/13 | 10000 requests
[0;35m[MEASURE][0m dy-elixir-index-1-19-5 | Docker start + HTTP readiness wait …
[0;35m[MEASURE][0m dy-elixir-index-1-19-5 | Scaphandre power sampling + HTTP load | 10000 GET → http://localhost:8001/
[0;35m[MEASURE][0m dy-elixir-index-1-19-5 | stopping Scaphandre + appending CSV …
[0;35m[MEASURE][0m dy-elixir-index-1-19-5 | [0;32m10000/10000 ok[0m | 7.8s | 1282 req/s | results/2026-05-08_104424/dynamic/dy-elixir-index-1-19-5.csv
[0;36m[PROGRESS][0m 6/143 (4%) | elapsed 4m14s | ETA ~1h36m | remaining 137 | dynamic HTTP | dy-elixir-index-1-19-5 | level 6/13 | 15000 requests
[0;35m[MEASURE][0m dy-elixir-index-1-19-5 | Docker start + HTTP readiness wait …
[0;35m[MEASURE][0m dy-elixir-index-1-19-5 | Scaphandre power sampling + HTTP load | 15000 GET → http://localhost:8001/
[0;35m[MEASURE][0m dy-elixir-index-1-19-5 | stopping Scaphandre + appending CSV …
[0;35m[MEASURE][0m dy-elixir-index-1-19-5 | [0;32m15000/15000 ok[0m | 12.1s | 1237 req/s | results/2026-05-08_104424/dynamic/dy-elixir-index-1-19-5.csv
[0;36m[PROGRESS][0m 7/143 (4%) | elapsed 5m12s | ETA ~1h41m | remaining 136 | dynamic HTTP | dy-elixir-index-1-19-5 | level 7/13 | 20000 requests
[0;35m[MEASURE][0m dy-elixir-index-1-19-5 | Docker start + HTTP readiness wait …
[0;35m[MEASURE][0m dy-elixir-index-1-19-5 | Scaphandre power sampling + HTTP load | 20000 GET → http://localhost:8001/
[0;35m[MEASURE][0m dy-elixir-index-1-19-5 | stopping Scaphandre + appending CSV …
[0;35m[MEASURE][0m dy-elixir-index-1-19-5 | [0;32m20000/20000 ok[0m | 16.1s | 1241 req/s | results/2026-05-08_104424/dynamic/dy-elixir-index-1-19-5.csv
[0;36m[PROGRESS][0m 8/143 (5%) | elapsed 6m13s | ETA ~1h44m | remaining 135 | dynamic HTTP | dy-elixir-index-1-19-5 | level 8/13 | 30000 requests
[0;35m[MEASURE][0m dy-elixir-index-1-19-5 | Docker start + HTTP readiness wait …
[0;35m[MEASURE][0m dy-elixir-index-1-19-5 | Scaphandre power sampling + HTTP load | 30000 GET → http://localhost:8001/
[0;35m[MEASURE][0m dy-elixir-index-1-19-5 | stopping Scaphandre + appending CSV …
[0;35m[MEASURE][0m dy-elixir-index-1-19-5 | [0;32m30000/30000 ok[0m | 24.2s | 1238 req/s | results/2026-05-08_104424/dynamic/dy-elixir-index-1-19-5.csv
[0;36m[PROGRESS][0m 9/143 (6%) | elapsed 7m23s | ETA ~1h49m | remaining 134 | dynamic HTTP | dy-elixir-index-1-19-5 | level 9/13 | 40000 requests
[0;35m[MEASURE][0m dy-elixir-index-1-19-5 | Docker start + HTTP readiness wait …
[0;35m[MEASURE][0m dy-elixir-index-1-19-5 | Scaphandre power sampling + HTTP load | 40000 GET → http://localhost:8001/
[0;35m[MEASURE][0m dy-elixir-index-1-19-5 | stopping Scaphandre + appending CSV …
[0;35m[MEASURE][0m dy-elixir-index-1-19-5 | [0;32m40000/40000 ok[0m | 32.4s | 1234 req/s | results/2026-05-08_104424/dynamic/dy-elixir-index-1-19-5.csv
[0;36m[PROGRESS][0m 10/143 (6%) | elapsed 8m41s | ETA ~1h55m | remaining 133 | dynamic HTTP | dy-elixir-index-1-19-5 | level 10/13 | 50000 requests
[0;35m[MEASURE][0m dy-elixir-index-1-19-5 | Docker start + HTTP readiness wait …
[0;35m[MEASURE][0m dy-elixir-index-1-19-5 | Scaphandre power sampling + HTTP load | 50000 GET → http://localhost:8001/
[0;35m[MEASURE][0m dy-elixir-index-1-19-5 | stopping Scaphandre + appending CSV …
[0;35m[MEASURE][0m dy-elixir-index-1-19-5 | [0;32m50000/50000 ok[0m | 40.2s | 1243 req/s | results/2026-05-08_104424/dynamic/dy-elixir-index-1-19-5.csv
[0;36m[PROGRESS][0m 11/143 (7%) | elapsed 10m08s | ETA ~2h01m | remaining 132 | dynamic HTTP | dy-elixir-index-1-19-5 | level 11/13 | 60000 requests
[0;35m[MEASURE][0m dy-elixir-index-1-19-5 | Docker start + HTTP readiness wait …
[0;35m[MEASURE][0m dy-elixir-index-1-19-5 | Scaphandre power sampling + HTTP load | 60000 GET → http://localhost:8001/
[0;35m[MEASURE][0m dy-elixir-index-1-19-5 | stopping Scaphandre + appending CSV …
[0;35m[MEASURE][0m dy-elixir-index-1-19-5 | 59996/60000 | 48.7s | 1232 req/s | results/2026-05-08_104424/dynamic/dy-elixir-index-1-19-5.csv
[0;36m[PROGRESS][0m 12/143 (8%) | elapsed 11m42s | ETA ~2h07m | remaining 131 | dynamic HTTP | dy-elixir-index-1-19-5 | level 12/13 | 70000 requests
[0;35m[MEASURE][0m dy-elixir-index-1-19-5 | Docker start + HTTP readiness wait …
[0;35m[MEASURE][0m dy-elixir-index-1-19-5 | Scaphandre power sampling + HTTP load | 70000 GET → http://localhost:8001/
[0;35m[MEASURE][0m dy-elixir-index-1-19-5 | stopping Scaphandre + appending CSV …
[0;35m[MEASURE][0m dy-elixir-index-1-19-5 | [0;32m70000/70000 ok[0m | 56.6s | 1237 req/s | results/2026-05-08_104424/dynamic/dy-elixir-index-1-19-5.csv
[0;36m[PROGRESS][0m 13/143 (9%) | elapsed 13m24s | ETA ~2h14m | remaining 130 | dynamic HTTP | dy-elixir-index-1-19-5 | level 13/13 | 80000 requests
[0;35m[MEASURE][0m dy-elixir-index-1-19-5 | Docker start + HTTP readiness wait …
[0;35m[MEASURE][0m dy-elixir-index-1-19-5 | Scaphandre power sampling + HTTP load | 80000 GET → http://localhost:8001/
[0;35m[MEASURE][0m dy-elixir-index-1-19-5 | HTTP requests 73657/80000 (60s elapsed)
[0;35m[MEASURE][0m dy-elixir-index-1-19-5 | stopping Scaphandre + appending CSV …
[0;35m[MEASURE][0m dy-elixir-index-1-19-5 | [0;32m80000/80000 ok[0m | 65.1s | 1229 req/s | results/2026-05-08_104424/dynamic/dy-elixir-index-1-19-5.csv
[0;34mRunning dynamic tests for dy-elixir-cowboy-1-19-5 on port 8001[0m (2/11)
[0;36m[PROGRESS][0m 14/143 (9%) | elapsed 15m16s | ETA ~2h20m | remaining 129 | dynamic HTTP | dy-elixir-cowboy-1-19-5 | level 1/13 | 100 requests
[0;35m[MEASURE][0m dy-elixir-cowboy-1-19-5 | Docker start + HTTP readiness wait …
[0;35m[MEASURE][0m dy-elixir-cowboy-1-19-5 | Scaphandre power sampling + HTTP load | 100 GET → http://localhost:8001/
[0;35m[MEASURE][0m dy-elixir-cowboy-1-19-5 | stopping Scaphandre + appending CSV …
[0;35m[MEASURE][0m dy-elixir-cowboy-1-19-5 | [0;32m100/100 ok[0m | 0.2s | 535 req/s | results/2026-05-08_104424/dynamic/dy-elixir-cowboy-1-19-5.csv
[0;36m[PROGRESS][0m 15/143 (10%) | elapsed 16m04s | ETA ~2h17m | remaining 128 | dynamic HTTP | dy-elixir-cowboy-1-19-5 | level 2/13 | 1000 requests
[0;35m[MEASURE][0m dy-elixir-cowboy-1-19-5 | Docker start + HTTP readiness wait …
[0;35m[MEASURE][0m dy-elixir-cowboy-1-19-5 | Scaphandre power sampling + HTTP load | 1000 GET → http://localhost:8001/
[0;35m[MEASURE][0m dy-elixir-cowboy-1-19-5 | stopping Scaphandre + appending CSV …
[0;35m[MEASURE][0m dy-elixir-cowboy-1-19-5 | [0;32m1000/1000 ok[0m | 0.9s | 1134 req/s | results/2026-05-08_104424/dynamic/dy-elixir-cowboy-1-19-5.csv
[0;36m[PROGRESS][0m 16/143 (11%) | elapsed 16m51s | ETA ~2h13m | remaining 127 | dynamic HTTP | dy-elixir-cowboy-1-19-5 | level 3/13 | 5000 requests
[0;35m[MEASURE][0m dy-elixir-cowboy-1-19-5 | Docker start + HTTP readiness wait …
[0;35m[MEASURE][0m dy-elixir-cowboy-1-19-5 | Scaphandre power sampling + HTTP load | 5000 GET → http://localhost:8001/
[0;35m[MEASURE][0m dy-elixir-cowboy-1-19-5 | stopping Scaphandre + appending CSV …
[0;35m[MEASURE][0m dy-elixir-cowboy-1-19-5 | [0;32m5000/5000 ok[0m | 4.4s | 1132 req/s | results/2026-05-08_104424/dynamic/dy-elixir-cowboy-1-19-5.csv
[0;36m[PROGRESS][0m 17/143 (11%) | elapsed 17m42s | ETA ~2h11m | remaining 126 | dynamic HTTP | dy-elixir-cowboy-1-19-5 | level 4/13 | 8000 requests
[0;35m[MEASURE][0m dy-elixir-cowboy-1-19-5 | Docker start + HTTP readiness wait …
[0;35m[MEASURE][0m dy-elixir-cowboy-1-19-5 | Scaphandre power sampling + HTTP load | 8000 GET → http://localhost:8001/
[0;35m[MEASURE][0m dy-elixir-cowboy-1-19-5 | stopping Scaphandre + appending CSV …
[0;35m[MEASURE][0m dy-elixir-cowboy-1-19-5 | [0;32m8000/8000 ok[0m | 6.5s | 1236 req/s | results/2026-05-08_104424/dynamic/dy-elixir-cowboy-1-19-5.csv
[0;36m[PROGRESS][0m 18/143 (12%) | elapsed 18m34s | ETA ~2h08m | remaining 125 | dynamic HTTP | dy-elixir-cowboy-1-19-5 | level 5/13 | 10000 requests
[0;35m[MEASURE][0m dy-elixir-cowboy-1-19-5 | Docker start + HTTP readiness wait …
[0;35m[MEASURE][0m dy-elixir-cowboy-1-19-5 | Scaphandre power sampling + HTTP load | 10000 GET → http://localhost:8001/
[0;35m[MEASURE][0m dy-elixir-cowboy-1-19-5 | stopping Scaphandre + appending CSV …
[0;35m[MEASURE][0m dy-elixir-cowboy-1-19-5 | [0;32m10000/10000 ok[0m | 9.3s | 1072 req/s | results/2026-05-08_104424/dynamic/dy-elixir-cowboy-1-19-5.csv
[0;36m[PROGRESS][0m 19/143 (13%) | elapsed 19m28s | ETA ~2h07m | remaining 124 | dynamic HTTP | dy-elixir-cowboy-1-19-5 | level 6/13 | 15000 requests
[0;35m[MEASURE][0m dy-elixir-cowboy-1-19-5 | Docker start + HTTP readiness wait …
[0;35m[MEASURE][0m dy-elixir-cowboy-1-19-5 | Scaphandre power sampling + HTTP load | 15000 GET → http://localhost:8001/
[0;35m[MEASURE][0m dy-elixir-cowboy-1-19-5 | stopping Scaphandre + appending CSV …
[0;35m[MEASURE][0m dy-elixir-cowboy-1-19-5 | [0;32m15000/15000 ok[0m | 13.2s | 1133 req/s | results/2026-05-08_104424/dynamic/dy-elixir-cowboy-1-19-5.csv
[0;36m[PROGRESS][0m 20/143 (13%) | elapsed 20m26s | ETA ~2h05m | remaining 123 | dynamic HTTP | dy-elixir-cowboy-1-19-5 | level 7/13 | 20000 requests
[0;35m[MEASURE][0m dy-elixir-cowboy-1-19-5 | Docker start + HTTP readiness wait …
[0;35m[MEASURE][0m dy-elixir-cowboy-1-19-5 | Scaphandre power sampling + HTTP load | 20000 GET → http://localhost:8001/
[0;35m[MEASURE][0m dy-elixir-cowboy-1-19-5 | stopping Scaphandre + appending CSV …
[0;35m[MEASURE][0m dy-elixir-cowboy-1-19-5 | [0;32m20000/20000 ok[0m | 18.9s | 1058 req/s | results/2026-05-08_104424/dynamic/dy-elixir-cowboy-1-19-5.csv
[0;36m[PROGRESS][0m 21/143 (14%) | elapsed 21m29s | ETA ~2h04m | remaining 122 | dynamic HTTP | dy-elixir-cowboy-1-19-5 | level 8/13 | 30000 requests
[0;35m[MEASURE][0m dy-elixir-cowboy-1-19-5 | Docker start + HTTP readiness wait …
[0;35m[MEASURE][0m dy-elixir-cowboy-1-19-5 | Scaphandre power sampling + HTTP load | 30000 GET → http://localhost:8001/
[0;35m[MEASURE][0m dy-elixir-cowboy-1-19-5 | stopping Scaphandre + appending CSV …
[0;35m[MEASURE][0m dy-elixir-cowboy-1-19-5 | 28231/30000 | 33.3s | 902 req/s | results/2026-05-08_104424/dynamic/dy-elixir-cowboy-1-19-5.csv
[0;36m[PROGRESS][0m 22/143 (15%) | elapsed 22m48s | ETA ~2h05m | remaining 121 | dynamic HTTP | dy-elixir-cowboy-1-19-5 | level 9/13 | 40000 requests
[0;35m[MEASURE][0m dy-elixir-cowboy-1-19-5 | Docker start + HTTP readiness wait …
[0;35m[MEASURE][0m dy-elixir-cowboy-1-19-5 | Scaphandre power sampling + HTTP load | 40000 GET → http://localhost:8001/
[0;35m[MEASURE][0m dy-elixir-cowboy-1-19-5 | HTTP requests 39895/40000 (60s elapsed)
[0;35m[MEASURE][0m dy-elixir-cowboy-1-19-5 | stopping Scaphandre + appending CSV …
[0;35m[MEASURE][0m dy-elixir-cowboy-1-19-5 | 28232/40000 | 60.2s | 664 req/s | results/2026-05-08_104424/dynamic/dy-elixir-cowboy-1-19-5.csv
[0;36m[PROGRESS][0m 23/143 (16%) | elapsed 24m36s | ETA ~2h08m | remaining 120 | dynamic HTTP | dy-elixir-cowboy-1-19-5 | level 10/13 | 50000 requests
[0;35m[MEASURE][0m dy-elixir-cowboy-1-19-5 | Docker start + HTTP readiness wait …
[0;35m[MEASURE][0m dy-elixir-cowboy-1-19-5 | Scaphandre power sampling + HTTP load | 50000 GET → http://localhost:8001/
[0;35m[MEASURE][0m dy-elixir-cowboy-1-19-5 | HTTP requests 40059/50000 (60s elapsed)
[0;35m[MEASURE][0m dy-elixir-cowboy-1-19-5 | stopping Scaphandre + appending CSV …
[0;35m[MEASURE][0m dy-elixir-cowboy-1-19-5 | 37367/50000 | 70.5s | 710 req/s | results/2026-05-08_104424/dynamic/dy-elixir-cowboy-1-19-5.csv
[0;36m[PROGRESS][0m 24/143 (16%) | elapsed 26m32s | ETA ~2h11m | remaining 119 | dynamic HTTP | dy-elixir-cowboy-1-19-5 | level 11/13 | 60000 requests
[0;35m[MEASURE][0m dy-elixir-cowboy-1-19-5 | Docker start + HTTP readiness wait …
[0;35m[MEASURE][0m dy-elixir-cowboy-1-19-5 | Scaphandre power sampling + HTTP load | 60000 GET → http://localhost:8001/
[0;35m[MEASURE][0m dy-elixir-cowboy-1-19-5 | HTTP requests 39858/60000 (60s elapsed)
[0;35m[MEASURE][0m dy-elixir-cowboy-1-19-5 | stopping Scaphandre + appending CSV …
[0;35m[MEASURE][0m dy-elixir-cowboy-1-19-5 | 47506/60000 | 81.3s | 738 req/s | results/2026-05-08_104424/dynamic/dy-elixir-cowboy-1-19-5.csv
[0;36m[PROGRESS][0m 25/143 (17%) | elapsed 28m38s | ETA ~2h15m | remaining 118 | dynamic HTTP | dy-elixir-cowboy-1-19-5 | level 12/13 | 70000 requests
[0;35m[MEASURE][0m dy-elixir-cowboy-1-19-5 | Docker start + HTTP readiness wait …
[0;35m[MEASURE][0m dy-elixir-cowboy-1-19-5 | Scaphandre power sampling + HTTP load | 70000 GET → http://localhost:8001/
[0;35m[MEASURE][0m dy-elixir-cowboy-1-19-5 | HTTP requests 39537/70000 (60s elapsed)
[0;35m[MEASURE][0m dy-elixir-cowboy-1-19-5 | stopping Scaphandre + appending CSV …
[0;35m[MEASURE][0m dy-elixir-cowboy-1-19-5 | 56463/70000 | 96.7s | 724 req/s | results/2026-05-08_104424/dynamic/dy-elixir-cowboy-1-19-5.csv
[0;36m[PROGRESS][0m 26/143 (18%) | elapsed 31m01s | ETA ~2h19m | remaining 117 | dynamic HTTP | dy-elixir-cowboy-1-19-5 | level 13/13 | 80000 requests
[0;35m[MEASURE][0m dy-elixir-cowboy-1-19-5 | Docker start + HTTP readiness wait …
[0;35m[MEASURE][0m dy-elixir-cowboy-1-19-5 | Scaphandre power sampling + HTTP load | 80000 GET → http://localhost:8001/
[0;35m[MEASURE][0m dy-elixir-cowboy-1-19-5 | HTTP requests 39713/80000 (60s elapsed)
[0;35m[MEASURE][0m dy-elixir-cowboy-1-19-5 | HTTP requests 78309/80000 (120s elapsed)
[0;35m[MEASURE][0m dy-elixir-cowboy-1-19-5 | stopping Scaphandre + appending CSV …
[0;35m[MEASURE][0m dy-elixir-cowboy-1-19-5 | 56869/80000 | 124.0s | 645 req/s | results/2026-05-08_104424/dynamic/dy-elixir-cowboy-1-19-5.csv
[0;34mRunning dynamic tests for dy-elixir-phoenix-1-8-5 on port 8001[0m (3/11)
[0;36m[PROGRESS][0m 27/143 (18%) | elapsed 33m54s | ETA ~2h25m | remaining 116 | dynamic HTTP | dy-elixir-phoenix-1-8-5 | level 1/13 | 100 requests
[0;35m[MEASURE][0m dy-elixir-phoenix-1-8-5 | Docker start + HTTP readiness wait …
[0;35m[MEASURE][0m dy-elixir-phoenix-1-8-5 | Scaphandre power sampling + HTTP load | 100 GET → http://localhost:8001/
[0;35m[MEASURE][0m dy-elixir-phoenix-1-8-5 | stopping Scaphandre + appending CSV …
[0;35m[MEASURE][0m dy-elixir-phoenix-1-8-5 | [0;32m100/100 ok[0m | 0.1s | 934 req/s | results/2026-05-08_104424/dynamic/dy-elixir-phoenix-1-8-5.csv
[0;36m[PROGRESS][0m 28/143 (19%) | elapsed 34m42s | ETA ~2h22m | remaining 115 | dynamic HTTP | dy-elixir-phoenix-1-8-5 | level 2/13 | 1000 requests
[0;35m[MEASURE][0m dy-elixir-phoenix-1-8-5 | Docker start + HTTP readiness wait …
[0;35m[MEASURE][0m dy-elixir-phoenix-1-8-5 | Scaphandre power sampling + HTTP load | 1000 GET → http://localhost:8001/
[0;35m[MEASURE][0m dy-elixir-phoenix-1-8-5 | stopping Scaphandre + appending CSV …
[0;35m[MEASURE][0m dy-elixir-phoenix-1-8-5 | [0;32m1000/1000 ok[0m | 1.0s | 1015 req/s | results/2026-05-08_104424/dynamic/dy-elixir-phoenix-1-8-5.csv
[0;36m[PROGRESS][0m 29/143 (20%) | elapsed 35m27s | ETA ~2h19m | remaining 114 | dynamic HTTP | dy-elixir-phoenix-1-8-5 | level 3/13 | 5000 requests
[0;35m[MEASURE][0m dy-elixir-phoenix-1-8-5 | Docker start + HTTP readiness wait …
[0;35m[MEASURE][0m dy-elixir-phoenix-1-8-5 | Scaphandre power sampling + HTTP load | 5000 GET → http://localhost:8001/
[0;35m[MEASURE][0m dy-elixir-phoenix-1-8-5 | stopping Scaphandre + appending CSV …
[0;35m[MEASURE][0m dy-elixir-phoenix-1-8-5 | [0;32m5000/5000 ok[0m | 4.0s | 1239 req/s | results/2026-05-08_104424/dynamic/dy-elixir-phoenix-1-8-5.csv
[0;36m[PROGRESS][0m 30/143 (20%) | elapsed 36m16s | ETA ~2h16m | remaining 113 | dynamic HTTP | dy-elixir-phoenix-1-8-5 | level 4/13 | 8000 requests
[0;35m[MEASURE][0m dy-elixir-phoenix-1-8-5 | Docker start + HTTP readiness wait …
[0;35m[MEASURE][0m dy-elixir-phoenix-1-8-5 | Scaphandre power sampling + HTTP load | 8000 GET → http://localhost:8001/
[0;35m[MEASURE][0m dy-elixir-phoenix-1-8-5 | stopping Scaphandre + appending CSV …
[0;35m[MEASURE][0m dy-elixir-phoenix-1-8-5 | [0;32m8000/8000 ok[0m | 6.5s | 1234 req/s | results/2026-05-08_104424/dynamic/dy-elixir-phoenix-1-8-5.csv
[0;36m[PROGRESS][0m 31/143 (21%) | elapsed 37m08s | ETA ~2h14m | remaining 112 | dynamic HTTP | dy-elixir-phoenix-1-8-5 | level 5/13 | 10000 requests
[0;35m[MEASURE][0m dy-elixir-phoenix-1-8-5 | Docker start + HTTP readiness wait …
[0;35m[MEASURE][0m dy-elixir-phoenix-1-8-5 | Scaphandre power sampling + HTTP load | 10000 GET → http://localhost:8001/
[0;35m[MEASURE][0m dy-elixir-phoenix-1-8-5 | stopping Scaphandre + appending CSV …
[0;35m[MEASURE][0m dy-elixir-phoenix-1-8-5 | [0;32m10000/10000 ok[0m | 9.2s | 1084 req/s | results/2026-05-08_104424/dynamic/dy-elixir-phoenix-1-8-5.csv
[0;36m[PROGRESS][0m 32/143 (22%) | elapsed 38m02s | ETA ~2h11m | remaining 111 | dynamic HTTP | dy-elixir-phoenix-1-8-5 | level 6/13 | 15000 requests
[0;35m[MEASURE][0m dy-elixir-phoenix-1-8-5 | Docker start + HTTP readiness wait …
[0;35m[MEASURE][0m dy-elixir-phoenix-1-8-5 | Scaphandre power sampling + HTTP load | 15000 GET → http://localhost:8001/
[0;35m[MEASURE][0m dy-elixir-phoenix-1-8-5 | stopping Scaphandre + appending CSV …
[0;35m[MEASURE][0m dy-elixir-phoenix-1-8-5 | [0;32m15000/15000 ok[0m | 13.3s | 1125 req/s | results/2026-05-08_104424/dynamic/dy-elixir-phoenix-1-8-5.csv
[0;36m[PROGRESS][0m 33/143 (23%) | elapsed 39m00s | ETA ~2h10m | remaining 110 | dynamic HTTP | dy-elixir-phoenix-1-8-5 | level 7/13 | 20000 requests
[0;35m[MEASURE][0m dy-elixir-phoenix-1-8-5 | Docker start + HTTP readiness wait …
[0;35m[MEASURE][0m dy-elixir-phoenix-1-8-5 | Scaphandre power sampling + HTTP load | 20000 GET → http://localhost:8001/
[0;35m[MEASURE][0m dy-elixir-phoenix-1-8-5 | stopping Scaphandre + appending CSV …
[0;35m[MEASURE][0m dy-elixir-phoenix-1-8-5 | [0;32m20000/20000 ok[0m | 18.8s | 1064 req/s | results/2026-05-08_104424/dynamic/dy-elixir-phoenix-1-8-5.csv
[0;36m[PROGRESS][0m 34/143 (23%) | elapsed 40m03s | ETA ~2h08m | remaining 109 | dynamic HTTP | dy-elixir-phoenix-1-8-5 | level 8/13 | 30000 requests
[0;35m[MEASURE][0m dy-elixir-phoenix-1-8-5 | Docker start + HTTP readiness wait …
[0;35m[MEASURE][0m dy-elixir-phoenix-1-8-5 | Scaphandre power sampling + HTTP load | 30000 GET → http://localhost:8001/
[0;35m[MEASURE][0m dy-elixir-phoenix-1-8-5 | stopping Scaphandre + appending CSV …
[0;35m[MEASURE][0m dy-elixir-phoenix-1-8-5 | 28231/30000 | 33.3s | 902 req/s | results/2026-05-08_104424/dynamic/dy-elixir-phoenix-1-8-5.csv
[0;36m[PROGRESS][0m 35/143 (24%) | elapsed 41m22s | ETA ~2h07m | remaining 108 | dynamic HTTP | dy-elixir-phoenix-1-8-5 | level 9/13 | 40000 requests
[0;35m[MEASURE][0m dy-elixir-phoenix-1-8-5 | Docker start + HTTP readiness wait …
[0;35m[MEASURE][0m dy-elixir-phoenix-1-8-5 | Scaphandre power sampling + HTTP load | 40000 GET → http://localhost:8001/
[0;35m[MEASURE][0m dy-elixir-phoenix-1-8-5 | HTTP requests 39938/40000 (60s elapsed)
[0;35m[MEASURE][0m dy-elixir-phoenix-1-8-5 | stopping Scaphandre + appending CSV …
[0;35m[MEASURE][0m dy-elixir-phoenix-1-8-5 | 28232/40000 | 60.1s | 666 req/s | results/2026-05-08_104424/dynamic/dy-elixir-phoenix-1-8-5.csv
[0;36m[PROGRESS][0m 36/143 (25%) | elapsed 43m08s | ETA ~2h08m | remaining 107 | dynamic HTTP | dy-elixir-phoenix-1-8-5 | level 10/13 | 50000 requests
[0;35m[MEASURE][0m dy-elixir-phoenix-1-8-5 | Docker start + HTTP readiness wait …
[0;35m[MEASURE][0m dy-elixir-phoenix-1-8-5 | Scaphandre power sampling + HTTP load | 50000 GET → http://localhost:8001/
[0;35m[MEASURE][0m dy-elixir-phoenix-1-8-5 | HTTP requests 40006/50000 (60s elapsed)
[0;35m[MEASURE][0m dy-elixir-phoenix-1-8-5 | stopping Scaphandre + appending CSV …
[0;35m[MEASURE][0m dy-elixir-phoenix-1-8-5 | 37383/50000 | 70.4s | 710 req/s | results/2026-05-08_104424/dynamic/dy-elixir-phoenix-1-8-5.csv
[0;36m[PROGRESS][0m 37/143 (25%) | elapsed 45m04s | ETA ~2h09m | remaining 106 | dynamic HTTP | dy-elixir-phoenix-1-8-5 | level 11/13 | 60000 requests
[0;35m[MEASURE][0m dy-elixir-phoenix-1-8-5 | Docker start + HTTP readiness wait …
[0;35m[MEASURE][0m dy-elixir-phoenix-1-8-5 | Scaphandre power sampling + HTTP load | 60000 GET → http://localhost:8001/
[0;35m[MEASURE][0m dy-elixir-phoenix-1-8-5 | HTTP requests 39881/60000 (60s elapsed)
[0;35m[MEASURE][0m dy-elixir-phoenix-1-8-5 | stopping Scaphandre + appending CSV …
[0;35m[MEASURE][0m dy-elixir-phoenix-1-8-5 | 47479/60000 | 81.2s | 739 req/s | results/2026-05-08_104424/dynamic/dy-elixir-phoenix-1-8-5.csv
[0;36m[PROGRESS][0m 38/143 (26%) | elapsed 47m10s | ETA ~2h10m | remaining 105 | dynamic HTTP | dy-elixir-phoenix-1-8-5 | level 12/13 | 70000 requests
[0;35m[MEASURE][0m dy-elixir-phoenix-1-8-5 | Docker start + HTTP readiness wait …
[0;35m[MEASURE][0m dy-elixir-phoenix-1-8-5 | Scaphandre power sampling + HTTP load | 70000 GET → http://localhost:8001/
[0;35m[MEASURE][0m dy-elixir-phoenix-1-8-5 | HTTP requests 39550/70000 (60s elapsed)
[0;35m[MEASURE][0m dy-elixir-phoenix-1-8-5 | stopping Scaphandre + appending CSV …
[0;35m[MEASURE][0m dy-elixir-phoenix-1-8-5 | 56463/70000 | 96.8s | 723 req/s | results/2026-05-08_104424/dynamic/dy-elixir-phoenix-1-8-5.csv
[0;36m[PROGRESS][0m 39/143 (27%) | elapsed 49m33s | ETA ~2h12m | remaining 104 | dynamic HTTP | dy-elixir-phoenix-1-8-5 | level 13/13 | 80000 requests
[0;35m[MEASURE][0m dy-elixir-phoenix-1-8-5 | Docker start + HTTP readiness wait …
[0;35m[MEASURE][0m dy-elixir-phoenix-1-8-5 | Scaphandre power sampling + HTTP load | 80000 GET → http://localhost:8001/
[0;35m[MEASURE][0m dy-elixir-phoenix-1-8-5 | HTTP requests 39787/80000 (60s elapsed)
[0;35m[MEASURE][0m dy-elixir-phoenix-1-8-5 | HTTP requests 78413/80000 (120s elapsed)
[0;35m[MEASURE][0m dy-elixir-phoenix-1-8-5 | stopping Scaphandre + appending CSV …
[0;35m[MEASURE][0m dy-elixir-phoenix-1-8-5 | 56836/80000 | 123.8s | 646 req/s | results/2026-05-08_104424/dynamic/dy-elixir-phoenix-1-8-5.csv
[0;34mRunning dynamic tests for dy-elixir-pure-1-19-5 on port 8001[0m (4/11)
[0;36m[PROGRESS][0m 40/143 (27%) | elapsed 52m22s | ETA ~2h14m | remaining 103 | dynamic HTTP | dy-elixir-pure-1-19-5 | level 1/13 | 100 requests
[0;35m[MEASURE][0m dy-elixir-pure-1-19-5 | Docker start + HTTP readiness wait …
[0;35m[MEASURE][0m dy-elixir-pure-1-19-5 | Scaphandre power sampling + HTTP load | 100 GET → http://localhost:8001/
[0;35m[MEASURE][0m dy-elixir-pure-1-19-5 | stopping Scaphandre + appending CSV …
[0;35m[MEASURE][0m dy-elixir-pure-1-19-5 | [0;32m100/100 ok[0m | 1.1s | 92 req/s | results/2026-05-08_104424/dynamic/dy-elixir-pure-1-19-5.csv
[0;36m[PROGRESS][0m 41/143 (28%) | elapsed 53m10s | ETA ~2h12m | remaining 102 | dynamic HTTP | dy-elixir-pure-1-19-5 | level 2/13 | 1000 requests
[0;35m[MEASURE][0m dy-elixir-pure-1-19-5 | Docker start + HTTP readiness wait …
[0;35m[MEASURE][0m dy-elixir-pure-1-19-5 | Scaphandre power sampling + HTTP load | 1000 GET → http://localhost:8001/
[0;35m[MEASURE][0m dy-elixir-pure-1-19-5 | stopping Scaphandre + appending CSV …
[0;35m[MEASURE][0m dy-elixir-pure-1-19-5 | [0;32m1000/1000 ok[0m | 3.0s | 332 req/s | results/2026-05-08_104424/dynamic/dy-elixir-pure-1-19-5.csv
[0;36m[PROGRESS][0m 42/143 (29%) | elapsed 53m57s | ETA ~2h09m | remaining 101 | dynamic HTTP | dy-elixir-pure-1-19-5 | level 3/13 | 5000 requests
[0;35m[MEASURE][0m dy-elixir-pure-1-19-5 | Docker start + HTTP readiness wait …
[0;35m[MEASURE][0m dy-elixir-pure-1-19-5 | Scaphandre power sampling + HTTP load | 5000 GET → http://localhost:8001/
[0;35m[MEASURE][0m dy-elixir-pure-1-19-5 | stopping Scaphandre + appending CSV …
[0;35m[MEASURE][0m dy-elixir-pure-1-19-5 | 4990/5000 | 5.3s | 948 req/s | results/2026-05-08_104424/dynamic/dy-elixir-pure-1-19-5.csv
[0;36m[PROGRESS][0m 43/143 (30%) | elapsed 54m46s | ETA ~2h07m | remaining 100 | dynamic HTTP | dy-elixir-pure-1-19-5 | level 4/13 | 8000 requests
[0;35m[MEASURE][0m dy-elixir-pure-1-19-5 | Docker start + HTTP readiness wait …
[0;35m[MEASURE][0m dy-elixir-pure-1-19-5 | Scaphandre power sampling + HTTP load | 8000 GET → http://localhost:8001/
[0;35m[MEASURE][0m dy-elixir-pure-1-19-5 | stopping Scaphandre + appending CSV …
[0;35m[MEASURE][0m dy-elixir-pure-1-19-5 | [0;32m8000/8000 ok[0m | 7.5s | 1068 req/s | results/2026-05-08_104424/dynamic/dy-elixir-pure-1-19-5.csv
[0;36m[PROGRESS][0m 44/143 (30%) | elapsed 55m38s | ETA ~2h05m | remaining 99 | dynamic HTTP | dy-elixir-pure-1-19-5 | level 5/13 | 10000 requests
[0;35m[MEASURE][0m dy-elixir-pure-1-19-5 | Docker start + HTTP readiness wait …
[0;35m[MEASURE][0m dy-elixir-pure-1-19-5 | Scaphandre power sampling + HTTP load | 10000 GET → http://localhost:8001/
[0;35m[MEASURE][0m dy-elixir-pure-1-19-5 | stopping Scaphandre + appending CSV …
[0;35m[MEASURE][0m dy-elixir-pure-1-19-5 | [0;32m10000/10000 ok[0m | 7.6s | 1312 req/s | results/2026-05-08_104424/dynamic/dy-elixir-pure-1-19-5.csv
[0;36m[PROGRESS][0m 45/143 (31%) | elapsed 56m31s | ETA ~2h03m | remaining 98 | dynamic HTTP | dy-elixir-pure-1-19-5 | level 6/13 | 15000 requests
[0;35m[MEASURE][0m dy-elixir-pure-1-19-5 | Docker start + HTTP readiness wait …
[0;35m[MEASURE][0m dy-elixir-pure-1-19-5 | Scaphandre power sampling + HTTP load | 15000 GET → http://localhost:8001/
[0;35m[MEASURE][0m dy-elixir-pure-1-19-5 | stopping Scaphandre + appending CSV …
[0;35m[MEASURE][0m dy-elixir-pure-1-19-5 | [0;32m15000/15000 ok[0m | 12.0s | 1252 req/s | results/2026-05-08_104424/dynamic/dy-elixir-pure-1-19-5.csv
[0;36m[PROGRESS][0m 46/143 (32%) | elapsed 57m29s | ETA ~2h01m | remaining 97 | dynamic HTTP | dy-elixir-pure-1-19-5 | level 7/13 | 20000 requests
[0;35m[MEASURE][0m dy-elixir-pure-1-19-5 | Docker start + HTTP readiness wait …
[0;35m[MEASURE][0m dy-elixir-pure-1-19-5 | Scaphandre power sampling + HTTP load | 20000 GET → http://localhost:8001/
[0;35m[MEASURE][0m dy-elixir-pure-1-19-5 | stopping Scaphandre + appending CSV …
[0;35m[MEASURE][0m dy-elixir-pure-1-19-5 | [0;32m20000/20000 ok[0m | 16.1s | 1243 req/s | results/2026-05-08_104424/dynamic/dy-elixir-pure-1-19-5.csv
[0;36m[PROGRESS][0m 47/143 (32%) | elapsed 58m31s | ETA ~1h59m | remaining 96 | dynamic HTTP | dy-elixir-pure-1-19-5 | level 8/13 | 30000 requests
[0;35m[MEASURE][0m dy-elixir-pure-1-19-5 | Docker start + HTTP readiness wait …
[0;35m[MEASURE][0m dy-elixir-pure-1-19-5 | Scaphandre power sampling + HTTP load | 30000 GET → http://localhost:8001/
[0;35m[MEASURE][0m dy-elixir-pure-1-19-5 | stopping Scaphandre + appending CSV …
[0;35m[MEASURE][0m dy-elixir-pure-1-19-5 | [0;32m30000/30000 ok[0m | 24.2s | 1241 req/s | results/2026-05-08_104424/dynamic/dy-elixir-pure-1-19-5.csv
[0;36m[PROGRESS][0m 48/143 (33%) | elapsed 59m41s | ETA ~1h58m | remaining 95 | dynamic HTTP | dy-elixir-pure-1-19-5 | level 9/13 | 40000 requests
[0;35m[MEASURE][0m dy-elixir-pure-1-19-5 | Docker start + HTTP readiness wait …
[0;35m[MEASURE][0m dy-elixir-pure-1-19-5 | Scaphandre power sampling + HTTP load | 40000 GET → http://localhost:8001/
[0;35m[MEASURE][0m dy-elixir-pure-1-19-5 | stopping Scaphandre + appending CSV …
[0;35m[MEASURE][0m dy-elixir-pure-1-19-5 | [0;32m40000/40000 ok[0m | 32.3s | 1238 req/s | results/2026-05-08_104424/dynamic/dy-elixir-pure-1-19-5.csv
[0;36m[PROGRESS][0m 49/143 (34%) | elapsed 1h00m | ETA ~1h56m | remaining 94 | dynamic HTTP | dy-elixir-pure-1-19-5 | level 10/13 | 50000 requests
[0;35m[MEASURE][0m dy-elixir-pure-1-19-5 | Docker start + HTTP readiness wait …
[0;35m[MEASURE][0m dy-elixir-pure-1-19-5 | Scaphandre power sampling + HTTP load | 50000 GET → http://localhost:8001/
[0;35m[MEASURE][0m dy-elixir-pure-1-19-5 | stopping Scaphandre + appending CSV …
[0;35m[MEASURE][0m dy-elixir-pure-1-19-5 | [0;32m50000/50000 ok[0m | 40.1s | 1246 req/s | results/2026-05-08_104424/dynamic/dy-elixir-pure-1-19-5.csv
[0;36m[PROGRESS][0m 50/143 (34%) | elapsed 1h02m | ETA ~1h56m | remaining 93 | dynamic HTTP | dy-elixir-pure-1-19-5 | level 11/13 | 60000 requests
[0;35m[MEASURE][0m dy-elixir-pure-1-19-5 | Docker start + HTTP readiness wait …
[0;35m[MEASURE][0m dy-elixir-pure-1-19-5 | Scaphandre power sampling + HTTP load | 60000 GET → http://localhost:8001/
[0;35m[MEASURE][0m dy-elixir-pure-1-19-5 | stopping Scaphandre + appending CSV …
[0;35m[MEASURE][0m dy-elixir-pure-1-19-5 | [0;32m60000/60000 ok[0m | 48.6s | 1235 req/s | results/2026-05-08_104424/dynamic/dy-elixir-pure-1-19-5.csv
[0;36m[PROGRESS][0m 51/143 (35%) | elapsed 1h03m | ETA ~1h55m | remaining 92 | dynamic HTTP | dy-elixir-pure-1-19-5 | level 12/13 | 70000 requests
[0;35m[MEASURE][0m dy-elixir-pure-1-19-5 | Docker start + HTTP readiness wait …
[0;35m[MEASURE][0m dy-elixir-pure-1-19-5 | Scaphandre power sampling + HTTP load | 70000 GET → http://localhost:8001/
[0;35m[MEASURE][0m dy-elixir-pure-1-19-5 | stopping Scaphandre + appending CSV …
[0;35m[MEASURE][0m dy-elixir-pure-1-19-5 | [0;32m70000/70000 ok[0m | 56.0s | 1250 req/s | results/2026-05-08_104424/dynamic/dy-elixir-pure-1-19-5.csv
[0;36m[PROGRESS][0m 52/143 (36%) | elapsed 1h05m | ETA ~1h54m | remaining 91 | dynamic HTTP | dy-elixir-pure-1-19-5 | level 13/13 | 80000 requests
[0;35m[MEASURE][0m dy-elixir-pure-1-19-5 | Docker start + HTTP readiness wait …
[0;35m[MEASURE][0m dy-elixir-pure-1-19-5 | Scaphandre power sampling + HTTP load | 80000 GET → http://localhost:8001/
[0;35m[MEASURE][0m dy-elixir-pure-1-19-5 | HTTP requests 74327/80000 (60s elapsed)
[0;35m[MEASURE][0m dy-elixir-pure-1-19-5 | stopping Scaphandre + appending CSV …
[0;35m[MEASURE][0m dy-elixir-pure-1-19-5 | [0;32m80000/80000 ok[0m | 64.5s | 1240 req/s | results/2026-05-08_104424/dynamic/dy-elixir-pure-1-19-5.csv
[0;34mRunning dynamic tests for dy-gleam-index-1-15-2 on port 8001[0m (5/11)
[0;36m[PROGRESS][0m 53/143 (37%) | elapsed 1h07m | ETA ~1h54m | remaining 90 | dynamic HTTP | dy-gleam-index-1-15-2 | level 1/13 | 100 requests
[0;35m[MEASURE][0m dy-gleam-index-1-15-2 | Docker start + HTTP readiness wait …
[0;35m[MEASURE][0m dy-gleam-index-1-15-2 | Scaphandre power sampling + HTTP load | 100 GET → http://localhost:8001/
[0;35m[MEASURE][0m dy-gleam-index-1-15-2 | stopping Scaphandre + appending CSV …
[0;35m[MEASURE][0m dy-gleam-index-1-15-2 | [0;32m100/100 ok[0m | 0.2s | 528 req/s | results/2026-05-08_104424/dynamic/dy-gleam-index-1-15-2.csv
[0;36m[PROGRESS][0m 54/143 (37%) | elapsed 1h08m | ETA ~1h52m | remaining 89 | dynamic HTTP | dy-gleam-index-1-15-2 | level 2/13 | 1000 requests
[0;35m[MEASURE][0m dy-gleam-index-1-15-2 | Docker start + HTTP readiness wait …
[0;35m[MEASURE][0m dy-gleam-index-1-15-2 | Scaphandre power sampling + HTTP load | 1000 GET → http://localhost:8001/
[0;35m[MEASURE][0m dy-gleam-index-1-15-2 | stopping Scaphandre + appending CSV …
[0;35m[MEASURE][0m dy-gleam-index-1-15-2 | [0;32m1000/1000 ok[0m | 0.8s | 1213 req/s | results/2026-05-08_104424/dynamic/dy-gleam-index-1-15-2.csv
[0;36m[PROGRESS][0m 55/143 (38%) | elapsed 1h09m | ETA ~1h51m | remaining 88 | dynamic HTTP | dy-gleam-index-1-15-2 | level 3/13 | 5000 requests
[0;35m[MEASURE][0m dy-gleam-index-1-15-2 | Docker start + HTTP readiness wait …
[0;35m[MEASURE][0m dy-gleam-index-1-15-2 | Scaphandre power sampling + HTTP load | 5000 GET → http://localhost:8001/
[0;35m[MEASURE][0m dy-gleam-index-1-15-2 | stopping Scaphandre + appending CSV …
[0;35m[MEASURE][0m dy-gleam-index-1-15-2 | [0;32m5000/5000 ok[0m | 4.4s | 1143 req/s | results/2026-05-08_104424/dynamic/dy-gleam-index-1-15-2.csv
[0;36m[PROGRESS][0m 56/143 (39%) | elapsed 1h10m | ETA ~1h49m | remaining 87 | dynamic HTTP | dy-gleam-index-1-15-2 | level 4/13 | 8000 requests
[0;35m[MEASURE][0m dy-gleam-index-1-15-2 | Docker start + HTTP readiness wait …
[0;35m[MEASURE][0m dy-gleam-index-1-15-2 | Scaphandre power sampling + HTTP load | 8000 GET → http://localhost:8001/
[0;35m[MEASURE][0m dy-gleam-index-1-15-2 | stopping Scaphandre + appending CSV …
[0;35m[MEASURE][0m dy-gleam-index-1-15-2 | [0;32m8000/8000 ok[0m | 7.0s | 1145 req/s | results/2026-05-08_104424/dynamic/dy-gleam-index-1-15-2.csv
[0;36m[PROGRESS][0m 57/143 (39%) | elapsed 1h11m | ETA ~1h47m | remaining 86 | dynamic HTTP | dy-gleam-index-1-15-2 | level 5/13 | 10000 requests
[0;35m[MEASURE][0m dy-gleam-index-1-15-2 | Docker start + HTTP readiness wait …
[0;35m[MEASURE][0m dy-gleam-index-1-15-2 | Scaphandre power sampling + HTTP load | 10000 GET → http://localhost:8001/
[0;35m[MEASURE][0m dy-gleam-index-1-15-2 | stopping Scaphandre + appending CSV …
[0;35m[MEASURE][0m dy-gleam-index-1-15-2 | [0;32m10000/10000 ok[0m | 8.3s | 1201 req/s | results/2026-05-08_104424/dynamic/dy-gleam-index-1-15-2.csv
[0;36m[PROGRESS][0m 58/143 (40%) | elapsed 1h12m | ETA ~1h46m | remaining 85 | dynamic HTTP | dy-gleam-index-1-15-2 | level 6/13 | 15000 requests
[0;35m[MEASURE][0m dy-gleam-index-1-15-2 | Docker start + HTTP readiness wait …
[0;35m[MEASURE][0m dy-gleam-index-1-15-2 | Scaphandre power sampling + HTTP load | 15000 GET → http://localhost:8001/
[0;35m[MEASURE][0m dy-gleam-index-1-15-2 | stopping Scaphandre + appending CSV …
[0;35m[MEASURE][0m dy-gleam-index-1-15-2 | [0;32m15000/15000 ok[0m | 13.1s | 1142 req/s | results/2026-05-08_104424/dynamic/dy-gleam-index-1-15-2.csv
[0;36m[PROGRESS][0m 59/143 (41%) | elapsed 1h13m | ETA ~1h44m | remaining 84 | dynamic HTTP | dy-gleam-index-1-15-2 | level 7/13 | 20000 requests
[0;35m[MEASURE][0m dy-gleam-index-1-15-2 | Docker start + HTTP readiness wait …
[0;35m[MEASURE][0m dy-gleam-index-1-15-2 | Scaphandre power sampling + HTTP load | 20000 GET → http://localhost:8001/
[0;35m[MEASURE][0m dy-gleam-index-1-15-2 | stopping Scaphandre + appending CSV …
[0;35m[MEASURE][0m dy-gleam-index-1-15-2 | [0;32m20000/20000 ok[0m | 18.9s | 1060 req/s | results/2026-05-08_104424/dynamic/dy-gleam-index-1-15-2.csv
[0;36m[PROGRESS][0m 60/143 (41%) | elapsed 1h14m | ETA ~1h43m | remaining 83 | dynamic HTTP | dy-gleam-index-1-15-2 | level 8/13 | 30000 requests
[0;35m[MEASURE][0m dy-gleam-index-1-15-2 | Docker start + HTTP readiness wait …
[0;35m[MEASURE][0m dy-gleam-index-1-15-2 | Scaphandre power sampling + HTTP load | 30000 GET → http://localhost:8001/
[0;35m[MEASURE][0m dy-gleam-index-1-15-2 | stopping Scaphandre + appending CSV …
[0;35m[MEASURE][0m dy-gleam-index-1-15-2 | 28231/30000 | 32.7s | 918 req/s | results/2026-05-08_104424/dynamic/dy-gleam-index-1-15-2.csv
[0;36m[PROGRESS][0m 61/143 (42%) | elapsed 1h16m | ETA ~1h42m | remaining 82 | dynamic HTTP | dy-gleam-index-1-15-2 | level 9/13 | 40000 requests
[0;35m[MEASURE][0m dy-gleam-index-1-15-2 | Docker start + HTTP readiness wait …
[0;35m[MEASURE][0m dy-gleam-index-1-15-2 | Scaphandre power sampling + HTTP load | 40000 GET → http://localhost:8001/
[0;35m[MEASURE][0m dy-gleam-index-1-15-2 | stopping Scaphandre + appending CSV …
[0;35m[MEASURE][0m dy-gleam-index-1-15-2 | 28232/40000 | 59.7s | 671 req/s | results/2026-05-08_104424/dynamic/dy-gleam-index-1-15-2.csv
[0;36m[PROGRESS][0m 62/143 (43%) | elapsed 1h18m | ETA ~1h42m | remaining 81 | dynamic HTTP | dy-gleam-index-1-15-2 | level 10/13 | 50000 requests
[0;35m[MEASURE][0m dy-gleam-index-1-15-2 | Docker start + HTTP readiness wait …
[0;35m[MEASURE][0m dy-gleam-index-1-15-2 | Scaphandre power sampling + HTTP load | 50000 GET → http://localhost:8001/
[0;35m[MEASURE][0m dy-gleam-index-1-15-2 | HTTP requests 40007/50000 (60s elapsed)
[0;35m[MEASURE][0m dy-gleam-index-1-15-2 | stopping Scaphandre + appending CSV …
[0;35m[MEASURE][0m dy-gleam-index-1-15-2 | 37374/50000 | 70.5s | 709 req/s | results/2026-05-08_104424/dynamic/dy-gleam-index-1-15-2.csv
[0;36m[PROGRESS][0m 63/143 (44%) | elapsed 1h20m | ETA ~1h41m | remaining 80 | dynamic HTTP | dy-gleam-index-1-15-2 | level 11/13 | 60000 requests
[0;35m[MEASURE][0m dy-gleam-index-1-15-2 | Docker start + HTTP readiness wait …
[0;35m[MEASURE][0m dy-gleam-index-1-15-2 | Scaphandre power sampling + HTTP load | 60000 GET → http://localhost:8001/
[0;35m[MEASURE][0m dy-gleam-index-1-15-2 | HTTP requests 39791/60000 (60s elapsed)
[0;35m[MEASURE][0m dy-gleam-index-1-15-2 | stopping Scaphandre + appending CSV …
[0;35m[MEASURE][0m dy-gleam-index-1-15-2 | 47592/60000 | 81.6s | 735 req/s | results/2026-05-08_104424/dynamic/dy-gleam-index-1-15-2.csv
[0;36m[PROGRESS][0m 64/143 (44%) | elapsed 1h22m | ETA ~1h41m | remaining 79 | dynamic HTTP | dy-gleam-index-1-15-2 | level 12/13 | 70000 requests
[0;35m[MEASURE][0m dy-gleam-index-1-15-2 | Docker start + HTTP readiness wait …
[0;35m[MEASURE][0m dy-gleam-index-1-15-2 | Scaphandre power sampling + HTTP load | 70000 GET → http://localhost:8001/
[0;35m[MEASURE][0m dy-gleam-index-1-15-2 | HTTP requests 39729/70000 (60s elapsed)
[0;35m[MEASURE][0m dy-gleam-index-1-15-2 | stopping Scaphandre + appending CSV …
[0;35m[MEASURE][0m dy-gleam-index-1-15-2 | 56463/70000 | 96.3s | 727 req/s | results/2026-05-08_104424/dynamic/dy-gleam-index-1-15-2.csv
[0;36m[PROGRESS][0m 65/143 (45%) | elapsed 1h25m | ETA ~1h42m | remaining 78 | dynamic HTTP | dy-gleam-index-1-15-2 | level 13/13 | 80000 requests
[0;35m[MEASURE][0m dy-gleam-index-1-15-2 | Docker start + HTTP readiness wait …
[0;35m[MEASURE][0m dy-gleam-index-1-15-2 | Scaphandre power sampling + HTTP load | 80000 GET → http://localhost:8001/
[0;35m[MEASURE][0m dy-gleam-index-1-15-2 | HTTP requests 40040/80000 (60s elapsed)
[0;35m[MEASURE][0m dy-gleam-index-1-15-2 | HTTP requests 78820/80000 (120s elapsed)
[0;35m[MEASURE][0m dy-gleam-index-1-15-2 | stopping Scaphandre + appending CSV …
[0;35m[MEASURE][0m dy-gleam-index-1-15-2 | 56901/80000 | 122.4s | 653 req/s | results/2026-05-08_104424/dynamic/dy-gleam-index-1-15-2.csv
[0;34mRunning dynamic tests for dy-gleam-pure-1-15-2 on port 8001[0m (6/11)
[0;36m[PROGRESS][0m 66/143 (46%) | elapsed 1h28m | ETA ~1h42m | remaining 77 | dynamic HTTP | dy-gleam-pure-1-15-2 | level 1/13 | 100 requests
[0;35m[MEASURE][0m dy-gleam-pure-1-15-2 | Docker start + HTTP readiness wait …
[0;35m[MEASURE][0m dy-gleam-pure-1-15-2 | Scaphandre power sampling + HTTP load | 100 GET → http://localhost:8001/
[0;35m[MEASURE][0m dy-gleam-pure-1-15-2 | stopping Scaphandre + appending CSV …
[0;35m[MEASURE][0m dy-gleam-pure-1-15-2 | [0;32m100/100 ok[0m | 0.2s | 461 req/s | results/2026-05-08_104424/dynamic/dy-gleam-pure-1-15-2.csv
[0;36m[PROGRESS][0m 67/143 (46%) | elapsed 1h28m | ETA ~1h40m | remaining 76 | dynamic HTTP | dy-gleam-pure-1-15-2 | level 2/13 | 1000 requests
[0;35m[MEASURE][0m dy-gleam-pure-1-15-2 | Docker start + HTTP readiness wait …
[0;35m[MEASURE][0m dy-gleam-pure-1-15-2 | Scaphandre power sampling + HTTP load | 1000 GET → http://localhost:8001/
[0;35m[MEASURE][0m dy-gleam-pure-1-15-2 | stopping Scaphandre + appending CSV …
[0;35m[MEASURE][0m dy-gleam-pure-1-15-2 | [0;32m1000/1000 ok[0m | 0.7s | 1383 req/s | results/2026-05-08_104424/dynamic/dy-gleam-pure-1-15-2.csv
[0;36m[PROGRESS][0m 68/143 (47%) | elapsed 1h29m | ETA ~1h39m | remaining 75 | dynamic HTTP | dy-gleam-pure-1-15-2 | level 3/13 | 5000 requests
[0;35m[MEASURE][0m dy-gleam-pure-1-15-2 | Docker start + HTTP readiness wait …
[0;35m[MEASURE][0m dy-gleam-pure-1-15-2 | Scaphandre power sampling + HTTP load | 5000 GET → http://localhost:8001/
[0;35m[MEASURE][0m dy-gleam-pure-1-15-2 | stopping Scaphandre + appending CSV …
[0;35m[MEASURE][0m dy-gleam-pure-1-15-2 | [0;32m5000/5000 ok[0m | 4.3s | 1171 req/s | results/2026-05-08_104424/dynamic/dy-gleam-pure-1-15-2.csv
[0;36m[PROGRESS][0m 69/143 (48%) | elapsed 1h30m | ETA ~1h37m | remaining 74 | dynamic HTTP | dy-gleam-pure-1-15-2 | level 4/13 | 8000 requests
[0;35m[MEASURE][0m dy-gleam-pure-1-15-2 | Docker start + HTTP readiness wait …
[0;35m[MEASURE][0m dy-gleam-pure-1-15-2 | Scaphandre power sampling + HTTP load | 8000 GET → http://localhost:8001/
[0;35m[MEASURE][0m dy-gleam-pure-1-15-2 | stopping Scaphandre + appending CSV …
[0;35m[MEASURE][0m dy-gleam-pure-1-15-2 | [0;32m8000/8000 ok[0m | 6.5s | 1233 req/s | results/2026-05-08_104424/dynamic/dy-gleam-pure-1-15-2.csv
[0;36m[PROGRESS][0m 70/143 (48%) | elapsed 1h31m | ETA ~1h35m | remaining 73 | dynamic HTTP | dy-gleam-pure-1-15-2 | level 5/13 | 10000 requests
[0;35m[MEASURE][0m dy-gleam-pure-1-15-2 | Docker start + HTTP readiness wait …
[0;35m[MEASURE][0m dy-gleam-pure-1-15-2 | Scaphandre power sampling + HTTP load | 10000 GET → http://localhost:8001/
[0;35m[MEASURE][0m dy-gleam-pure-1-15-2 | stopping Scaphandre + appending CSV …
[0;35m[MEASURE][0m dy-gleam-pure-1-15-2 | [0;32m10000/10000 ok[0m | 8.4s | 1185 req/s | results/2026-05-08_104424/dynamic/dy-gleam-pure-1-15-2.csv
[0;36m[PROGRESS][0m 71/143 (49%) | elapsed 1h32m | ETA ~1h34m | remaining 72 | dynamic HTTP | dy-gleam-pure-1-15-2 | level 6/13 | 15000 requests
[0;35m[MEASURE][0m dy-gleam-pure-1-15-2 | Docker start + HTTP readiness wait …
[0;35m[MEASURE][0m dy-gleam-pure-1-15-2 | Scaphandre power sampling + HTTP load | 15000 GET → http://localhost:8001/
[0;35m[MEASURE][0m dy-gleam-pure-1-15-2 | stopping Scaphandre + appending CSV …
[0;35m[MEASURE][0m dy-gleam-pure-1-15-2 | [0;32m15000/15000 ok[0m | 12.9s | 1162 req/s | results/2026-05-08_104424/dynamic/dy-gleam-pure-1-15-2.csv
[0;36m[PROGRESS][0m 72/143 (50%) | elapsed 1h34m | ETA ~1h32m | remaining 71 | dynamic HTTP | dy-gleam-pure-1-15-2 | level 7/13 | 20000 requests
[0;35m[MEASURE][0m dy-gleam-pure-1-15-2 | Docker start + HTTP readiness wait …
[0;35m[MEASURE][0m dy-gleam-pure-1-15-2 | Scaphandre power sampling + HTTP load | 20000 GET → http://localhost:8001/
[0;35m[MEASURE][0m dy-gleam-pure-1-15-2 | stopping Scaphandre + appending CSV …
[0;35m[MEASURE][0m dy-gleam-pure-1-15-2 | [0;32m20000/20000 ok[0m | 18.4s | 1089 req/s | results/2026-05-08_104424/dynamic/dy-gleam-pure-1-15-2.csv
[0;36m[PROGRESS][0m 73/143 (51%) | elapsed 1h35m | ETA ~1h31m | remaining 70 | dynamic HTTP | dy-gleam-pure-1-15-2 | level 8/13 | 30000 requests
[0;35m[MEASURE][0m dy-gleam-pure-1-15-2 | Docker start + HTTP readiness wait …
[0;35m[MEASURE][0m dy-gleam-pure-1-15-2 | Scaphandre power sampling + HTTP load | 30000 GET → http://localhost:8001/
[0;35m[MEASURE][0m dy-gleam-pure-1-15-2 | stopping Scaphandre + appending CSV …
[0;35m[MEASURE][0m dy-gleam-pure-1-15-2 | 28231/30000 | 31.8s | 944 req/s | results/2026-05-08_104424/dynamic/dy-gleam-pure-1-15-2.csv
[0;36m[PROGRESS][0m 74/143 (51%) | elapsed 1h36m | ETA ~1h30m | remaining 69 | dynamic HTTP | dy-gleam-pure-1-15-2 | level 9/13 | 40000 requests
[0;35m[MEASURE][0m dy-gleam-pure-1-15-2 | Docker start + HTTP readiness wait …
[0;35m[MEASURE][0m dy-gleam-pure-1-15-2 | Scaphandre power sampling + HTTP load | 40000 GET → http://localhost:8001/
[0;35m[MEASURE][0m dy-gleam-pure-1-15-2 | stopping Scaphandre + appending CSV …
[0;35m[MEASURE][0m dy-gleam-pure-1-15-2 | 28232/40000 | 58.2s | 687 req/s | results/2026-05-08_104424/dynamic/dy-gleam-pure-1-15-2.csv
[0;36m[PROGRESS][0m 75/143 (52%) | elapsed 1h38m | ETA ~1h29m | remaining 68 | dynamic HTTP | dy-gleam-pure-1-15-2 | level 10/13 | 50000 requests
[0;35m[MEASURE][0m dy-gleam-pure-1-15-2 | Docker start + HTTP readiness wait …
[0;35m[MEASURE][0m dy-gleam-pure-1-15-2 | Scaphandre power sampling + HTTP load | 50000 GET → http://localhost:8001/
[0;35m[MEASURE][0m dy-gleam-pure-1-15-2 | HTTP requests 40297/50000 (60s elapsed)
[0;35m[MEASURE][0m dy-gleam-pure-1-15-2 | stopping Scaphandre + appending CSV …
[0;35m[MEASURE][0m dy-gleam-pure-1-15-2 | 37080/50000 | 70.1s | 714 req/s | results/2026-05-08_104424/dynamic/dy-gleam-pure-1-15-2.csv
[0;36m[PROGRESS][0m 76/143 (53%) | elapsed 1h40m | ETA ~1h28m | remaining 67 | dynamic HTTP | dy-gleam-pure-1-15-2 | level 11/13 | 60000 requests
[0;35m[MEASURE][0m dy-gleam-pure-1-15-2 | Docker start + HTTP readiness wait …
[0;35m[MEASURE][0m dy-gleam-pure-1-15-2 | Scaphandre power sampling + HTTP load | 60000 GET → http://localhost:8001/
[0;35m[MEASURE][0m dy-gleam-pure-1-15-2 | HTTP requests 40066/60000 (60s elapsed)
[0;35m[MEASURE][0m dy-gleam-pure-1-15-2 | stopping Scaphandre + appending CSV …
[0;35m[MEASURE][0m dy-gleam-pure-1-15-2 | 47264/60000 | 80.5s | 745 req/s | results/2026-05-08_104424/dynamic/dy-gleam-pure-1-15-2.csv
[0;36m[PROGRESS][0m 77/143 (53%) | elapsed 1h42m | ETA ~1h28m | remaining 66 | dynamic HTTP | dy-gleam-pure-1-15-2 | level 12/13 | 70000 requests
[0;35m[MEASURE][0m dy-gleam-pure-1-15-2 | Docker start + HTTP readiness wait …
[0;35m[MEASURE][0m dy-gleam-pure-1-15-2 | Scaphandre power sampling + HTTP load | 70000 GET → http://localhost:8001/
[0;35m[MEASURE][0m dy-gleam-pure-1-15-2 | HTTP requests 40057/70000 (60s elapsed)
[0;35m[MEASURE][0m dy-gleam-pure-1-15-2 | stopping Scaphandre + appending CSV …
[0;35m[MEASURE][0m dy-gleam-pure-1-15-2 | 56463/70000 | 94.2s | 743 req/s | results/2026-05-08_104424/dynamic/dy-gleam-pure-1-15-2.csv
[0;36m[PROGRESS][0m 78/143 (54%) | elapsed 1h45m | ETA ~1h27m | remaining 65 | dynamic HTTP | dy-gleam-pure-1-15-2 | level 13/13 | 80000 requests
[0;35m[MEASURE][0m dy-gleam-pure-1-15-2 | Docker start + HTTP readiness wait …
[0;35m[MEASURE][0m dy-gleam-pure-1-15-2 | Scaphandre power sampling + HTTP load | 80000 GET → http://localhost:8001/
[0;35m[MEASURE][0m dy-gleam-pure-1-15-2 | HTTP requests 40195/80000 (60s elapsed)
[0;35m[MEASURE][0m dy-gleam-pure-1-15-2 | HTTP requests 79264/80000 (120s elapsed)
[0;35m[MEASURE][0m dy-gleam-pure-1-15-2 | stopping Scaphandre + appending CSV …
[0;35m[MEASURE][0m dy-gleam-pure-1-15-2 | 56464/80000 | 122.0s | 656 req/s | results/2026-05-08_104424/dynamic/dy-gleam-pure-1-15-2.csv
[0;34mRunning dynamic tests for dy-gleam-mist-1-15-2 on port 8001[0m (7/11)
[0;36m[PROGRESS][0m 79/143 (55%) | elapsed 1h48m | ETA ~1h27m | remaining 64 | dynamic HTTP | dy-gleam-mist-1-15-2 | level 1/13 | 100 requests
[0;35m[MEASURE][0m dy-gleam-mist-1-15-2 | Docker start + HTTP readiness wait …
[0;35m[MEASURE][0m dy-gleam-mist-1-15-2 | Scaphandre power sampling + HTTP load | 100 GET → http://localhost:8001/
[0;35m[MEASURE][0m dy-gleam-mist-1-15-2 | stopping Scaphandre + appending CSV …
[0;35m[MEASURE][0m dy-gleam-mist-1-15-2 | [0;32m100/100 ok[0m | 0.2s | 554 req/s | results/2026-05-08_104424/dynamic/dy-gleam-mist-1-15-2.csv
[0;36m[PROGRESS][0m 80/143 (55%) | elapsed 1h49m | ETA ~1h26m | remaining 63 | dynamic HTTP | dy-gleam-mist-1-15-2 | level 2/13 | 1000 requests
[0;35m[MEASURE][0m dy-gleam-mist-1-15-2 | Docker start + HTTP readiness wait …
[0;35m[MEASURE][0m dy-gleam-mist-1-15-2 | Scaphandre power sampling + HTTP load | 1000 GET → http://localhost:8001/
[0;35m[MEASURE][0m dy-gleam-mist-1-15-2 | stopping Scaphandre + appending CSV …
[0;35m[MEASURE][0m dy-gleam-mist-1-15-2 | [0;32m1000/1000 ok[0m | 0.8s | 1326 req/s | results/2026-05-08_104424/dynamic/dy-gleam-mist-1-15-2.csv
[0;36m[PROGRESS][0m 81/143 (56%) | elapsed 1h50m | ETA ~1h24m | remaining 62 | dynamic HTTP | dy-gleam-mist-1-15-2 | level 3/13 | 5000 requests
[0;35m[MEASURE][0m dy-gleam-mist-1-15-2 | Docker start + HTTP readiness wait …
[0;35m[MEASURE][0m dy-gleam-mist-1-15-2 | Scaphandre power sampling + HTTP load | 5000 GET → http://localhost:8001/
[0;35m[MEASURE][0m dy-gleam-mist-1-15-2 | stopping Scaphandre + appending CSV …
[0;35m[MEASURE][0m dy-gleam-mist-1-15-2 | [0;32m5000/5000 ok[0m | 4.2s | 1182 req/s | results/2026-05-08_104424/dynamic/dy-gleam-mist-1-15-2.csv
[0;36m[PROGRESS][0m 82/143 (57%) | elapsed 1h51m | ETA ~1h22m | remaining 61 | dynamic HTTP | dy-gleam-mist-1-15-2 | level 4/13 | 8000 requests
[0;35m[MEASURE][0m dy-gleam-mist-1-15-2 | Docker start + HTTP readiness wait …
[0;35m[MEASURE][0m dy-gleam-mist-1-15-2 | Scaphandre power sampling + HTTP load | 8000 GET → http://localhost:8001/
[0;35m[MEASURE][0m dy-gleam-mist-1-15-2 | stopping Scaphandre + appending CSV …
[0;35m[MEASURE][0m dy-gleam-mist-1-15-2 | [0;32m8000/8000 ok[0m | 6.5s | 1228 req/s | results/2026-05-08_104424/dynamic/dy-gleam-mist-1-15-2.csv
[0;36m[PROGRESS][0m 83/143 (58%) | elapsed 1h52m | ETA ~1h21m | remaining 60 | dynamic HTTP | dy-gleam-mist-1-15-2 | level 5/13 | 10000 requests
[0;35m[MEASURE][0m dy-gleam-mist-1-15-2 | Docker start + HTTP readiness wait …
[0;35m[MEASURE][0m dy-gleam-mist-1-15-2 | Scaphandre power sampling + HTTP load | 10000 GET → http://localhost:8001/
[0;35m[MEASURE][0m dy-gleam-mist-1-15-2 | stopping Scaphandre + appending CSV …
[0;35m[MEASURE][0m dy-gleam-mist-1-15-2 | [0;32m10000/10000 ok[0m | 8.2s | 1222 req/s | results/2026-05-08_104424/dynamic/dy-gleam-mist-1-15-2.csv
[0;36m[PROGRESS][0m 84/143 (58%) | elapsed 1h53m | ETA ~1h19m | remaining 59 | dynamic HTTP | dy-gleam-mist-1-15-2 | level 6/13 | 15000 requests
[0;35m[MEASURE][0m dy-gleam-mist-1-15-2 | Docker start + HTTP readiness wait …
[0;35m[MEASURE][0m dy-gleam-mist-1-15-2 | Scaphandre power sampling + HTTP load | 15000 GET → http://localhost:8001/
[0;35m[MEASURE][0m dy-gleam-mist-1-15-2 | stopping Scaphandre + appending CSV …
[0;35m[MEASURE][0m dy-gleam-mist-1-15-2 | [0;32m15000/15000 ok[0m | 12.9s | 1162 req/s | results/2026-05-08_104424/dynamic/dy-gleam-mist-1-15-2.csv
[0;36m[PROGRESS][0m 85/143 (59%) | elapsed 1h54m | ETA ~1h18m | remaining 58 | dynamic HTTP | dy-gleam-mist-1-15-2 | level 7/13 | 20000 requests
[0;35m[MEASURE][0m dy-gleam-mist-1-15-2 | Docker start + HTTP readiness wait …
[0;35m[MEASURE][0m dy-gleam-mist-1-15-2 | Scaphandre power sampling + HTTP load | 20000 GET → http://localhost:8001/
[0;35m[MEASURE][0m dy-gleam-mist-1-15-2 | stopping Scaphandre + appending CSV …
[0;35m[MEASURE][0m dy-gleam-mist-1-15-2 | [0;32m20000/20000 ok[0m | 18.4s | 1089 req/s | results/2026-05-08_104424/dynamic/dy-gleam-mist-1-15-2.csv
[0;36m[PROGRESS][0m 86/143 (60%) | elapsed 1h55m | ETA ~1h16m | remaining 57 | dynamic HTTP | dy-gleam-mist-1-15-2 | level 8/13 | 30000 requests
[0;35m[MEASURE][0m dy-gleam-mist-1-15-2 | Docker start + HTTP readiness wait …
[0;35m[MEASURE][0m dy-gleam-mist-1-15-2 | Scaphandre power sampling + HTTP load | 30000 GET → http://localhost:8001/
[0;35m[MEASURE][0m dy-gleam-mist-1-15-2 | stopping Scaphandre + appending CSV …
[0;35m[MEASURE][0m dy-gleam-mist-1-15-2 | 28231/30000 | 32.1s | 935 req/s | results/2026-05-08_104424/dynamic/dy-gleam-mist-1-15-2.csv
[0;36m[PROGRESS][0m 87/143 (60%) | elapsed 1h57m | ETA ~1h15m | remaining 56 | dynamic HTTP | dy-gleam-mist-1-15-2 | level 9/13 | 40000 requests
[0;35m[MEASURE][0m dy-gleam-mist-1-15-2 | Docker start + HTTP readiness wait …
[0;35m[MEASURE][0m dy-gleam-mist-1-15-2 | Scaphandre power sampling + HTTP load | 40000 GET → http://localhost:8001/
[0;35m[MEASURE][0m dy-gleam-mist-1-15-2 | stopping Scaphandre + appending CSV …
[0;35m[MEASURE][0m dy-gleam-mist-1-15-2 | 28232/40000 | 58.8s | 680 req/s | results/2026-05-08_104424/dynamic/dy-gleam-mist-1-15-2.csv
[0;36m[PROGRESS][0m 88/143 (61%) | elapsed 1h59m | ETA ~1h14m | remaining 55 | dynamic HTTP | dy-gleam-mist-1-15-2 | level 10/13 | 50000 requests
[0;35m[MEASURE][0m dy-gleam-mist-1-15-2 | Docker start + HTTP readiness wait …
[0;35m[MEASURE][0m dy-gleam-mist-1-15-2 | Scaphandre power sampling + HTTP load | 50000 GET → http://localhost:8001/
[0;35m[MEASURE][0m dy-gleam-mist-1-15-2 | HTTP requests 40489/50000 (60s elapsed)
[0;35m[MEASURE][0m dy-gleam-mist-1-15-2 | stopping Scaphandre + appending CSV …
[0;35m[MEASURE][0m dy-gleam-mist-1-15-2 | 36869/50000 | 69.8s | 716 req/s | results/2026-05-08_104424/dynamic/dy-gleam-mist-1-15-2.csv
[0;36m[PROGRESS][0m 89/143 (62%) | elapsed 2h01m | ETA ~1h13m | remaining 54 | dynamic HTTP | dy-gleam-mist-1-15-2 | level 11/13 | 60000 requests
[0;35m[MEASURE][0m dy-gleam-mist-1-15-2 | Docker start + HTTP readiness wait …
[0;35m[MEASURE][0m dy-gleam-mist-1-15-2 | Scaphandre power sampling + HTTP load | 60000 GET → http://localhost:8001/
[0;35m[MEASURE][0m dy-gleam-mist-1-15-2 | HTTP requests 40120/60000 (60s elapsed)
[0;35m[MEASURE][0m dy-gleam-mist-1-15-2 | stopping Scaphandre + appending CSV …
[0;35m[MEASURE][0m dy-gleam-mist-1-15-2 | 47250/60000 | 80.6s | 745 req/s | results/2026-05-08_104424/dynamic/dy-gleam-mist-1-15-2.csv
[0;36m[PROGRESS][0m 90/143 (62%) | elapsed 2h03m | ETA ~1h12m | remaining 53 | dynamic HTTP | dy-gleam-mist-1-15-2 | level 12/13 | 70000 requests
[0;35m[MEASURE][0m dy-gleam-mist-1-15-2 | Docker start + HTTP readiness wait …
[0;35m[MEASURE][0m dy-gleam-mist-1-15-2 | Scaphandre power sampling + HTTP load | 70000 GET → http://localhost:8001/
[0;35m[MEASURE][0m dy-gleam-mist-1-15-2 | HTTP requests 40144/70000 (60s elapsed)
[0;35m[MEASURE][0m dy-gleam-mist-1-15-2 | stopping Scaphandre + appending CSV …
[0;35m[MEASURE][0m dy-gleam-mist-1-15-2 | 56463/70000 | 93.9s | 746 req/s | results/2026-05-08_104424/dynamic/dy-gleam-mist-1-15-2.csv
[0;36m[PROGRESS][0m 91/143 (63%) | elapsed 2h05m | ETA ~1h11m | remaining 52 | dynamic HTTP | dy-gleam-mist-1-15-2 | level 13/13 | 80000 requests
[0;35m[MEASURE][0m dy-gleam-mist-1-15-2 | Docker start + HTTP readiness wait …
[0;35m[MEASURE][0m dy-gleam-mist-1-15-2 | Scaphandre power sampling + HTTP load | 80000 GET → http://localhost:8001/
[0;35m[MEASURE][0m dy-gleam-mist-1-15-2 | HTTP requests 40125/80000 (60s elapsed)
[0;35m[MEASURE][0m dy-gleam-mist-1-15-2 | HTTP requests 79156/80000 (120s elapsed)
[0;35m[MEASURE][0m dy-gleam-mist-1-15-2 | stopping Scaphandre + appending CSV …
[0;35m[MEASURE][0m dy-gleam-mist-1-15-2 | 56464/80000 | 122.2s | 654 req/s | results/2026-05-08_104424/dynamic/dy-gleam-mist-1-15-2.csv
[0;34mRunning dynamic tests for dy-erlang-index-28-4-3 on port 8001[0m (8/11)
[0;36m[PROGRESS][0m 92/143 (64%) | elapsed 2h08m | ETA ~1h11m | remaining 51 | dynamic HTTP | dy-erlang-index-28-4-3 | level 1/13 | 100 requests
[0;35m[MEASURE][0m dy-erlang-index-28-4-3 | Docker start + HTTP readiness wait …
[0;35m[MEASURE][0m dy-erlang-index-28-4-3 | Scaphandre power sampling + HTTP load | 100 GET → http://localhost:8001/
[0;35m[MEASURE][0m dy-erlang-index-28-4-3 | stopping Scaphandre + appending CSV …
[0;35m[MEASURE][0m dy-erlang-index-28-4-3 | [0;32m100/100 ok[0m | 1.5s | 65 req/s | results/2026-05-08_104424/dynamic/dy-erlang-index-28-4-3.csv
[0;36m[PROGRESS][0m 93/143 (65%) | elapsed 2h09m | ETA ~1h09m | remaining 50 | dynamic HTTP | dy-erlang-index-28-4-3 | level 2/13 | 1000 requests
[0;35m[MEASURE][0m dy-erlang-index-28-4-3 | Docker start + HTTP readiness wait …
[0;35m[MEASURE][0m dy-erlang-index-28-4-3 | Scaphandre power sampling + HTTP load | 1000 GET → http://localhost:8001/
[0;35m[MEASURE][0m dy-erlang-index-28-4-3 | stopping Scaphandre + appending CSV …
[0;35m[MEASURE][0m dy-erlang-index-28-4-3 | [0;32m1000/1000 ok[0m | 4.5s | 224 req/s | results/2026-05-08_104424/dynamic/dy-erlang-index-28-4-3.csv
[0;36m[PROGRESS][0m 94/143 (65%) | elapsed 2h10m | ETA ~1h08m | remaining 49 | dynamic HTTP | dy-erlang-index-28-4-3 | level 3/13 | 5000 requests
[0;35m[MEASURE][0m dy-erlang-index-28-4-3 | Docker start + HTTP readiness wait …
[0;35m[MEASURE][0m dy-erlang-index-28-4-3 | Scaphandre power sampling + HTTP load | 5000 GET → http://localhost:8001/
[0;35m[MEASURE][0m dy-erlang-index-28-4-3 | stopping Scaphandre + appending CSV …
[0;35m[MEASURE][0m dy-erlang-index-28-4-3 | [0;32m5000/5000 ok[0m | 3.9s | 1284 req/s | results/2026-05-08_104424/dynamic/dy-erlang-index-28-4-3.csv
[0;36m[PROGRESS][0m 95/143 (66%) | elapsed 2h11m | ETA ~1h06m | remaining 48 | dynamic HTTP | dy-erlang-index-28-4-3 | level 4/13 | 8000 requests
[0;35m[MEASURE][0m dy-erlang-index-28-4-3 | Docker start + HTTP readiness wait …
[0;35m[MEASURE][0m dy-erlang-index-28-4-3 | Scaphandre power sampling + HTTP load | 8000 GET → http://localhost:8001/
[0;35m[MEASURE][0m dy-erlang-index-28-4-3 | stopping Scaphandre + appending CSV …
[0;35m[MEASURE][0m dy-erlang-index-28-4-3 | [0;32m8000/8000 ok[0m | 6.6s | 1214 req/s | results/2026-05-08_104424/dynamic/dy-erlang-index-28-4-3.csv
[0;36m[PROGRESS][0m 96/143 (67%) | elapsed 2h12m | ETA ~1h04m | remaining 47 | dynamic HTTP | dy-erlang-index-28-4-3 | level 5/13 | 10000 requests
[0;35m[MEASURE][0m dy-erlang-index-28-4-3 | Docker start + HTTP readiness wait …
[0;35m[MEASURE][0m dy-erlang-index-28-4-3 | Scaphandre power sampling + HTTP load | 10000 GET → http://localhost:8001/
[0;35m[MEASURE][0m dy-erlang-index-28-4-3 | stopping Scaphandre + appending CSV …
[0;35m[MEASURE][0m dy-erlang-index-28-4-3 | 9996/10000 | 8.0s | 1254 req/s | results/2026-05-08_104424/dynamic/dy-erlang-index-28-4-3.csv
[0;36m[PROGRESS][0m 97/143 (67%) | elapsed 2h13m | ETA ~1h03m | remaining 46 | dynamic HTTP | dy-erlang-index-28-4-3 | level 6/13 | 15000 requests
[0;35m[MEASURE][0m dy-erlang-index-28-4-3 | Docker start + HTTP readiness wait …
[0;35m[MEASURE][0m dy-erlang-index-28-4-3 | Scaphandre power sampling + HTTP load | 15000 GET → http://localhost:8001/
[0;35m[MEASURE][0m dy-erlang-index-28-4-3 | stopping Scaphandre + appending CSV …
[0;35m[MEASURE][0m dy-erlang-index-28-4-3 | [0;32m15000/15000 ok[0m | 12.5s | 1195 req/s | results/2026-05-08_104424/dynamic/dy-erlang-index-28-4-3.csv
[0;36m[PROGRESS][0m 98/143 (68%) | elapsed 2h14m | ETA ~1h01m | remaining 45 | dynamic HTTP | dy-erlang-index-28-4-3 | level 7/13 | 20000 requests
[0;35m[MEASURE][0m dy-erlang-index-28-4-3 | Docker start + HTTP readiness wait …
[0;35m[MEASURE][0m dy-erlang-index-28-4-3 | Scaphandre power sampling + HTTP load | 20000 GET → http://localhost:8001/
[0;35m[MEASURE][0m dy-erlang-index-28-4-3 | stopping Scaphandre + appending CSV …
[0;35m[MEASURE][0m dy-erlang-index-28-4-3 | [0;32m20000/20000 ok[0m | 17.8s | 1126 req/s | results/2026-05-08_104424/dynamic/dy-erlang-index-28-4-3.csv
[0;36m[PROGRESS][0m 99/143 (69%) | elapsed 2h15m | ETA ~1h00m | remaining 44 | dynamic HTTP | dy-erlang-index-28-4-3 | level 8/13 | 30000 requests
[0;35m[MEASURE][0m dy-erlang-index-28-4-3 | Docker start + HTTP readiness wait …
[0;35m[MEASURE][0m dy-erlang-index-28-4-3 | Scaphandre power sampling + HTTP load | 30000 GET → http://localhost:8001/
[0;35m[MEASURE][0m dy-erlang-index-28-4-3 | stopping Scaphandre + appending CSV …
[0;35m[MEASURE][0m dy-erlang-index-28-4-3 | [0;32m30000/30000 ok[0m | 26.0s | 1156 req/s | results/2026-05-08_104424/dynamic/dy-erlang-index-28-4-3.csv
[0;36m[PROGRESS][0m 100/143 (69%) | elapsed 2h16m | ETA ~58m | remaining 43 | dynamic HTTP | dy-erlang-index-28-4-3 | level 9/13 | 40000 requests
[0;35m[MEASURE][0m dy-erlang-index-28-4-3 | Docker start + HTTP readiness wait …
[0;35m[MEASURE][0m dy-erlang-index-28-4-3 | Scaphandre power sampling + HTTP load | 40000 GET → http://localhost:8001/
[0;35m[MEASURE][0m dy-erlang-index-28-4-3 | stopping Scaphandre + appending CSV …
[0;35m[MEASURE][0m dy-erlang-index-28-4-3 | [0;32m40000/40000 ok[0m | 35.2s | 1136 req/s | results/2026-05-08_104424/dynamic/dy-erlang-index-28-4-3.csv
[0;36m[PROGRESS][0m 101/143 (70%) | elapsed 2h17m | ETA ~57m | remaining 42 | dynamic HTTP | dy-erlang-index-28-4-3 | level 10/13 | 50000 requests
[0;35m[MEASURE][0m dy-erlang-index-28-4-3 | Docker start + HTTP readiness wait …
[0;35m[MEASURE][0m dy-erlang-index-28-4-3 | Scaphandre power sampling + HTTP load | 50000 GET → http://localhost:8001/
[0;35m[MEASURE][0m dy-erlang-index-28-4-3 | stopping Scaphandre + appending CSV …
[0;35m[MEASURE][0m dy-erlang-index-28-4-3 | 49955/50000 | 44.2s | 1132 req/s | results/2026-05-08_104424/dynamic/dy-erlang-index-28-4-3.csv
[0;36m[PROGRESS][0m 102/143 (71%) | elapsed 2h19m | ETA ~55m | remaining 41 | dynamic HTTP | dy-erlang-index-28-4-3 | level 11/13 | 60000 requests
[0;35m[MEASURE][0m dy-erlang-index-28-4-3 | Docker start + HTTP readiness wait …
[0;35m[MEASURE][0m dy-erlang-index-28-4-3 | Scaphandre power sampling + HTTP load | 60000 GET → http://localhost:8001/
[0;35m[MEASURE][0m dy-erlang-index-28-4-3 | stopping Scaphandre + appending CSV …
[0;35m[MEASURE][0m dy-erlang-index-28-4-3 | 59972/60000 | 55.3s | 1086 req/s | results/2026-05-08_104424/dynamic/dy-erlang-index-28-4-3.csv
[0;36m[PROGRESS][0m 103/143 (72%) | elapsed 2h20m | ETA ~54m | remaining 40 | dynamic HTTP | dy-erlang-index-28-4-3 | level 12/13 | 70000 requests
[0;35m[MEASURE][0m dy-erlang-index-28-4-3 | Docker start + HTTP readiness wait …
[0;35m[MEASURE][0m dy-erlang-index-28-4-3 | Scaphandre power sampling + HTTP load | 70000 GET → http://localhost:8001/
[0;35m[MEASURE][0m dy-erlang-index-28-4-3 | HTTP requests 64294/70000 (60s elapsed)
[0;35m[MEASURE][0m dy-erlang-index-28-4-3 | stopping Scaphandre + appending CSV …
[0;35m[MEASURE][0m dy-erlang-index-28-4-3 | 69899/70000 | 68.7s | 1019 req/s | results/2026-05-08_104424/dynamic/dy-erlang-index-28-4-3.csv
[0;36m[PROGRESS][0m 104/143 (72%) | elapsed 2h22m | ETA ~53m | remaining 39 | dynamic HTTP | dy-erlang-index-28-4-3 | level 13/13 | 80000 requests
[0;35m[MEASURE][0m dy-erlang-index-28-4-3 | Docker start + HTTP readiness wait …
[0;35m[MEASURE][0m dy-erlang-index-28-4-3 | Scaphandre power sampling + HTTP load | 80000 GET → http://localhost:8001/
[0;35m[MEASURE][0m dy-erlang-index-28-4-3 | HTTP requests 64146/80000 (60s elapsed)
[0;35m[MEASURE][0m dy-erlang-index-28-4-3 | stopping Scaphandre + appending CSV …
[0;35m[MEASURE][0m dy-erlang-index-28-4-3 | 79918/80000 | 84.5s | 947 req/s | results/2026-05-08_104424/dynamic/dy-erlang-index-28-4-3.csv
[0;34mRunning dynamic tests for dy-erlang-yaws-28-4-3 on port 8001[0m (9/11)
[0;36m[PROGRESS][0m 105/143 (73%) | elapsed 2h24m | ETA ~52m | remaining 38 | dynamic HTTP | dy-erlang-yaws-28-4-3 | level 1/13 | 100 requests
[0;35m[MEASURE][0m dy-erlang-yaws-28-4-3 | Docker start + HTTP readiness wait …
[0;35m[MEASURE][0m dy-erlang-yaws-28-4-3 | Scaphandre power sampling + HTTP load | 100 GET → http://localhost:8001/
[0;35m[MEASURE][0m dy-erlang-yaws-28-4-3 | stopping Scaphandre + appending CSV …
[0;35m[MEASURE][0m dy-erlang-yaws-28-4-3 | [0;32m100/100 ok[0m | 0.1s | 690 req/s | results/2026-05-08_104424/dynamic/dy-erlang-yaws-28-4-3.csv
[0;36m[PROGRESS][0m 106/143 (74%) | elapsed 2h25m | ETA ~50m | remaining 37 | dynamic HTTP | dy-erlang-yaws-28-4-3 | level 2/13 | 1000 requests
[0;35m[MEASURE][0m dy-erlang-yaws-28-4-3 | Docker start + HTTP readiness wait …
[0;35m[MEASURE][0m dy-erlang-yaws-28-4-3 | Scaphandre power sampling + HTTP load | 1000 GET → http://localhost:8001/
[0;35m[MEASURE][0m dy-erlang-yaws-28-4-3 | stopping Scaphandre + appending CSV …
[0;35m[MEASURE][0m dy-erlang-yaws-28-4-3 | [0;32m1000/1000 ok[0m | 0.9s | 1112 req/s | results/2026-05-08_104424/dynamic/dy-erlang-yaws-28-4-3.csv
[0;36m[PROGRESS][0m 107/143 (74%) | elapsed 2h26m | ETA ~49m | remaining 36 | dynamic HTTP | dy-erlang-yaws-28-4-3 | level 3/13 | 5000 requests
[0;35m[MEASURE][0m dy-erlang-yaws-28-4-3 | Docker start + HTTP readiness wait …
[0;35m[MEASURE][0m dy-erlang-yaws-28-4-3 | Scaphandre power sampling + HTTP load | 5000 GET → http://localhost:8001/
[0;35m[MEASURE][0m dy-erlang-yaws-28-4-3 | stopping Scaphandre + appending CSV …
[0;35m[MEASURE][0m dy-erlang-yaws-28-4-3 | [0;32m5000/5000 ok[0m | 3.9s | 1286 req/s | results/2026-05-08_104424/dynamic/dy-erlang-yaws-28-4-3.csv
[0;36m[PROGRESS][0m 108/143 (75%) | elapsed 2h27m | ETA ~47m | remaining 35 | dynamic HTTP | dy-erlang-yaws-28-4-3 | level 4/13 | 8000 requests
[0;35m[MEASURE][0m dy-erlang-yaws-28-4-3 | Docker start + HTTP readiness wait …
[0;35m[MEASURE][0m dy-erlang-yaws-28-4-3 | Scaphandre power sampling + HTTP load | 8000 GET → http://localhost:8001/
[0;35m[MEASURE][0m dy-erlang-yaws-28-4-3 | stopping Scaphandre + appending CSV …
[0;35m[MEASURE][0m dy-erlang-yaws-28-4-3 | [0;32m8000/8000 ok[0m | 6.3s | 1265 req/s | results/2026-05-08_104424/dynamic/dy-erlang-yaws-28-4-3.csv
[0;36m[PROGRESS][0m 109/143 (76%) | elapsed 2h28m | ETA ~46m | remaining 34 | dynamic HTTP | dy-erlang-yaws-28-4-3 | level 5/13 | 10000 requests
[0;35m[MEASURE][0m dy-erlang-yaws-28-4-3 | Docker start + HTTP readiness wait …
[0;35m[MEASURE][0m dy-erlang-yaws-28-4-3 | Scaphandre power sampling + HTTP load | 10000 GET → http://localhost:8001/
[0;35m[MEASURE][0m dy-erlang-yaws-28-4-3 | stopping Scaphandre + appending CSV …
[0;35m[MEASURE][0m dy-erlang-yaws-28-4-3 | [0;32m10000/10000 ok[0m | 8.4s | 1196 req/s | results/2026-05-08_104424/dynamic/dy-erlang-yaws-28-4-3.csv
[0;36m[PROGRESS][0m 110/143 (76%) | elapsed 2h29m | ETA ~44m | remaining 33 | dynamic HTTP | dy-erlang-yaws-28-4-3 | level 6/13 | 15000 requests
[0;35m[MEASURE][0m dy-erlang-yaws-28-4-3 | Docker start + HTTP readiness wait …
[0;35m[MEASURE][0m dy-erlang-yaws-28-4-3 | Scaphandre power sampling + HTTP load | 15000 GET → http://localhost:8001/
[0;35m[MEASURE][0m dy-erlang-yaws-28-4-3 | stopping Scaphandre + appending CSV …
[0;35m[MEASURE][0m dy-erlang-yaws-28-4-3 | [0;32m15000/15000 ok[0m | 12.8s | 1168 req/s | results/2026-05-08_104424/dynamic/dy-erlang-yaws-28-4-3.csv
[0;36m[PROGRESS][0m 111/143 (77%) | elapsed 2h30m | ETA ~43m | remaining 32 | dynamic HTTP | dy-erlang-yaws-28-4-3 | level 7/13 | 20000 requests
[0;35m[MEASURE][0m dy-erlang-yaws-28-4-3 | Docker start + HTTP readiness wait …
[0;35m[MEASURE][0m dy-erlang-yaws-28-4-3 | Scaphandre power sampling + HTTP load | 20000 GET → http://localhost:8001/
[0;35m[MEASURE][0m dy-erlang-yaws-28-4-3 | stopping Scaphandre + appending CSV …
[0;35m[MEASURE][0m dy-erlang-yaws-28-4-3 | [0;32m20000/20000 ok[0m | 18.3s | 1095 req/s | results/2026-05-08_104424/dynamic/dy-erlang-yaws-28-4-3.csv
[0;36m[PROGRESS][0m 112/143 (78%) | elapsed 2h32m | ETA ~42m | remaining 31 | dynamic HTTP | dy-erlang-yaws-28-4-3 | level 8/13 | 30000 requests
[0;35m[MEASURE][0m dy-erlang-yaws-28-4-3 | Docker start + HTTP readiness wait …
[0;35m[MEASURE][0m dy-erlang-yaws-28-4-3 | Scaphandre power sampling + HTTP load | 30000 GET → http://localhost:8001/
[0;35m[MEASURE][0m dy-erlang-yaws-28-4-3 | stopping Scaphandre + appending CSV …
[0;35m[MEASURE][0m dy-erlang-yaws-28-4-3 | 28231/30000 | 32.3s | 928 req/s | results/2026-05-08_104424/dynamic/dy-erlang-yaws-28-4-3.csv
[0;36m[PROGRESS][0m 113/143 (79%) | elapsed 2h33m | ETA ~40m | remaining 30 | dynamic HTTP | dy-erlang-yaws-28-4-3 | level 9/13 | 40000 requests
[0;35m[MEASURE][0m dy-erlang-yaws-28-4-3 | Docker start + HTTP readiness wait …
[0;35m[MEASURE][0m dy-erlang-yaws-28-4-3 | Scaphandre power sampling + HTTP load | 40000 GET → http://localhost:8001/
[0;35m[MEASURE][0m dy-erlang-yaws-28-4-3 | stopping Scaphandre + appending CSV …
[0;35m[MEASURE][0m dy-erlang-yaws-28-4-3 | 28232/40000 | 58.9s | 679 req/s | results/2026-05-08_104424/dynamic/dy-erlang-yaws-28-4-3.csv
[0;36m[PROGRESS][0m 114/143 (79%) | elapsed 2h35m | ETA ~39m | remaining 29 | dynamic HTTP | dy-erlang-yaws-28-4-3 | level 10/13 | 50000 requests
[0;35m[MEASURE][0m dy-erlang-yaws-28-4-3 | Docker start + HTTP readiness wait …
[0;35m[MEASURE][0m dy-erlang-yaws-28-4-3 | Scaphandre power sampling + HTTP load | 50000 GET → http://localhost:8001/
[0;35m[MEASURE][0m dy-erlang-yaws-28-4-3 | HTTP requests 40378/50000 (60s elapsed)
[0;35m[MEASURE][0m dy-erlang-yaws-28-4-3 | stopping Scaphandre + appending CSV …
[0;35m[MEASURE][0m dy-erlang-yaws-28-4-3 | 37037/50000 | 70.1s | 713 req/s | results/2026-05-08_104424/dynamic/dy-erlang-yaws-28-4-3.csv
[0;36m[PROGRESS][0m 115/143 (80%) | elapsed 2h37m | ETA ~38m | remaining 28 | dynamic HTTP | dy-erlang-yaws-28-4-3 | level 11/13 | 60000 requests
[0;35m[MEASURE][0m dy-erlang-yaws-28-4-3 | Docker start + HTTP readiness wait …
[0;35m[MEASURE][0m dy-erlang-yaws-28-4-3 | Scaphandre power sampling + HTTP load | 60000 GET → http://localhost:8001/
[0;35m[MEASURE][0m dy-erlang-yaws-28-4-3 | HTTP requests 40235/60000 (60s elapsed)
[0;35m[MEASURE][0m dy-erlang-yaws-28-4-3 | stopping Scaphandre + appending CSV …
[0;35m[MEASURE][0m dy-erlang-yaws-28-4-3 | 47167/60000 | 80.9s | 742 req/s | results/2026-05-08_104424/dynamic/dy-erlang-yaws-28-4-3.csv
[0;36m[PROGRESS][0m 116/143 (81%) | elapsed 2h39m | ETA ~37m | remaining 27 | dynamic HTTP | dy-erlang-yaws-28-4-3 | level 12/13 | 70000 requests
[0;35m[MEASURE][0m dy-erlang-yaws-28-4-3 | Docker start + HTTP readiness wait …
[0;35m[MEASURE][0m dy-erlang-yaws-28-4-3 | Scaphandre power sampling + HTTP load | 70000 GET → http://localhost:8001/
[0;35m[MEASURE][0m dy-erlang-yaws-28-4-3 | HTTP requests 40028/70000 (60s elapsed)
[0;35m[MEASURE][0m dy-erlang-yaws-28-4-3 | stopping Scaphandre + appending CSV …
[0;35m[MEASURE][0m dy-erlang-yaws-28-4-3 | 56463/70000 | 95.6s | 732 req/s | results/2026-05-08_104424/dynamic/dy-erlang-yaws-28-4-3.csv
[0;36m[PROGRESS][0m 117/143 (81%) | elapsed 2h42m | ETA ~36m | remaining 26 | dynamic HTTP | dy-erlang-yaws-28-4-3 | level 13/13 | 80000 requests
[0;35m[MEASURE][0m dy-erlang-yaws-28-4-3 | Docker start + HTTP readiness wait …
[0;35m[MEASURE][0m dy-erlang-yaws-28-4-3 | Scaphandre power sampling + HTTP load | 80000 GET → http://localhost:8001/
[0;35m[MEASURE][0m dy-erlang-yaws-28-4-3 | HTTP requests 40071/80000 (60s elapsed)
[0;35m[MEASURE][0m dy-erlang-yaws-28-4-3 | HTTP requests 78609/80000 (120s elapsed)
[0;35m[MEASURE][0m dy-erlang-yaws-28-4-3 | stopping Scaphandre + appending CSV …
[0;35m[MEASURE][0m dy-erlang-yaws-28-4-3 | 56654/80000 | 123.5s | 648 req/s | results/2026-05-08_104424/dynamic/dy-erlang-yaws-28-4-3.csv
[0;34mRunning dynamic tests for dy-erlang-cowboy-28-4-3 on port 8001[0m (10/11)
[0;36m[PROGRESS][0m 118/143 (82%) | elapsed 2h45m | ETA ~35m | remaining 25 | dynamic HTTP | dy-erlang-cowboy-28-4-3 | level 1/13 | 100 requests
[0;35m[MEASURE][0m dy-erlang-cowboy-28-4-3 | Docker start + HTTP readiness wait …
[0;35m[MEASURE][0m dy-erlang-cowboy-28-4-3 | Scaphandre power sampling + HTTP load | 100 GET → http://localhost:8001/
[0;35m[MEASURE][0m dy-erlang-cowboy-28-4-3 | stopping Scaphandre + appending CSV …
[0;35m[MEASURE][0m dy-erlang-cowboy-28-4-3 | [0;32m100/100 ok[0m | 0.2s | 564 req/s | results/2026-05-08_104424/dynamic/dy-erlang-cowboy-28-4-3.csv
[0;36m[PROGRESS][0m 119/143 (83%) | elapsed 2h46m | ETA ~33m | remaining 24 | dynamic HTTP | dy-erlang-cowboy-28-4-3 | level 2/13 | 1000 requests
[0;35m[MEASURE][0m dy-erlang-cowboy-28-4-3 | Docker start + HTTP readiness wait …
[0;35m[MEASURE][0m dy-erlang-cowboy-28-4-3 | Scaphandre power sampling + HTTP load | 1000 GET → http://localhost:8001/
[0;35m[MEASURE][0m dy-erlang-cowboy-28-4-3 | stopping Scaphandre + appending CSV …
[0;35m[MEASURE][0m dy-erlang-cowboy-28-4-3 | [0;32m1000/1000 ok[0m | 0.8s | 1309 req/s | results/2026-05-08_104424/dynamic/dy-erlang-cowboy-28-4-3.csv
[0;36m[PROGRESS][0m 120/143 (83%) | elapsed 2h46m | ETA ~31m | remaining 23 | dynamic HTTP | dy-erlang-cowboy-28-4-3 | level 3/13 | 5000 requests
[0;35m[MEASURE][0m dy-erlang-cowboy-28-4-3 | Docker start + HTTP readiness wait …
[0;35m[MEASURE][0m dy-erlang-cowboy-28-4-3 | Scaphandre power sampling + HTTP load | 5000 GET → http://localhost:8001/
[0;35m[MEASURE][0m dy-erlang-cowboy-28-4-3 | stopping Scaphandre + appending CSV …
[0;35m[MEASURE][0m dy-erlang-cowboy-28-4-3 | [0;32m5000/5000 ok[0m | 4.0s | 1255 req/s | results/2026-05-08_104424/dynamic/dy-erlang-cowboy-28-4-3.csv
[0;36m[PROGRESS][0m 121/143 (84%) | elapsed 2h47m | ETA ~30m | remaining 22 | dynamic HTTP | dy-erlang-cowboy-28-4-3 | level 4/13 | 8000 requests
[0;35m[MEASURE][0m dy-erlang-cowboy-28-4-3 | Docker start + HTTP readiness wait …
[0;35m[MEASURE][0m dy-erlang-cowboy-28-4-3 | Scaphandre power sampling + HTTP load | 8000 GET → http://localhost:8001/
[0;35m[MEASURE][0m dy-erlang-cowboy-28-4-3 | stopping Scaphandre + appending CSV …
[0;35m[MEASURE][0m dy-erlang-cowboy-28-4-3 | [0;32m8000/8000 ok[0m | 6.6s | 1215 req/s | results/2026-05-08_104424/dynamic/dy-erlang-cowboy-28-4-3.csv
[0;36m[PROGRESS][0m 122/143 (85%) | elapsed 2h48m | ETA ~29m | remaining 21 | dynamic HTTP | dy-erlang-cowboy-28-4-3 | level 5/13 | 10000 requests
[0;35m[MEASURE][0m dy-erlang-cowboy-28-4-3 | Docker start + HTTP readiness wait …
[0;35m[MEASURE][0m dy-erlang-cowboy-28-4-3 | Scaphandre power sampling + HTTP load | 10000 GET → http://localhost:8001/
[0;35m[MEASURE][0m dy-erlang-cowboy-28-4-3 | stopping Scaphandre + appending CSV …
[0;35m[MEASURE][0m dy-erlang-cowboy-28-4-3 | [0;32m10000/10000 ok[0m | 9.2s | 1092 req/s | results/2026-05-08_104424/dynamic/dy-erlang-cowboy-28-4-3.csv
[0;36m[PROGRESS][0m 123/143 (86%) | elapsed 2h49m | ETA ~27m | remaining 20 | dynamic HTTP | dy-erlang-cowboy-28-4-3 | level 6/13 | 15000 requests
[0;35m[MEASURE][0m dy-erlang-cowboy-28-4-3 | Docker start + HTTP readiness wait …
[0;35m[MEASURE][0m dy-erlang-cowboy-28-4-3 | Scaphandre power sampling + HTTP load | 15000 GET → http://localhost:8001/
[0;35m[MEASURE][0m dy-erlang-cowboy-28-4-3 | stopping Scaphandre + appending CSV …
[0;35m[MEASURE][0m dy-erlang-cowboy-28-4-3 | [0;32m15000/15000 ok[0m | 12.9s | 1164 req/s | results/2026-05-08_104424/dynamic/dy-erlang-cowboy-28-4-3.csv
[0;36m[PROGRESS][0m 124/143 (86%) | elapsed 2h50m | ETA ~26m | remaining 19 | dynamic HTTP | dy-erlang-cowboy-28-4-3 | level 7/13 | 20000 requests
[0;35m[MEASURE][0m dy-erlang-cowboy-28-4-3 | Docker start + HTTP readiness wait …
[0;35m[MEASURE][0m dy-erlang-cowboy-28-4-3 | Scaphandre power sampling + HTTP load | 20000 GET → http://localhost:8001/
[0;35m[MEASURE][0m dy-erlang-cowboy-28-4-3 | stopping Scaphandre + appending CSV …
[0;35m[MEASURE][0m dy-erlang-cowboy-28-4-3 | [0;32m20000/20000 ok[0m | 18.5s | 1080 req/s | results/2026-05-08_104424/dynamic/dy-erlang-cowboy-28-4-3.csv
[0;36m[PROGRESS][0m 125/143 (87%) | elapsed 2h51m | ETA ~24m | remaining 18 | dynamic HTTP | dy-erlang-cowboy-28-4-3 | level 8/13 | 30000 requests
[0;35m[MEASURE][0m dy-erlang-cowboy-28-4-3 | Docker start + HTTP readiness wait …
[0;35m[MEASURE][0m dy-erlang-cowboy-28-4-3 | Scaphandre power sampling + HTTP load | 30000 GET → http://localhost:8001/
[0;35m[MEASURE][0m dy-erlang-cowboy-28-4-3 | stopping Scaphandre + appending CSV …
[0;35m[MEASURE][0m dy-erlang-cowboy-28-4-3 | 28231/30000 | 32.7s | 917 req/s | results/2026-05-08_104424/dynamic/dy-erlang-cowboy-28-4-3.csv
[0;36m[PROGRESS][0m 126/143 (88%) | elapsed 2h52m | ETA ~23m | remaining 17 | dynamic HTTP | dy-erlang-cowboy-28-4-3 | level 9/13 | 40000 requests
[0;35m[MEASURE][0m dy-erlang-cowboy-28-4-3 | Docker start + HTTP readiness wait …
[0;35m[MEASURE][0m dy-erlang-cowboy-28-4-3 | Scaphandre power sampling + HTTP load | 40000 GET → http://localhost:8001/
[0;35m[MEASURE][0m dy-erlang-cowboy-28-4-3 | stopping Scaphandre + appending CSV …
[0;35m[MEASURE][0m dy-erlang-cowboy-28-4-3 | 28232/40000 | 59.7s | 670 req/s | results/2026-05-08_104424/dynamic/dy-erlang-cowboy-28-4-3.csv
[0;36m[PROGRESS][0m 127/143 (88%) | elapsed 2h54m | ETA ~21m | remaining 16 | dynamic HTTP | dy-erlang-cowboy-28-4-3 | level 10/13 | 50000 requests
[0;35m[MEASURE][0m dy-erlang-cowboy-28-4-3 | Docker start + HTTP readiness wait …
[0;35m[MEASURE][0m dy-erlang-cowboy-28-4-3 | Scaphandre power sampling + HTTP load | 50000 GET → http://localhost:8001/
[0;35m[MEASURE][0m dy-erlang-cowboy-28-4-3 | HTTP requests 40222/50000 (60s elapsed)
[0;35m[MEASURE][0m dy-erlang-cowboy-28-4-3 | stopping Scaphandre + appending CSV …
[0;35m[MEASURE][0m dy-erlang-cowboy-28-4-3 | 37146/50000 | 70.1s | 714 req/s | results/2026-05-08_104424/dynamic/dy-erlang-cowboy-28-4-3.csv
[0;36m[PROGRESS][0m 128/143 (89%) | elapsed 2h56m | ETA ~20m | remaining 15 | dynamic HTTP | dy-erlang-cowboy-28-4-3 | level 11/13 | 60000 requests
[0;35m[MEASURE][0m dy-erlang-cowboy-28-4-3 | Docker start + HTTP readiness wait …
[0;35m[MEASURE][0m dy-erlang-cowboy-28-4-3 | Scaphandre power sampling + HTTP load | 60000 GET → http://localhost:8001/
[0;35m[MEASURE][0m dy-erlang-cowboy-28-4-3 | HTTP requests 39751/60000 (60s elapsed)
[0;35m[MEASURE][0m dy-erlang-cowboy-28-4-3 | stopping Scaphandre + appending CSV …
[0;35m[MEASURE][0m dy-erlang-cowboy-28-4-3 | 47610/60000 | 81.4s | 737 req/s | results/2026-05-08_104424/dynamic/dy-erlang-cowboy-28-4-3.csv
[0;36m[PROGRESS][0m 129/143 (90%) | elapsed 2h58m | ETA ~19m | remaining 14 | dynamic HTTP | dy-erlang-cowboy-28-4-3 | level 12/13 | 70000 requests
[0;35m[MEASURE][0m dy-erlang-cowboy-28-4-3 | Docker start + HTTP readiness wait …
[0;35m[MEASURE][0m dy-erlang-cowboy-28-4-3 | Scaphandre power sampling + HTTP load | 70000 GET → http://localhost:8001/
[0;35m[MEASURE][0m dy-erlang-cowboy-28-4-3 | HTTP requests 39999/70000 (60s elapsed)
[0;35m[MEASURE][0m dy-erlang-cowboy-28-4-3 | stopping Scaphandre + appending CSV …
[0;35m[MEASURE][0m dy-erlang-cowboy-28-4-3 | 56463/70000 | 94.2s | 743 req/s | results/2026-05-08_104424/dynamic/dy-erlang-cowboy-28-4-3.csv
[0;36m[PROGRESS][0m 130/143 (90%) | elapsed 3h00m | ETA ~18m | remaining 13 | dynamic HTTP | dy-erlang-cowboy-28-4-3 | level 13/13 | 80000 requests
[0;35m[MEASURE][0m dy-erlang-cowboy-28-4-3 | Docker start + HTTP readiness wait …
[0;35m[MEASURE][0m dy-erlang-cowboy-28-4-3 | Scaphandre power sampling + HTTP load | 80000 GET → http://localhost:8001/
[0;35m[MEASURE][0m dy-erlang-cowboy-28-4-3 | HTTP requests 39900/80000 (60s elapsed)
[0;35m[MEASURE][0m dy-erlang-cowboy-28-4-3 | HTTP requests 78701/80000 (120s elapsed)
[0;35m[MEASURE][0m dy-erlang-cowboy-28-4-3 | stopping Scaphandre + appending CSV …
[0;35m[MEASURE][0m dy-erlang-cowboy-28-4-3 | 56714/80000 | 123.1s | 650 req/s | results/2026-05-08_104424/dynamic/dy-erlang-cowboy-28-4-3.csv
[0;34mRunning dynamic tests for dy-erlang-pure-28-4-3 on port 8001[0m (11/11)
[0;36m[PROGRESS][0m 131/143 (91%) | elapsed 3h03m | ETA ~16m | remaining 12 | dynamic HTTP | dy-erlang-pure-28-4-3 | level 1/13 | 100 requests
[0;35m[MEASURE][0m dy-erlang-pure-28-4-3 | Docker start + HTTP readiness wait …
[0;35m[MEASURE][0m dy-erlang-pure-28-4-3 | Scaphandre power sampling + HTTP load | 100 GET → http://localhost:8001/
[0;35m[MEASURE][0m dy-erlang-pure-28-4-3 | stopping Scaphandre + appending CSV …
[0;35m[MEASURE][0m dy-erlang-pure-28-4-3 | [0;32m100/100 ok[0m | 1.5s | 66 req/s | results/2026-05-08_104424/dynamic/dy-erlang-pure-28-4-3.csv
[0;36m[PROGRESS][0m 132/143 (92%) | elapsed 3h04m | ETA ~15m | remaining 11 | dynamic HTTP | dy-erlang-pure-28-4-3 | level 2/13 | 1000 requests
[0;35m[MEASURE][0m dy-erlang-pure-28-4-3 | Docker start + HTTP readiness wait …
[0;35m[MEASURE][0m dy-erlang-pure-28-4-3 | Scaphandre power sampling + HTTP load | 1000 GET → http://localhost:8001/
[0;35m[MEASURE][0m dy-erlang-pure-28-4-3 | stopping Scaphandre + appending CSV …
[0;35m[MEASURE][0m dy-erlang-pure-28-4-3 | [0;32m1000/1000 ok[0m | 2.8s | 353 req/s | results/2026-05-08_104424/dynamic/dy-erlang-pure-28-4-3.csv
[0;36m[PROGRESS][0m 133/143 (93%) | elapsed 3h05m | ETA ~13m | remaining 10 | dynamic HTTP | dy-erlang-pure-28-4-3 | level 3/13 | 5000 requests
[0;35m[MEASURE][0m dy-erlang-pure-28-4-3 | Docker start + HTTP readiness wait …
[0;35m[MEASURE][0m dy-erlang-pure-28-4-3 | Scaphandre power sampling + HTTP load | 5000 GET → http://localhost:8001/
[0;35m[MEASURE][0m dy-erlang-pure-28-4-3 | stopping Scaphandre + appending CSV …
[0;35m[MEASURE][0m dy-erlang-pure-28-4-3 | [0;32m5000/5000 ok[0m | 4.0s | 1254 req/s | results/2026-05-08_104424/dynamic/dy-erlang-pure-28-4-3.csv
[0;36m[PROGRESS][0m 134/143 (93%) | elapsed 3h06m | ETA ~12m | remaining 9 | dynamic HTTP | dy-erlang-pure-28-4-3 | level 4/13 | 8000 requests
[0;35m[MEASURE][0m dy-erlang-pure-28-4-3 | Docker start + HTTP readiness wait …
[0;35m[MEASURE][0m dy-erlang-pure-28-4-3 | Scaphandre power sampling + HTTP load | 8000 GET → http://localhost:8001/
[0;35m[MEASURE][0m dy-erlang-pure-28-4-3 | stopping Scaphandre + appending CSV …
[0;35m[MEASURE][0m dy-erlang-pure-28-4-3 | [0;32m8000/8000 ok[0m | 6.1s | 1301 req/s | results/2026-05-08_104424/dynamic/dy-erlang-pure-28-4-3.csv
[0;36m[PROGRESS][0m 135/143 (94%) | elapsed 3h07m | ETA ~11m | remaining 8 | dynamic HTTP | dy-erlang-pure-28-4-3 | level 5/13 | 10000 requests
[0;35m[MEASURE][0m dy-erlang-pure-28-4-3 | Docker start + HTTP readiness wait …
[0;35m[MEASURE][0m dy-erlang-pure-28-4-3 | Scaphandre power sampling + HTTP load | 10000 GET → http://localhost:8001/
[0;35m[MEASURE][0m dy-erlang-pure-28-4-3 | stopping Scaphandre + appending CSV …
[0;35m[MEASURE][0m dy-erlang-pure-28-4-3 | [0;32m10000/10000 ok[0m | 7.8s | 1275 req/s | results/2026-05-08_104424/dynamic/dy-erlang-pure-28-4-3.csv
[0;36m[PROGRESS][0m 136/143 (95%) | elapsed 3h07m | ETA ~9m | remaining 7 | dynamic HTTP | dy-erlang-pure-28-4-3 | level 6/13 | 15000 requests
[0;35m[MEASURE][0m dy-erlang-pure-28-4-3 | Docker start + HTTP readiness wait …
[0;35m[MEASURE][0m dy-erlang-pure-28-4-3 | Scaphandre power sampling + HTTP load | 15000 GET → http://localhost:8001/
[0;35m[MEASURE][0m dy-erlang-pure-28-4-3 | stopping Scaphandre + appending CSV …
[0;35m[MEASURE][0m dy-erlang-pure-28-4-3 | 14998/15000 | 12.0s | 1254 req/s | results/2026-05-08_104424/dynamic/dy-erlang-pure-28-4-3.csv
[0;36m[PROGRESS][0m 137/143 (95%) | elapsed 3h08m | ETA ~8m | remaining 6 | dynamic HTTP | dy-erlang-pure-28-4-3 | level 7/13 | 20000 requests
[0;35m[MEASURE][0m dy-erlang-pure-28-4-3 | Docker start + HTTP readiness wait …
[0;35m[MEASURE][0m dy-erlang-pure-28-4-3 | Scaphandre power sampling + HTTP load | 20000 GET → http://localhost:8001/
[0;35m[MEASURE][0m dy-erlang-pure-28-4-3 | stopping Scaphandre + appending CSV …
[0;35m[MEASURE][0m dy-erlang-pure-28-4-3 | [0;32m20000/20000 ok[0m | 17.0s | 1179 req/s | results/2026-05-08_104424/dynamic/dy-erlang-pure-28-4-3.csv
[0;36m[PROGRESS][0m 138/143 (96%) | elapsed 3h09m | ETA ~6m | remaining 5 | dynamic HTTP | dy-erlang-pure-28-4-3 | level 8/13 | 30000 requests
[0;35m[MEASURE][0m dy-erlang-pure-28-4-3 | Docker start + HTTP readiness wait …
[0;35m[MEASURE][0m dy-erlang-pure-28-4-3 | Scaphandre power sampling + HTTP load | 30000 GET → http://localhost:8001/
[0;35m[MEASURE][0m dy-erlang-pure-28-4-3 | stopping Scaphandre + appending CSV …
[0;35m[MEASURE][0m dy-erlang-pure-28-4-3 | [0;32m30000/30000 ok[0m | 25.0s | 1198 req/s | results/2026-05-08_104424/dynamic/dy-erlang-pure-28-4-3.csv
[0;36m[PROGRESS][0m 139/143 (97%) | elapsed 3h11m | ETA ~5m | remaining 4 | dynamic HTTP | dy-erlang-pure-28-4-3 | level 9/13 | 40000 requests
[0;35m[MEASURE][0m dy-erlang-pure-28-4-3 | Docker start + HTTP readiness wait …
[0;35m[MEASURE][0m dy-erlang-pure-28-4-3 | Scaphandre power sampling + HTTP load | 40000 GET → http://localhost:8001/
[0;35m[MEASURE][0m dy-erlang-pure-28-4-3 | stopping Scaphandre + appending CSV …
[0;35m[MEASURE][0m dy-erlang-pure-28-4-3 | [0;32m40000/40000 ok[0m | 34.1s | 1174 req/s | results/2026-05-08_104424/dynamic/dy-erlang-pure-28-4-3.csv
[0;36m[PROGRESS][0m 140/143 (97%) | elapsed 3h12m | ETA ~4m | remaining 3 | dynamic HTTP | dy-erlang-pure-28-4-3 | level 10/13 | 50000 requests
[0;35m[MEASURE][0m dy-erlang-pure-28-4-3 | Docker start + HTTP readiness wait …
[0;35m[MEASURE][0m dy-erlang-pure-28-4-3 | Scaphandre power sampling + HTTP load | 50000 GET → http://localhost:8001/
[0;35m[MEASURE][0m dy-erlang-pure-28-4-3 | stopping Scaphandre + appending CSV …
[0;35m[MEASURE][0m dy-erlang-pure-28-4-3 | [0;32m50000/50000 ok[0m | 42.6s | 1174 req/s | results/2026-05-08_104424/dynamic/dy-erlang-pure-28-4-3.csv
[0;36m[PROGRESS][0m 141/143 (98%) | elapsed 3h13m | ETA ~2m | remaining 2 | dynamic HTTP | dy-erlang-pure-28-4-3 | level 11/13 | 60000 requests
[0;35m[MEASURE][0m dy-erlang-pure-28-4-3 | Docker start + HTTP readiness wait …
[0;35m[MEASURE][0m dy-erlang-pure-28-4-3 | Scaphandre power sampling + HTTP load | 60000 GET → http://localhost:8001/
[0;35m[MEASURE][0m dy-erlang-pure-28-4-3 | stopping Scaphandre + appending CSV …
[0;35m[MEASURE][0m dy-erlang-pure-28-4-3 | 59976/60000 | 50.9s | 1179 req/s | results/2026-05-08_104424/dynamic/dy-erlang-pure-28-4-3.csv
[0;36m[PROGRESS][0m 142/143 (99%) | elapsed 3h15m | ETA ~1m | remaining 1 | dynamic HTTP | dy-erlang-pure-28-4-3 | level 12/13 | 70000 requests
[0;35m[MEASURE][0m dy-erlang-pure-28-4-3 | Docker start + HTTP readiness wait …
[0;35m[MEASURE][0m dy-erlang-pure-28-4-3 | Scaphandre power sampling + HTTP load | 70000 GET → http://localhost:8001/
[0;35m[MEASURE][0m dy-erlang-pure-28-4-3 | HTTP requests 69959/70000 (60s elapsed)
[0;35m[MEASURE][0m dy-erlang-pure-28-4-3 | stopping Scaphandre + appending CSV …
[0;35m[MEASURE][0m dy-erlang-pure-28-4-3 | 69965/70000 | 60.5s | 1156 req/s | results/2026-05-08_104424/dynamic/dy-erlang-pure-28-4-3.csv
[0;36m[PROGRESS][0m 143/143 (100%) | elapsed 3h17m | ETA — | remaining 0 | dynamic HTTP | dy-erlang-pure-28-4-3 | level 13/13 | 80000 requests
[0;35m[MEASURE][0m dy-erlang-pure-28-4-3 | Docker start + HTTP readiness wait …
[0;35m[MEASURE][0m dy-erlang-pure-28-4-3 | Scaphandre power sampling + HTTP load | 80000 GET → http://localhost:8001/
[0;35m[MEASURE][0m dy-erlang-pure-28-4-3 | HTTP requests 69821/80000 (60s elapsed)
[0;35m[MEASURE][0m dy-erlang-pure-28-4-3 | stopping Scaphandre + appending CSV …
[0;35m[MEASURE][0m dy-erlang-pure-28-4-3 | 79951/80000 | 73.0s | 1096 req/s | results/2026-05-08_104424/dynamic/dy-erlang-pure-28-4-3.csv

[0;34m[INFO][0m Measurement steps finished: 143/143 (total elapsed 3h19m)
[0;32m[SUCCESS][0m Benchmarks completed at Fri May  8 02:03:38 PM CEST 2026
[0;34m[INFO][0m Results saved to: results/2026-05-08_104424

[RUN SUMMARY] All containers ran successfully (no 100% failed requests).
