[0;34m[INFO][0m Requesting sudo authentication once for long benchmark run...
[0;34m[INFO][0m Starting benchmarks at Fri May  8 02:03:59 PM CEST 2026
[0;34m[INFO][0m Results will be saved to: results/2026-05-08_140359
[0;34m[INFO][0m HTTP client max workers: 100 (column "HTTP Max Workers" in static/dynamic CSVs; override with HTTP_MAX_WORKERS=N or HTTP_MAX_WORKERS=system)

[0;34m──────────────── Run plan ─────────────────[0m
[0;34m[INFO][0m Log file (full output): logs/run_2026-05-08_140359.log
[0;34m[INFO][0m Results directory: results/2026-05-08_140359
[0;34m[INFO][0m Total measurement steps (each step = one HTTP or WebSocket measurement): [0;32m143[0m
[0;34m[INFO][0m Measurement output is compact (BENCH_MEASURE_QUIET=1): magenta [MEASURE] lines + load heartbeats every 60s for HTTP+WebSocket. BENCH_MEASURE_QUIET=0 or MEASURE_HEARTBEAT_SEC=3600 to reduce noise.
[0;34m[INFO][0m While running: [0;36mtail -f logs/run_2026-05-08_140359.log[0m
[0;34m[INFO][0m Milestones only: [0;36mgrep -F '[PROGRESS]' logs/run_2026-05-08_140359.log[0m
[0;34m────────────────────────────────────────────[0m

[0;34mRunning static tests for st-elixir-index-1-19-5 on port 8001[0m (1/11)
[0;36m[PROGRESS][0m 1/143 (0%) | elapsed 0s | ETA ~0s | remaining 142 | static HTTP | st-elixir-index-1-19-5 | level 1/13 | 100 requests
[0;35m[MEASURE][0m st-elixir-index-1-19-5 | Docker start + HTTP readiness wait …
[0;35m[MEASURE][0m st-elixir-index-1-19-5 | Scaphandre power sampling + HTTP load | 100 GET → http://localhost:8001/
[0;35m[MEASURE][0m st-elixir-index-1-19-5 | stopping Scaphandre + appending CSV …
[0;35m[MEASURE][0m st-elixir-index-1-19-5 | [0;32m100/100 ok[0m | 2.8s | 36 req/s | results/2026-05-08_140359/static/st-elixir-index-1-19-5.csv
[0;36m[PROGRESS][0m 2/143 (1%) | elapsed 50s | ETA ~58m | remaining 141 | static HTTP | st-elixir-index-1-19-5 | level 2/13 | 1000 requests
[0;35m[MEASURE][0m st-elixir-index-1-19-5 | Docker start + HTTP readiness wait …
[0;35m[MEASURE][0m st-elixir-index-1-19-5 | Scaphandre power sampling + HTTP load | 1000 GET → http://localhost:8001/
[0;35m[MEASURE][0m st-elixir-index-1-19-5 | stopping Scaphandre + appending CSV …
[0;35m[MEASURE][0m st-elixir-index-1-19-5 | 988/1000 | 5.4s | 184 req/s | results/2026-05-08_140359/static/st-elixir-index-1-19-5.csv
[0;36m[PROGRESS][0m 3/143 (2%) | elapsed 1m39s | ETA ~1h17m | remaining 140 | static HTTP | st-elixir-index-1-19-5 | level 3/13 | 5000 requests
[0;35m[MEASURE][0m st-elixir-index-1-19-5 | Docker start + HTTP readiness wait …
[0;35m[MEASURE][0m st-elixir-index-1-19-5 | Scaphandre power sampling + HTTP load | 5000 GET → http://localhost:8001/
[0;35m[MEASURE][0m st-elixir-index-1-19-5 | stopping Scaphandre + appending CSV …
[0;35m[MEASURE][0m st-elixir-index-1-19-5 | [0;32m5000/5000 ok[0m | 3.7s | 1337 req/s | results/2026-05-08_140359/static/st-elixir-index-1-19-5.csv
[0;36m[PROGRESS][0m 4/143 (2%) | elapsed 2m29s | ETA ~1h26m | remaining 139 | static HTTP | st-elixir-index-1-19-5 | level 4/13 | 8000 requests
[0;35m[MEASURE][0m st-elixir-index-1-19-5 | Docker start + HTTP readiness wait …
[0;35m[MEASURE][0m st-elixir-index-1-19-5 | Scaphandre power sampling + HTTP load | 8000 GET → http://localhost:8001/
[0;35m[MEASURE][0m st-elixir-index-1-19-5 | stopping Scaphandre + appending CSV …
[0;35m[MEASURE][0m st-elixir-index-1-19-5 | [0;32m8000/8000 ok[0m | 6.2s | 1294 req/s | results/2026-05-08_140359/static/st-elixir-index-1-19-5.csv
[0;36m[PROGRESS][0m 5/143 (3%) | elapsed 3m20s | ETA ~1h32m | remaining 138 | static HTTP | st-elixir-index-1-19-5 | level 5/13 | 10000 requests
[0;35m[MEASURE][0m st-elixir-index-1-19-5 | Docker start + HTTP readiness wait …
[0;35m[MEASURE][0m st-elixir-index-1-19-5 | Scaphandre power sampling + HTTP load | 10000 GET → http://localhost:8001/
[0;35m[MEASURE][0m st-elixir-index-1-19-5 | stopping Scaphandre + appending CSV …
[0;35m[MEASURE][0m st-elixir-index-1-19-5 | [0;32m10000/10000 ok[0m | 8.5s | 1178 req/s | results/2026-05-08_140359/static/st-elixir-index-1-19-5.csv
[0;36m[PROGRESS][0m 6/143 (4%) | elapsed 4m14s | ETA ~1h36m | remaining 137 | static HTTP | st-elixir-index-1-19-5 | level 6/13 | 15000 requests
[0;35m[MEASURE][0m st-elixir-index-1-19-5 | Docker start + HTTP readiness wait …
[0;35m[MEASURE][0m st-elixir-index-1-19-5 | Scaphandre power sampling + HTTP load | 15000 GET → http://localhost:8001/
[0;35m[MEASURE][0m st-elixir-index-1-19-5 | stopping Scaphandre + appending CSV …
[0;35m[MEASURE][0m st-elixir-index-1-19-5 | [0;32m15000/15000 ok[0m | 12.2s | 1228 req/s | results/2026-05-08_140359/static/st-elixir-index-1-19-5.csv
[0;36m[PROGRESS][0m 7/143 (4%) | elapsed 5m11s | ETA ~1h40m | remaining 136 | static HTTP | st-elixir-index-1-19-5 | level 7/13 | 20000 requests
[0;35m[MEASURE][0m st-elixir-index-1-19-5 | Docker start + HTTP readiness wait …
[0;35m[MEASURE][0m st-elixir-index-1-19-5 | Scaphandre power sampling + HTTP load | 20000 GET → http://localhost:8001/
[0;35m[MEASURE][0m st-elixir-index-1-19-5 | stopping Scaphandre + appending CSV …
[0;35m[MEASURE][0m st-elixir-index-1-19-5 | [0;32m20000/20000 ok[0m | 16.2s | 1237 req/s | results/2026-05-08_140359/static/st-elixir-index-1-19-5.csv
[0;36m[PROGRESS][0m 8/143 (5%) | elapsed 6m13s | ETA ~1h44m | remaining 135 | static HTTP | st-elixir-index-1-19-5 | level 8/13 | 30000 requests
[0;35m[MEASURE][0m st-elixir-index-1-19-5 | Docker start + HTTP readiness wait …
[0;35m[MEASURE][0m st-elixir-index-1-19-5 | Scaphandre power sampling + HTTP load | 30000 GET → http://localhost:8001/
[0;35m[MEASURE][0m st-elixir-index-1-19-5 | stopping Scaphandre + appending CSV …
[0;35m[MEASURE][0m st-elixir-index-1-19-5 | [0;32m30000/30000 ok[0m | 24.0s | 1249 req/s | results/2026-05-08_140359/static/st-elixir-index-1-19-5.csv
[0;36m[PROGRESS][0m 9/143 (6%) | elapsed 7m23s | ETA ~1h49m | remaining 134 | static HTTP | st-elixir-index-1-19-5 | level 9/13 | 40000 requests
[0;35m[MEASURE][0m st-elixir-index-1-19-5 | Docker start + HTTP readiness wait …
[0;35m[MEASURE][0m st-elixir-index-1-19-5 | Scaphandre power sampling + HTTP load | 40000 GET → http://localhost:8001/
[0;35m[MEASURE][0m st-elixir-index-1-19-5 | stopping Scaphandre + appending CSV …
[0;35m[MEASURE][0m st-elixir-index-1-19-5 | [0;32m40000/40000 ok[0m | 32.4s | 1236 req/s | results/2026-05-08_140359/static/st-elixir-index-1-19-5.csv
[0;36m[PROGRESS][0m 10/143 (6%) | elapsed 8m41s | ETA ~1h55m | remaining 133 | static HTTP | st-elixir-index-1-19-5 | level 10/13 | 50000 requests
[0;35m[MEASURE][0m st-elixir-index-1-19-5 | Docker start + HTTP readiness wait …
[0;35m[MEASURE][0m st-elixir-index-1-19-5 | Scaphandre power sampling + HTTP load | 50000 GET → http://localhost:8001/
[0;35m[MEASURE][0m st-elixir-index-1-19-5 | stopping Scaphandre + appending CSV …
[0;35m[MEASURE][0m st-elixir-index-1-19-5 | [0;32m50000/50000 ok[0m | 39.9s | 1253 req/s | results/2026-05-08_140359/static/st-elixir-index-1-19-5.csv
[0;36m[PROGRESS][0m 11/143 (7%) | elapsed 10m08s | ETA ~2h01m | remaining 132 | static HTTP | st-elixir-index-1-19-5 | level 11/13 | 60000 requests
[0;35m[MEASURE][0m st-elixir-index-1-19-5 | Docker start + HTTP readiness wait …
[0;35m[MEASURE][0m st-elixir-index-1-19-5 | Scaphandre power sampling + HTTP load | 60000 GET → http://localhost:8001/
[0;35m[MEASURE][0m st-elixir-index-1-19-5 | stopping Scaphandre + appending CSV …
[0;35m[MEASURE][0m st-elixir-index-1-19-5 | [0;32m60000/60000 ok[0m | 48.7s | 1232 req/s | results/2026-05-08_140359/static/st-elixir-index-1-19-5.csv
[0;36m[PROGRESS][0m 12/143 (8%) | elapsed 11m42s | ETA ~2h07m | remaining 131 | static HTTP | st-elixir-index-1-19-5 | level 12/13 | 70000 requests
[0;35m[MEASURE][0m st-elixir-index-1-19-5 | Docker start + HTTP readiness wait …
[0;35m[MEASURE][0m st-elixir-index-1-19-5 | Scaphandre power sampling + HTTP load | 70000 GET → http://localhost:8001/
[0;35m[MEASURE][0m st-elixir-index-1-19-5 | stopping Scaphandre + appending CSV …
[0;35m[MEASURE][0m st-elixir-index-1-19-5 | [0;32m70000/70000 ok[0m | 56.8s | 1232 req/s | results/2026-05-08_140359/static/st-elixir-index-1-19-5.csv
[0;36m[PROGRESS][0m 13/143 (9%) | elapsed 13m25s | ETA ~2h14m | remaining 130 | static HTTP | st-elixir-index-1-19-5 | level 13/13 | 80000 requests
[0;35m[MEASURE][0m st-elixir-index-1-19-5 | Docker start + HTTP readiness wait …
[0;35m[MEASURE][0m st-elixir-index-1-19-5 | Scaphandre power sampling + HTTP load | 80000 GET → http://localhost:8001/
[0;35m[MEASURE][0m st-elixir-index-1-19-5 | HTTP requests 74029/80000 (60s elapsed)
[0;35m[MEASURE][0m st-elixir-index-1-19-5 | stopping Scaphandre + appending CSV …
[0;35m[MEASURE][0m st-elixir-index-1-19-5 | [0;32m80000/80000 ok[0m | 64.9s | 1232 req/s | results/2026-05-08_140359/static/st-elixir-index-1-19-5.csv
[0;34mRunning static tests for st-elixir-cowboy-1-19-5 on port 8001[0m (2/11)
[0;36m[PROGRESS][0m 14/143 (9%) | elapsed 15m16s | ETA ~2h20m | remaining 129 | static HTTP | st-elixir-cowboy-1-19-5 | level 1/13 | 100 requests
[0;35m[MEASURE][0m st-elixir-cowboy-1-19-5 | Docker start + HTTP readiness wait …
[0;35m[MEASURE][0m st-elixir-cowboy-1-19-5 | Scaphandre power sampling + HTTP load | 100 GET → http://localhost:8001/
[0;35m[MEASURE][0m st-elixir-cowboy-1-19-5 | stopping Scaphandre + appending CSV …
[0;35m[MEASURE][0m st-elixir-cowboy-1-19-5 | [0;32m100/100 ok[0m | 0.2s | 521 req/s | results/2026-05-08_140359/static/st-elixir-cowboy-1-19-5.csv
[0;36m[PROGRESS][0m 15/143 (10%) | elapsed 16m04s | ETA ~2h17m | remaining 128 | static HTTP | st-elixir-cowboy-1-19-5 | level 2/13 | 1000 requests
[0;35m[MEASURE][0m st-elixir-cowboy-1-19-5 | Docker start + HTTP readiness wait …
[0;35m[MEASURE][0m st-elixir-cowboy-1-19-5 | Scaphandre power sampling + HTTP load | 1000 GET → http://localhost:8001/
[0;35m[MEASURE][0m st-elixir-cowboy-1-19-5 | stopping Scaphandre + appending CSV …
[0;35m[MEASURE][0m st-elixir-cowboy-1-19-5 | [0;32m1000/1000 ok[0m | 0.8s | 1214 req/s | results/2026-05-08_140359/static/st-elixir-cowboy-1-19-5.csv
[0;36m[PROGRESS][0m 16/143 (11%) | elapsed 16m51s | ETA ~2h13m | remaining 127 | static HTTP | st-elixir-cowboy-1-19-5 | level 3/13 | 5000 requests
[0;35m[MEASURE][0m st-elixir-cowboy-1-19-5 | Docker start + HTTP readiness wait …
[0;35m[MEASURE][0m st-elixir-cowboy-1-19-5 | Scaphandre power sampling + HTTP load | 5000 GET → http://localhost:8001/
[0;35m[MEASURE][0m st-elixir-cowboy-1-19-5 | stopping Scaphandre + appending CSV …
[0;35m[MEASURE][0m st-elixir-cowboy-1-19-5 | [0;32m5000/5000 ok[0m | 4.3s | 1155 req/s | results/2026-05-08_140359/static/st-elixir-cowboy-1-19-5.csv
[0;36m[PROGRESS][0m 17/143 (11%) | elapsed 17m41s | ETA ~2h11m | remaining 126 | static HTTP | st-elixir-cowboy-1-19-5 | level 4/13 | 8000 requests
[0;35m[MEASURE][0m st-elixir-cowboy-1-19-5 | Docker start + HTTP readiness wait …
[0;35m[MEASURE][0m st-elixir-cowboy-1-19-5 | Scaphandre power sampling + HTTP load | 8000 GET → http://localhost:8001/
[0;35m[MEASURE][0m st-elixir-cowboy-1-19-5 | stopping Scaphandre + appending CSV …
[0;35m[MEASURE][0m st-elixir-cowboy-1-19-5 | [0;32m8000/8000 ok[0m | 6.9s | 1163 req/s | results/2026-05-08_140359/static/st-elixir-cowboy-1-19-5.csv
[0;36m[PROGRESS][0m 18/143 (12%) | elapsed 18m32s | ETA ~2h08m | remaining 125 | static HTTP | st-elixir-cowboy-1-19-5 | level 5/13 | 10000 requests
[0;35m[MEASURE][0m st-elixir-cowboy-1-19-5 | Docker start + HTTP readiness wait …
[0;35m[MEASURE][0m st-elixir-cowboy-1-19-5 | Scaphandre power sampling + HTTP load | 10000 GET → http://localhost:8001/
[0;35m[MEASURE][0m st-elixir-cowboy-1-19-5 | stopping Scaphandre + appending CSV …
[0;35m[MEASURE][0m st-elixir-cowboy-1-19-5 | [0;32m10000/10000 ok[0m | 9.5s | 1055 req/s | results/2026-05-08_140359/static/st-elixir-cowboy-1-19-5.csv
[0;36m[PROGRESS][0m 19/143 (13%) | elapsed 19m26s | ETA ~2h06m | remaining 124 | static HTTP | st-elixir-cowboy-1-19-5 | level 6/13 | 15000 requests
[0;35m[MEASURE][0m st-elixir-cowboy-1-19-5 | Docker start + HTTP readiness wait …
[0;35m[MEASURE][0m st-elixir-cowboy-1-19-5 | Scaphandre power sampling + HTTP load | 15000 GET → http://localhost:8001/
[0;35m[MEASURE][0m st-elixir-cowboy-1-19-5 | stopping Scaphandre + appending CSV …
[0;35m[MEASURE][0m st-elixir-cowboy-1-19-5 | [0;32m15000/15000 ok[0m | 13.1s | 1147 req/s | results/2026-05-08_140359/static/st-elixir-cowboy-1-19-5.csv
[0;36m[PROGRESS][0m 20/143 (13%) | elapsed 20m24s | ETA ~2h05m | remaining 123 | static HTTP | st-elixir-cowboy-1-19-5 | level 7/13 | 20000 requests
[0;35m[MEASURE][0m st-elixir-cowboy-1-19-5 | Docker start + HTTP readiness wait …
[0;35m[MEASURE][0m st-elixir-cowboy-1-19-5 | Scaphandre power sampling + HTTP load | 20000 GET → http://localhost:8001/
[0;35m[MEASURE][0m st-elixir-cowboy-1-19-5 | stopping Scaphandre + appending CSV …
[0;35m[MEASURE][0m st-elixir-cowboy-1-19-5 | [0;32m20000/20000 ok[0m | 18.6s | 1077 req/s | results/2026-05-08_140359/static/st-elixir-cowboy-1-19-5.csv
[0;36m[PROGRESS][0m 21/143 (14%) | elapsed 21m28s | ETA ~2h04m | remaining 122 | static HTTP | st-elixir-cowboy-1-19-5 | level 8/13 | 30000 requests
[0;35m[MEASURE][0m st-elixir-cowboy-1-19-5 | Docker start + HTTP readiness wait …
[0;35m[MEASURE][0m st-elixir-cowboy-1-19-5 | Scaphandre power sampling + HTTP load | 30000 GET → http://localhost:8001/
[0;35m[MEASURE][0m st-elixir-cowboy-1-19-5 | stopping Scaphandre + appending CSV …
[0;35m[MEASURE][0m st-elixir-cowboy-1-19-5 | 28231/30000 | 33.1s | 907 req/s | results/2026-05-08_140359/static/st-elixir-cowboy-1-19-5.csv
[0;36m[PROGRESS][0m 22/143 (15%) | elapsed 22m46s | ETA ~2h05m | remaining 121 | static HTTP | st-elixir-cowboy-1-19-5 | level 9/13 | 40000 requests
[0;35m[MEASURE][0m st-elixir-cowboy-1-19-5 | Docker start + HTTP readiness wait …
[0;35m[MEASURE][0m st-elixir-cowboy-1-19-5 | Scaphandre power sampling + HTTP load | 40000 GET → http://localhost:8001/
[0;35m[MEASURE][0m st-elixir-cowboy-1-19-5 | stopping Scaphandre + appending CSV …
[0;35m[MEASURE][0m st-elixir-cowboy-1-19-5 | 28232/40000 | 59.7s | 670 req/s | results/2026-05-08_140359/static/st-elixir-cowboy-1-19-5.csv
[0;36m[PROGRESS][0m 23/143 (16%) | elapsed 24m32s | ETA ~2h08m | remaining 120 | static HTTP | st-elixir-cowboy-1-19-5 | level 10/13 | 50000 requests
[0;35m[MEASURE][0m st-elixir-cowboy-1-19-5 | Docker start + HTTP readiness wait …
[0;35m[MEASURE][0m st-elixir-cowboy-1-19-5 | Scaphandre power sampling + HTTP load | 50000 GET → http://localhost:8001/
[0;35m[MEASURE][0m st-elixir-cowboy-1-19-5 | HTTP requests 40070/50000 (60s elapsed)
[0;35m[MEASURE][0m st-elixir-cowboy-1-19-5 | stopping Scaphandre + appending CSV …
[0;35m[MEASURE][0m st-elixir-cowboy-1-19-5 | 37280/50000 | 70.4s | 710 req/s | results/2026-05-08_140359/static/st-elixir-cowboy-1-19-5.csv
[0;36m[PROGRESS][0m 24/143 (16%) | elapsed 26m28s | ETA ~2h11m | remaining 119 | static HTTP | st-elixir-cowboy-1-19-5 | level 11/13 | 60000 requests
[0;35m[MEASURE][0m st-elixir-cowboy-1-19-5 | Docker start + HTTP readiness wait …
[0;35m[MEASURE][0m st-elixir-cowboy-1-19-5 | Scaphandre power sampling + HTTP load | 60000 GET → http://localhost:8001/
[0;35m[MEASURE][0m st-elixir-cowboy-1-19-5 | HTTP requests 39765/60000 (60s elapsed)
[0;35m[MEASURE][0m st-elixir-cowboy-1-19-5 | stopping Scaphandre + appending CSV …
[0;35m[MEASURE][0m st-elixir-cowboy-1-19-5 | 47633/60000 | 81.4s | 737 req/s | results/2026-05-08_140359/static/st-elixir-cowboy-1-19-5.csv
[0;36m[PROGRESS][0m 25/143 (17%) | elapsed 28m34s | ETA ~2h14m | remaining 118 | static HTTP | st-elixir-cowboy-1-19-5 | level 12/13 | 70000 requests
[0;35m[MEASURE][0m st-elixir-cowboy-1-19-5 | Docker start + HTTP readiness wait …
[0;35m[MEASURE][0m st-elixir-cowboy-1-19-5 | Scaphandre power sampling + HTTP load | 70000 GET → http://localhost:8001/
[0;35m[MEASURE][0m st-elixir-cowboy-1-19-5 | HTTP requests 39659/70000 (60s elapsed)
[0;35m[MEASURE][0m st-elixir-cowboy-1-19-5 | stopping Scaphandre + appending CSV …
[0;35m[MEASURE][0m st-elixir-cowboy-1-19-5 | 56463/70000 | 95.7s | 732 req/s | results/2026-05-08_140359/static/st-elixir-cowboy-1-19-5.csv
[0;36m[PROGRESS][0m 26/143 (18%) | elapsed 30m55s | ETA ~2h19m | remaining 117 | static HTTP | st-elixir-cowboy-1-19-5 | level 13/13 | 80000 requests
[0;35m[MEASURE][0m st-elixir-cowboy-1-19-5 | Docker start + HTTP readiness wait …
[0;35m[MEASURE][0m st-elixir-cowboy-1-19-5 | Scaphandre power sampling + HTTP load | 80000 GET → http://localhost:8001/
[0;35m[MEASURE][0m st-elixir-cowboy-1-19-5 | HTTP requests 39929/80000 (60s elapsed)
[0;35m[MEASURE][0m st-elixir-cowboy-1-19-5 | HTTP requests 78718/80000 (120s elapsed)
[0;35m[MEASURE][0m st-elixir-cowboy-1-19-5 | stopping Scaphandre + appending CSV …
[0;35m[MEASURE][0m st-elixir-cowboy-1-19-5 | 56525/80000 | 123.5s | 648 req/s | results/2026-05-08_140359/static/st-elixir-cowboy-1-19-5.csv
[0;34mRunning static tests for st-elixir-phoenix-1-8-5 on port 8001[0m (3/11)
[0;36m[PROGRESS][0m 27/143 (18%) | elapsed 33m46s | ETA ~2h25m | remaining 116 | static HTTP | st-elixir-phoenix-1-8-5 | level 1/13 | 100 requests
[0;35m[MEASURE][0m st-elixir-phoenix-1-8-5 | Docker start + HTTP readiness wait …
[0;35m[MEASURE][0m st-elixir-phoenix-1-8-5 | Scaphandre power sampling + HTTP load | 100 GET → http://localhost:8001/
[0;35m[MEASURE][0m st-elixir-phoenix-1-8-5 | stopping Scaphandre + appending CSV …
[0;35m[MEASURE][0m st-elixir-phoenix-1-8-5 | [0;32m100/100 ok[0m | 0.2s | 514 req/s | results/2026-05-08_140359/static/st-elixir-phoenix-1-8-5.csv
[0;36m[PROGRESS][0m 28/143 (19%) | elapsed 34m32s | ETA ~2h21m | remaining 115 | static HTTP | st-elixir-phoenix-1-8-5 | level 2/13 | 1000 requests
[0;35m[MEASURE][0m st-elixir-phoenix-1-8-5 | Docker start + HTTP readiness wait …
[0;35m[MEASURE][0m st-elixir-phoenix-1-8-5 | Scaphandre power sampling + HTTP load | 1000 GET → http://localhost:8001/
[0;35m[MEASURE][0m st-elixir-phoenix-1-8-5 | stopping Scaphandre + appending CSV …
[0;35m[MEASURE][0m st-elixir-phoenix-1-8-5 | [0;32m1000/1000 ok[0m | 0.8s | 1288 req/s | results/2026-05-08_140359/static/st-elixir-phoenix-1-8-5.csv
[0;36m[PROGRESS][0m 29/143 (20%) | elapsed 35m19s | ETA ~2h18m | remaining 114 | static HTTP | st-elixir-phoenix-1-8-5 | level 3/13 | 5000 requests
[0;35m[MEASURE][0m st-elixir-phoenix-1-8-5 | Docker start + HTTP readiness wait …
[0;35m[MEASURE][0m st-elixir-phoenix-1-8-5 | Scaphandre power sampling + HTTP load | 5000 GET → http://localhost:8001/
[0;35m[MEASURE][0m st-elixir-phoenix-1-8-5 | stopping Scaphandre + appending CSV …
[0;35m[MEASURE][0m st-elixir-phoenix-1-8-5 | [0;32m5000/5000 ok[0m | 4.4s | 1142 req/s | results/2026-05-08_140359/static/st-elixir-phoenix-1-8-5.csv
[0;36m[PROGRESS][0m 30/143 (20%) | elapsed 36m09s | ETA ~2h16m | remaining 113 | static HTTP | st-elixir-phoenix-1-8-5 | level 4/13 | 8000 requests
[0;35m[MEASURE][0m st-elixir-phoenix-1-8-5 | Docker start + HTTP readiness wait …
[0;35m[MEASURE][0m st-elixir-phoenix-1-8-5 | Scaphandre power sampling + HTTP load | 8000 GET → http://localhost:8001/
[0;35m[MEASURE][0m st-elixir-phoenix-1-8-5 | stopping Scaphandre + appending CSV …
[0;35m[MEASURE][0m st-elixir-phoenix-1-8-5 | [0;32m8000/8000 ok[0m | 6.6s | 1209 req/s | results/2026-05-08_140359/static/st-elixir-phoenix-1-8-5.csv
[0;36m[PROGRESS][0m 31/143 (21%) | elapsed 37m00s | ETA ~2h13m | remaining 112 | static HTTP | st-elixir-phoenix-1-8-5 | level 5/13 | 10000 requests
[0;35m[MEASURE][0m st-elixir-phoenix-1-8-5 | Docker start + HTTP readiness wait …
[0;35m[MEASURE][0m st-elixir-phoenix-1-8-5 | Scaphandre power sampling + HTTP load | 10000 GET → http://localhost:8001/
[0;35m[MEASURE][0m st-elixir-phoenix-1-8-5 | stopping Scaphandre + appending CSV …
[0;35m[MEASURE][0m st-elixir-phoenix-1-8-5 | [0;32m10000/10000 ok[0m | 9.5s | 1052 req/s | results/2026-05-08_140359/static/st-elixir-phoenix-1-8-5.csv
[0;36m[PROGRESS][0m 32/143 (22%) | elapsed 37m54s | ETA ~2h11m | remaining 111 | static HTTP | st-elixir-phoenix-1-8-5 | level 6/13 | 15000 requests
[0;35m[MEASURE][0m st-elixir-phoenix-1-8-5 | Docker start + HTTP readiness wait …
[0;35m[MEASURE][0m st-elixir-phoenix-1-8-5 | Scaphandre power sampling + HTTP load | 15000 GET → http://localhost:8001/
[0;35m[MEASURE][0m st-elixir-phoenix-1-8-5 | stopping Scaphandre + appending CSV …
[0;35m[MEASURE][0m st-elixir-phoenix-1-8-5 | [0;32m15000/15000 ok[0m | 13.2s | 1137 req/s | results/2026-05-08_140359/static/st-elixir-phoenix-1-8-5.csv
[0;36m[PROGRESS][0m 33/143 (23%) | elapsed 38m51s | ETA ~2h09m | remaining 110 | static HTTP | st-elixir-phoenix-1-8-5 | level 7/13 | 20000 requests
[0;35m[MEASURE][0m st-elixir-phoenix-1-8-5 | Docker start + HTTP readiness wait …
[0;35m[MEASURE][0m st-elixir-phoenix-1-8-5 | Scaphandre power sampling + HTTP load | 20000 GET → http://localhost:8001/
[0;35m[MEASURE][0m st-elixir-phoenix-1-8-5 | stopping Scaphandre + appending CSV …
[0;35m[MEASURE][0m st-elixir-phoenix-1-8-5 | [0;32m20000/20000 ok[0m | 18.7s | 1067 req/s | results/2026-05-08_140359/static/st-elixir-phoenix-1-8-5.csv
[0;36m[PROGRESS][0m 34/143 (23%) | elapsed 39m55s | ETA ~2h07m | remaining 109 | static HTTP | st-elixir-phoenix-1-8-5 | level 8/13 | 30000 requests
[0;35m[MEASURE][0m st-elixir-phoenix-1-8-5 | Docker start + HTTP readiness wait …
[0;35m[MEASURE][0m st-elixir-phoenix-1-8-5 | Scaphandre power sampling + HTTP load | 30000 GET → http://localhost:8001/
[0;35m[MEASURE][0m st-elixir-phoenix-1-8-5 | stopping Scaphandre + appending CSV …
[0;35m[MEASURE][0m st-elixir-phoenix-1-8-5 | 28231/30000 | 32.7s | 916 req/s | results/2026-05-08_140359/static/st-elixir-phoenix-1-8-5.csv
[0;36m[PROGRESS][0m 35/143 (24%) | elapsed 41m14s | ETA ~2h07m | remaining 108 | static HTTP | st-elixir-phoenix-1-8-5 | level 9/13 | 40000 requests
[0;35m[MEASURE][0m st-elixir-phoenix-1-8-5 | Docker start + HTTP readiness wait …
[0;35m[MEASURE][0m st-elixir-phoenix-1-8-5 | Scaphandre power sampling + HTTP load | 40000 GET → http://localhost:8001/
[0;35m[MEASURE][0m st-elixir-phoenix-1-8-5 | stopping Scaphandre + appending CSV …
[0;35m[MEASURE][0m st-elixir-phoenix-1-8-5 | 28232/40000 | 59.9s | 667 req/s | results/2026-05-08_140359/static/st-elixir-phoenix-1-8-5.csv
[0;36m[PROGRESS][0m 36/143 (25%) | elapsed 43m01s | ETA ~2h07m | remaining 107 | static HTTP | st-elixir-phoenix-1-8-5 | level 10/13 | 50000 requests
[0;35m[MEASURE][0m st-elixir-phoenix-1-8-5 | Docker start + HTTP readiness wait …
[0;35m[MEASURE][0m st-elixir-phoenix-1-8-5 | Scaphandre power sampling + HTTP load | 50000 GET → http://localhost:8001/
[0;35m[MEASURE][0m st-elixir-phoenix-1-8-5 | HTTP requests 40075/50000 (60s elapsed)
[0;35m[MEASURE][0m st-elixir-phoenix-1-8-5 | stopping Scaphandre + appending CSV …
[0;35m[MEASURE][0m st-elixir-phoenix-1-8-5 | 37346/50000 | 70.3s | 711 req/s | results/2026-05-08_140359/static/st-elixir-phoenix-1-8-5.csv
[0;36m[PROGRESS][0m 37/143 (25%) | elapsed 44m59s | ETA ~2h08m | remaining 106 | static HTTP | st-elixir-phoenix-1-8-5 | level 11/13 | 60000 requests
[0;35m[MEASURE][0m st-elixir-phoenix-1-8-5 | Docker start + HTTP readiness wait …
[0;35m[MEASURE][0m st-elixir-phoenix-1-8-5 | Scaphandre power sampling + HTTP load | 60000 GET → http://localhost:8001/
[0;35m[MEASURE][0m st-elixir-phoenix-1-8-5 | HTTP requests 39764/60000 (60s elapsed)
[0;35m[MEASURE][0m st-elixir-phoenix-1-8-5 | stopping Scaphandre + appending CSV …
[0;35m[MEASURE][0m st-elixir-phoenix-1-8-5 | 47613/60000 | 81.5s | 736 req/s | results/2026-05-08_140359/static/st-elixir-phoenix-1-8-5.csv
[0;36m[PROGRESS][0m 38/143 (26%) | elapsed 47m06s | ETA ~2h10m | remaining 105 | static HTTP | st-elixir-phoenix-1-8-5 | level 12/13 | 70000 requests
[0;35m[MEASURE][0m st-elixir-phoenix-1-8-5 | Docker start + HTTP readiness wait …
[0;35m[MEASURE][0m st-elixir-phoenix-1-8-5 | Scaphandre power sampling + HTTP load | 70000 GET → http://localhost:8001/
[0;35m[MEASURE][0m st-elixir-phoenix-1-8-5 | HTTP requests 39758/70000 (60s elapsed)
[0;35m[MEASURE][0m st-elixir-phoenix-1-8-5 | stopping Scaphandre + appending CSV …
[0;35m[MEASURE][0m st-elixir-phoenix-1-8-5 | 56463/70000 | 95.6s | 732 req/s | results/2026-05-08_140359/static/st-elixir-phoenix-1-8-5.csv
[0;36m[PROGRESS][0m 39/143 (27%) | elapsed 49m26s | ETA ~2h11m | remaining 104 | static HTTP | st-elixir-phoenix-1-8-5 | level 13/13 | 80000 requests
[0;35m[MEASURE][0m st-elixir-phoenix-1-8-5 | Docker start + HTTP readiness wait …
[0;35m[MEASURE][0m st-elixir-phoenix-1-8-5 | Scaphandre power sampling + HTTP load | 80000 GET → http://localhost:8001/
[0;35m[MEASURE][0m st-elixir-phoenix-1-8-5 | HTTP requests 40025/80000 (60s elapsed)
[0;35m[MEASURE][0m st-elixir-phoenix-1-8-5 | HTTP requests 78909/80000 (120s elapsed)
[0;35m[MEASURE][0m st-elixir-phoenix-1-8-5 | stopping Scaphandre + appending CSV …
[0;35m[MEASURE][0m st-elixir-phoenix-1-8-5 | 56837/80000 | 122.3s | 654 req/s | results/2026-05-08_140359/static/st-elixir-phoenix-1-8-5.csv
[0;34mRunning static tests for st-elixir-pure-1-19-5 on port 8001[0m (4/11)
[0;36m[PROGRESS][0m 40/143 (27%) | elapsed 52m18s | ETA ~2h14m | remaining 103 | static HTTP | st-elixir-pure-1-19-5 | level 1/13 | 100 requests
[0;35m[MEASURE][0m st-elixir-pure-1-19-5 | Docker start + HTTP readiness wait …
[0;35m[MEASURE][0m st-elixir-pure-1-19-5 | Scaphandre power sampling + HTTP load | 100 GET → http://localhost:8001/
[0;35m[MEASURE][0m st-elixir-pure-1-19-5 | stopping Scaphandre + appending CSV …
[0;35m[MEASURE][0m st-elixir-pure-1-19-5 | [0;32m100/100 ok[0m | 1.9s | 52 req/s | results/2026-05-08_140359/static/st-elixir-pure-1-19-5.csv
[0;36m[PROGRESS][0m 41/143 (28%) | elapsed 53m05s | ETA ~2h12m | remaining 102 | static HTTP | st-elixir-pure-1-19-5 | level 2/13 | 1000 requests
[0;35m[MEASURE][0m st-elixir-pure-1-19-5 | Docker start + HTTP readiness wait …
[0;35m[MEASURE][0m st-elixir-pure-1-19-5 | Scaphandre power sampling + HTTP load | 1000 GET → http://localhost:8001/
[0;35m[MEASURE][0m st-elixir-pure-1-19-5 | stopping Scaphandre + appending CSV …
[0;35m[MEASURE][0m st-elixir-pure-1-19-5 | [0;32m1000/1000 ok[0m | 4.5s | 224 req/s | results/2026-05-08_140359/static/st-elixir-pure-1-19-5.csv
[0;36m[PROGRESS][0m 42/143 (29%) | elapsed 53m54s | ETA ~2h09m | remaining 101 | static HTTP | st-elixir-pure-1-19-5 | level 3/13 | 5000 requests
[0;35m[MEASURE][0m st-elixir-pure-1-19-5 | Docker start + HTTP readiness wait …
[0;35m[MEASURE][0m st-elixir-pure-1-19-5 | Scaphandre power sampling + HTTP load | 5000 GET → http://localhost:8001/
[0;35m[MEASURE][0m st-elixir-pure-1-19-5 | stopping Scaphandre + appending CSV …
[0;35m[MEASURE][0m st-elixir-pure-1-19-5 | [0;32m5000/5000 ok[0m | 4.5s | 1113 req/s | results/2026-05-08_140359/static/st-elixir-pure-1-19-5.csv
[0;36m[PROGRESS][0m 43/143 (30%) | elapsed 54m44s | ETA ~2h07m | remaining 100 | static HTTP | st-elixir-pure-1-19-5 | level 4/13 | 8000 requests
[0;35m[MEASURE][0m st-elixir-pure-1-19-5 | Docker start + HTTP readiness wait …
[0;35m[MEASURE][0m st-elixir-pure-1-19-5 | Scaphandre power sampling + HTTP load | 8000 GET → http://localhost:8001/
[0;35m[MEASURE][0m st-elixir-pure-1-19-5 | stopping Scaphandre + appending CSV …
[0;35m[MEASURE][0m st-elixir-pure-1-19-5 | [0;32m8000/8000 ok[0m | 5.6s | 1441 req/s | results/2026-05-08_140359/static/st-elixir-pure-1-19-5.csv
[0;36m[PROGRESS][0m 44/143 (30%) | elapsed 55m35s | ETA ~2h05m | remaining 99 | static HTTP | st-elixir-pure-1-19-5 | level 5/13 | 10000 requests
[0;35m[MEASURE][0m st-elixir-pure-1-19-5 | Docker start + HTTP readiness wait …
[0;35m[MEASURE][0m st-elixir-pure-1-19-5 | Scaphandre power sampling + HTTP load | 10000 GET → http://localhost:8001/
[0;35m[MEASURE][0m st-elixir-pure-1-19-5 | stopping Scaphandre + appending CSV …
[0;35m[MEASURE][0m st-elixir-pure-1-19-5 | [0;32m10000/10000 ok[0m | 8.6s | 1166 req/s | results/2026-05-08_140359/static/st-elixir-pure-1-19-5.csv
[0;36m[PROGRESS][0m 45/143 (31%) | elapsed 56m29s | ETA ~2h03m | remaining 98 | static HTTP | st-elixir-pure-1-19-5 | level 6/13 | 15000 requests
[0;35m[MEASURE][0m st-elixir-pure-1-19-5 | Docker start + HTTP readiness wait …
[0;35m[MEASURE][0m st-elixir-pure-1-19-5 | Scaphandre power sampling + HTTP load | 15000 GET → http://localhost:8001/
[0;35m[MEASURE][0m st-elixir-pure-1-19-5 | stopping Scaphandre + appending CSV …
[0;35m[MEASURE][0m st-elixir-pure-1-19-5 | [0;32m15000/15000 ok[0m | 11.8s | 1269 req/s | results/2026-05-08_140359/static/st-elixir-pure-1-19-5.csv
[0;36m[PROGRESS][0m 46/143 (32%) | elapsed 57m27s | ETA ~2h01m | remaining 97 | static HTTP | st-elixir-pure-1-19-5 | level 7/13 | 20000 requests
[0;35m[MEASURE][0m st-elixir-pure-1-19-5 | Docker start + HTTP readiness wait …
[0;35m[MEASURE][0m st-elixir-pure-1-19-5 | Scaphandre power sampling + HTTP load | 20000 GET → http://localhost:8001/
[0;35m[MEASURE][0m st-elixir-pure-1-19-5 | stopping Scaphandre + appending CSV …
[0;35m[MEASURE][0m st-elixir-pure-1-19-5 | [0;32m20000/20000 ok[0m | 15.8s | 1266 req/s | results/2026-05-08_140359/static/st-elixir-pure-1-19-5.csv
[0;36m[PROGRESS][0m 47/143 (32%) | elapsed 58m28s | ETA ~1h59m | remaining 96 | static HTTP | st-elixir-pure-1-19-5 | level 8/13 | 30000 requests
[0;35m[MEASURE][0m st-elixir-pure-1-19-5 | Docker start + HTTP readiness wait …
[0;35m[MEASURE][0m st-elixir-pure-1-19-5 | Scaphandre power sampling + HTTP load | 30000 GET → http://localhost:8001/
[0;35m[MEASURE][0m st-elixir-pure-1-19-5 | stopping Scaphandre + appending CSV …
[0;35m[MEASURE][0m st-elixir-pure-1-19-5 | [0;32m30000/30000 ok[0m | 23.4s | 1281 req/s | results/2026-05-08_140359/static/st-elixir-pure-1-19-5.csv
[0;36m[PROGRESS][0m 48/143 (33%) | elapsed 59m36s | ETA ~1h57m | remaining 95 | static HTTP | st-elixir-pure-1-19-5 | level 9/13 | 40000 requests
[0;35m[MEASURE][0m st-elixir-pure-1-19-5 | Docker start + HTTP readiness wait …
[0;35m[MEASURE][0m st-elixir-pure-1-19-5 | Scaphandre power sampling + HTTP load | 40000 GET → http://localhost:8001/
[0;35m[MEASURE][0m st-elixir-pure-1-19-5 | stopping Scaphandre + appending CSV …
[0;35m[MEASURE][0m st-elixir-pure-1-19-5 | [0;32m40000/40000 ok[0m | 31.4s | 1275 req/s | results/2026-05-08_140359/static/st-elixir-pure-1-19-5.csv
[0;36m[PROGRESS][0m 49/143 (34%) | elapsed 1h00m | ETA ~1h56m | remaining 94 | static HTTP | st-elixir-pure-1-19-5 | level 10/13 | 50000 requests
[0;35m[MEASURE][0m st-elixir-pure-1-19-5 | Docker start + HTTP readiness wait …
[0;35m[MEASURE][0m st-elixir-pure-1-19-5 | Scaphandre power sampling + HTTP load | 50000 GET → http://localhost:8001/
[0;35m[MEASURE][0m st-elixir-pure-1-19-5 | stopping Scaphandre + appending CSV …
[0;35m[MEASURE][0m st-elixir-pure-1-19-5 | [0;32m50000/50000 ok[0m | 39.9s | 1254 req/s | results/2026-05-08_140359/static/st-elixir-pure-1-19-5.csv
[0;36m[PROGRESS][0m 50/143 (34%) | elapsed 1h02m | ETA ~1h55m | remaining 93 | static HTTP | st-elixir-pure-1-19-5 | level 11/13 | 60000 requests
[0;35m[MEASURE][0m st-elixir-pure-1-19-5 | Docker start + HTTP readiness wait …
[0;35m[MEASURE][0m st-elixir-pure-1-19-5 | Scaphandre power sampling + HTTP load | 60000 GET → http://localhost:8001/
[0;35m[MEASURE][0m st-elixir-pure-1-19-5 | stopping Scaphandre + appending CSV …
[0;35m[MEASURE][0m st-elixir-pure-1-19-5 | 59996/60000 | 47.2s | 1272 req/s | results/2026-05-08_140359/static/st-elixir-pure-1-19-5.csv
[0;36m[PROGRESS][0m 51/143 (35%) | elapsed 1h03m | ETA ~1h55m | remaining 92 | static HTTP | st-elixir-pure-1-19-5 | level 12/13 | 70000 requests
[0;35m[MEASURE][0m st-elixir-pure-1-19-5 | Docker start + HTTP readiness wait …
[0;35m[MEASURE][0m st-elixir-pure-1-19-5 | Scaphandre power sampling + HTTP load | 70000 GET → http://localhost:8001/
[0;35m[MEASURE][0m st-elixir-pure-1-19-5 | stopping Scaphandre + appending CSV …
[0;35m[MEASURE][0m st-elixir-pure-1-19-5 | [0;32m70000/70000 ok[0m | 55.3s | 1265 req/s | results/2026-05-08_140359/static/st-elixir-pure-1-19-5.csv
[0;36m[PROGRESS][0m 52/143 (36%) | elapsed 1h05m | ETA ~1h54m | remaining 91 | static HTTP | st-elixir-pure-1-19-5 | level 13/13 | 80000 requests
[0;35m[MEASURE][0m st-elixir-pure-1-19-5 | Docker start + HTTP readiness wait …
[0;35m[MEASURE][0m st-elixir-pure-1-19-5 | Scaphandre power sampling + HTTP load | 80000 GET → http://localhost:8001/
[0;35m[MEASURE][0m st-elixir-pure-1-19-5 | HTTP requests 74907/80000 (60s elapsed)
[0;35m[MEASURE][0m st-elixir-pure-1-19-5 | stopping Scaphandre + appending CSV …
[0;35m[MEASURE][0m st-elixir-pure-1-19-5 | [0;32m80000/80000 ok[0m | 64.1s | 1249 req/s | results/2026-05-08_140359/static/st-elixir-pure-1-19-5.csv
[0;34mRunning static tests for st-gleam-index-1-15-2 on port 8001[0m (5/11)
[0;36m[PROGRESS][0m 53/143 (37%) | elapsed 1h07m | ETA ~1h54m | remaining 90 | static HTTP | st-gleam-index-1-15-2 | level 1/13 | 100 requests
[0;35m[MEASURE][0m st-gleam-index-1-15-2 | Docker start + HTTP readiness wait …
[0;35m[MEASURE][0m st-gleam-index-1-15-2 | Scaphandre power sampling + HTTP load | 100 GET → http://localhost:8001/
[0;35m[MEASURE][0m st-gleam-index-1-15-2 | stopping Scaphandre + appending CSV …
[0;35m[MEASURE][0m st-gleam-index-1-15-2 | [0;32m100/100 ok[0m | 0.2s | 481 req/s | results/2026-05-08_140359/static/st-gleam-index-1-15-2.csv
[0;36m[PROGRESS][0m 54/143 (37%) | elapsed 1h08m | ETA ~1h52m | remaining 89 | static HTTP | st-gleam-index-1-15-2 | level 2/13 | 1000 requests
[0;35m[MEASURE][0m st-gleam-index-1-15-2 | Docker start + HTTP readiness wait …
[0;35m[MEASURE][0m st-gleam-index-1-15-2 | Scaphandre power sampling + HTTP load | 1000 GET → http://localhost:8001/
[0;35m[MEASURE][0m st-gleam-index-1-15-2 | stopping Scaphandre + appending CSV …
[0;35m[MEASURE][0m st-gleam-index-1-15-2 | [0;32m1000/1000 ok[0m | 1.0s | 1008 req/s | results/2026-05-08_140359/static/st-gleam-index-1-15-2.csv
[0;36m[PROGRESS][0m 55/143 (38%) | elapsed 1h09m | ETA ~1h50m | remaining 88 | static HTTP | st-gleam-index-1-15-2 | level 3/13 | 5000 requests
[0;35m[MEASURE][0m st-gleam-index-1-15-2 | Docker start + HTTP readiness wait …
[0;35m[MEASURE][0m st-gleam-index-1-15-2 | Scaphandre power sampling + HTTP load | 5000 GET → http://localhost:8001/
[0;35m[MEASURE][0m st-gleam-index-1-15-2 | stopping Scaphandre + appending CSV …
[0;35m[MEASURE][0m st-gleam-index-1-15-2 | [0;32m5000/5000 ok[0m | 4.3s | 1160 req/s | results/2026-05-08_140359/static/st-gleam-index-1-15-2.csv
[0;36m[PROGRESS][0m 56/143 (39%) | elapsed 1h10m | ETA ~1h49m | remaining 87 | static HTTP | st-gleam-index-1-15-2 | level 4/13 | 8000 requests
[0;35m[MEASURE][0m st-gleam-index-1-15-2 | Docker start + HTTP readiness wait …
[0;35m[MEASURE][0m st-gleam-index-1-15-2 | Scaphandre power sampling + HTTP load | 8000 GET → http://localhost:8001/
[0;35m[MEASURE][0m st-gleam-index-1-15-2 | stopping Scaphandre + appending CSV …
[0;35m[MEASURE][0m st-gleam-index-1-15-2 | [0;32m8000/8000 ok[0m | 6.5s | 1226 req/s | results/2026-05-08_140359/static/st-gleam-index-1-15-2.csv
[0;36m[PROGRESS][0m 57/143 (39%) | elapsed 1h11m | ETA ~1h47m | remaining 86 | static HTTP | st-gleam-index-1-15-2 | level 5/13 | 10000 requests
[0;35m[MEASURE][0m st-gleam-index-1-15-2 | Docker start + HTTP readiness wait …
[0;35m[MEASURE][0m st-gleam-index-1-15-2 | Scaphandre power sampling + HTTP load | 10000 GET → http://localhost:8001/
[0;35m[MEASURE][0m st-gleam-index-1-15-2 | stopping Scaphandre + appending CSV …
[0;35m[MEASURE][0m st-gleam-index-1-15-2 | [0;32m10000/10000 ok[0m | 8.2s | 1217 req/s | results/2026-05-08_140359/static/st-gleam-index-1-15-2.csv
[0;36m[PROGRESS][0m 58/143 (40%) | elapsed 1h12m | ETA ~1h45m | remaining 85 | static HTTP | st-gleam-index-1-15-2 | level 6/13 | 15000 requests
[0;35m[MEASURE][0m st-gleam-index-1-15-2 | Docker start + HTTP readiness wait …
[0;35m[MEASURE][0m st-gleam-index-1-15-2 | Scaphandre power sampling + HTTP load | 15000 GET → http://localhost:8001/
[0;35m[MEASURE][0m st-gleam-index-1-15-2 | stopping Scaphandre + appending CSV …
[0;35m[MEASURE][0m st-gleam-index-1-15-2 | [0;32m15000/15000 ok[0m | 13.3s | 1132 req/s | results/2026-05-08_140359/static/st-gleam-index-1-15-2.csv
[0;36m[PROGRESS][0m 59/143 (41%) | elapsed 1h13m | ETA ~1h44m | remaining 84 | static HTTP | st-gleam-index-1-15-2 | level 7/13 | 20000 requests
[0;35m[MEASURE][0m st-gleam-index-1-15-2 | Docker start + HTTP readiness wait …
[0;35m[MEASURE][0m st-gleam-index-1-15-2 | Scaphandre power sampling + HTTP load | 20000 GET → http://localhost:8001/
[0;35m[MEASURE][0m st-gleam-index-1-15-2 | stopping Scaphandre + appending CSV …
[0;35m[MEASURE][0m st-gleam-index-1-15-2 | [0;32m20000/20000 ok[0m | 18.8s | 1066 req/s | results/2026-05-08_140359/static/st-gleam-index-1-15-2.csv
[0;36m[PROGRESS][0m 60/143 (41%) | elapsed 1h14m | ETA ~1h43m | remaining 83 | static HTTP | st-gleam-index-1-15-2 | level 8/13 | 30000 requests
[0;35m[MEASURE][0m st-gleam-index-1-15-2 | Docker start + HTTP readiness wait …
[0;35m[MEASURE][0m st-gleam-index-1-15-2 | Scaphandre power sampling + HTTP load | 30000 GET → http://localhost:8001/
[0;35m[MEASURE][0m st-gleam-index-1-15-2 | stopping Scaphandre + appending CSV …
[0;35m[MEASURE][0m st-gleam-index-1-15-2 | 28231/30000 | 33.1s | 907 req/s | results/2026-05-08_140359/static/st-gleam-index-1-15-2.csv
[0;36m[PROGRESS][0m 61/143 (42%) | elapsed 1h16m | ETA ~1h42m | remaining 82 | static HTTP | st-gleam-index-1-15-2 | level 9/13 | 40000 requests
[0;35m[MEASURE][0m st-gleam-index-1-15-2 | Docker start + HTTP readiness wait …
[0;35m[MEASURE][0m st-gleam-index-1-15-2 | Scaphandre power sampling + HTTP load | 40000 GET → http://localhost:8001/
[0;35m[MEASURE][0m st-gleam-index-1-15-2 | stopping Scaphandre + appending CSV …
[0;35m[MEASURE][0m st-gleam-index-1-15-2 | 28232/40000 | 59.7s | 670 req/s | results/2026-05-08_140359/static/st-gleam-index-1-15-2.csv
[0;36m[PROGRESS][0m 62/143 (43%) | elapsed 1h18m | ETA ~1h41m | remaining 81 | static HTTP | st-gleam-index-1-15-2 | level 10/13 | 50000 requests
[0;35m[MEASURE][0m st-gleam-index-1-15-2 | Docker start + HTTP readiness wait …
[0;35m[MEASURE][0m st-gleam-index-1-15-2 | Scaphandre power sampling + HTTP load | 50000 GET → http://localhost:8001/
[0;35m[MEASURE][0m st-gleam-index-1-15-2 | HTTP requests 40026/50000 (60s elapsed)
[0;35m[MEASURE][0m st-gleam-index-1-15-2 | stopping Scaphandre + appending CSV …
[0;35m[MEASURE][0m st-gleam-index-1-15-2 | 37367/50000 | 70.5s | 709 req/s | results/2026-05-08_140359/static/st-gleam-index-1-15-2.csv
[0;36m[PROGRESS][0m 63/143 (44%) | elapsed 1h20m | ETA ~1h41m | remaining 80 | static HTTP | st-gleam-index-1-15-2 | level 11/13 | 60000 requests
[0;35m[MEASURE][0m st-gleam-index-1-15-2 | Docker start + HTTP readiness wait …
[0;35m[MEASURE][0m st-gleam-index-1-15-2 | Scaphandre power sampling + HTTP load | 60000 GET → http://localhost:8001/
[0;35m[MEASURE][0m st-gleam-index-1-15-2 | HTTP requests 40027/60000 (60s elapsed)
[0;35m[MEASURE][0m st-gleam-index-1-15-2 | stopping Scaphandre + appending CSV …
[0;35m[MEASURE][0m st-gleam-index-1-15-2 | 47357/60000 | 81.1s | 740 req/s | results/2026-05-08_140359/static/st-gleam-index-1-15-2.csv
[0;36m[PROGRESS][0m 64/143 (44%) | elapsed 1h22m | ETA ~1h41m | remaining 79 | static HTTP | st-gleam-index-1-15-2 | level 12/13 | 70000 requests
[0;35m[MEASURE][0m st-gleam-index-1-15-2 | Docker start + HTTP readiness wait …
[0;35m[MEASURE][0m st-gleam-index-1-15-2 | Scaphandre power sampling + HTTP load | 70000 GET → http://localhost:8001/
[0;35m[MEASURE][0m st-gleam-index-1-15-2 | HTTP requests 39862/70000 (60s elapsed)
[0;35m[MEASURE][0m st-gleam-index-1-15-2 | stopping Scaphandre + appending CSV …
[0;35m[MEASURE][0m st-gleam-index-1-15-2 | 56463/70000 | 95.8s | 731 req/s | results/2026-05-08_140359/static/st-gleam-index-1-15-2.csv
[0;36m[PROGRESS][0m 65/143 (45%) | elapsed 1h24m | ETA ~1h41m | remaining 78 | static HTTP | st-gleam-index-1-15-2 | level 13/13 | 80000 requests
[0;35m[MEASURE][0m st-gleam-index-1-15-2 | Docker start + HTTP readiness wait …
[0;35m[MEASURE][0m st-gleam-index-1-15-2 | Scaphandre power sampling + HTTP load | 80000 GET → http://localhost:8001/
[0;35m[MEASURE][0m st-gleam-index-1-15-2 | HTTP requests 39846/80000 (60s elapsed)
[0;35m[MEASURE][0m st-gleam-index-1-15-2 | HTTP requests 78471/80000 (120s elapsed)
[0;35m[MEASURE][0m st-gleam-index-1-15-2 | stopping Scaphandre + appending CSV …
[0;35m[MEASURE][0m st-gleam-index-1-15-2 | 56980/80000 | 123.3s | 649 req/s | results/2026-05-08_140359/static/st-gleam-index-1-15-2.csv
[0;34mRunning static tests for st-gleam-pure-1-15-2 on port 8001[0m (6/11)
[0;36m[PROGRESS][0m 66/143 (46%) | elapsed 1h27m | ETA ~1h42m | remaining 77 | static HTTP | st-gleam-pure-1-15-2 | level 1/13 | 100 requests
[0;35m[MEASURE][0m st-gleam-pure-1-15-2 | Docker start + HTTP readiness wait …
[0;35m[MEASURE][0m st-gleam-pure-1-15-2 | Scaphandre power sampling + HTTP load | 100 GET → http://localhost:8001/
[0;35m[MEASURE][0m st-gleam-pure-1-15-2 | stopping Scaphandre + appending CSV …
[0;35m[MEASURE][0m st-gleam-pure-1-15-2 | [0;32m100/100 ok[0m | 0.1s | 714 req/s | results/2026-05-08_140359/static/st-gleam-pure-1-15-2.csv
[0;36m[PROGRESS][0m 67/143 (46%) | elapsed 1h28m | ETA ~1h40m | remaining 76 | static HTTP | st-gleam-pure-1-15-2 | level 2/13 | 1000 requests
[0;35m[MEASURE][0m st-gleam-pure-1-15-2 | Docker start + HTTP readiness wait …
[0;35m[MEASURE][0m st-gleam-pure-1-15-2 | Scaphandre power sampling + HTTP load | 1000 GET → http://localhost:8001/
[0;35m[MEASURE][0m st-gleam-pure-1-15-2 | stopping Scaphandre + appending CSV …
[0;35m[MEASURE][0m st-gleam-pure-1-15-2 | [0;32m1000/1000 ok[0m | 0.7s | 1339 req/s | results/2026-05-08_140359/static/st-gleam-pure-1-15-2.csv
[0;36m[PROGRESS][0m 68/143 (47%) | elapsed 1h29m | ETA ~1h38m | remaining 75 | static HTTP | st-gleam-pure-1-15-2 | level 3/13 | 5000 requests
[0;35m[MEASURE][0m st-gleam-pure-1-15-2 | Docker start + HTTP readiness wait …
[0;35m[MEASURE][0m st-gleam-pure-1-15-2 | Scaphandre power sampling + HTTP load | 5000 GET → http://localhost:8001/
[0;35m[MEASURE][0m st-gleam-pure-1-15-2 | stopping Scaphandre + appending CSV …
[0;35m[MEASURE][0m st-gleam-pure-1-15-2 | [0;32m5000/5000 ok[0m | 4.0s | 1241 req/s | results/2026-05-08_140359/static/st-gleam-pure-1-15-2.csv
[0;36m[PROGRESS][0m 69/143 (48%) | elapsed 1h30m | ETA ~1h37m | remaining 74 | static HTTP | st-gleam-pure-1-15-2 | level 4/13 | 8000 requests
[0;35m[MEASURE][0m st-gleam-pure-1-15-2 | Docker start + HTTP readiness wait …
[0;35m[MEASURE][0m st-gleam-pure-1-15-2 | Scaphandre power sampling + HTTP load | 8000 GET → http://localhost:8001/
[0;35m[MEASURE][0m st-gleam-pure-1-15-2 | stopping Scaphandre + appending CSV …
[0;35m[MEASURE][0m st-gleam-pure-1-15-2 | [0;32m8000/8000 ok[0m | 6.4s | 1250 req/s | results/2026-05-08_140359/static/st-gleam-pure-1-15-2.csv
[0;36m[PROGRESS][0m 70/143 (48%) | elapsed 1h31m | ETA ~1h35m | remaining 73 | static HTTP | st-gleam-pure-1-15-2 | level 5/13 | 10000 requests
[0;35m[MEASURE][0m st-gleam-pure-1-15-2 | Docker start + HTTP readiness wait …
[0;35m[MEASURE][0m st-gleam-pure-1-15-2 | Scaphandre power sampling + HTTP load | 10000 GET → http://localhost:8001/
[0;35m[MEASURE][0m st-gleam-pure-1-15-2 | stopping Scaphandre + appending CSV …
[0;35m[MEASURE][0m st-gleam-pure-1-15-2 | [0;32m10000/10000 ok[0m | 8.2s | 1226 req/s | results/2026-05-08_140359/static/st-gleam-pure-1-15-2.csv
[0;36m[PROGRESS][0m 71/143 (49%) | elapsed 1h32m | ETA ~1h34m | remaining 72 | static HTTP | st-gleam-pure-1-15-2 | level 6/13 | 15000 requests
[0;35m[MEASURE][0m st-gleam-pure-1-15-2 | Docker start + HTTP readiness wait …
[0;35m[MEASURE][0m st-gleam-pure-1-15-2 | Scaphandre power sampling + HTTP load | 15000 GET → http://localhost:8001/
[0;35m[MEASURE][0m st-gleam-pure-1-15-2 | stopping Scaphandre + appending CSV …
[0;35m[MEASURE][0m st-gleam-pure-1-15-2 | [0;32m15000/15000 ok[0m | 12.9s | 1165 req/s | results/2026-05-08_140359/static/st-gleam-pure-1-15-2.csv
[0;36m[PROGRESS][0m 72/143 (50%) | elapsed 1h33m | ETA ~1h32m | remaining 71 | static HTTP | st-gleam-pure-1-15-2 | level 7/13 | 20000 requests
[0;35m[MEASURE][0m st-gleam-pure-1-15-2 | Docker start + HTTP readiness wait …
[0;35m[MEASURE][0m st-gleam-pure-1-15-2 | Scaphandre power sampling + HTTP load | 20000 GET → http://localhost:8001/
[0;35m[MEASURE][0m st-gleam-pure-1-15-2 | stopping Scaphandre + appending CSV …
[0;35m[MEASURE][0m st-gleam-pure-1-15-2 | [0;32m20000/20000 ok[0m | 18.2s | 1098 req/s | results/2026-05-08_140359/static/st-gleam-pure-1-15-2.csv
[0;36m[PROGRESS][0m 73/143 (51%) | elapsed 1h35m | ETA ~1h31m | remaining 70 | static HTTP | st-gleam-pure-1-15-2 | level 8/13 | 30000 requests
[0;35m[MEASURE][0m st-gleam-pure-1-15-2 | Docker start + HTTP readiness wait …
[0;35m[MEASURE][0m st-gleam-pure-1-15-2 | Scaphandre power sampling + HTTP load | 30000 GET → http://localhost:8001/
[0;35m[MEASURE][0m st-gleam-pure-1-15-2 | stopping Scaphandre + appending CSV …
[0;35m[MEASURE][0m st-gleam-pure-1-15-2 | 28231/30000 | 32.1s | 934 req/s | results/2026-05-08_140359/static/st-gleam-pure-1-15-2.csv
[0;36m[PROGRESS][0m 74/143 (51%) | elapsed 1h36m | ETA ~1h29m | remaining 69 | static HTTP | st-gleam-pure-1-15-2 | level 9/13 | 40000 requests
[0;35m[MEASURE][0m st-gleam-pure-1-15-2 | Docker start + HTTP readiness wait …
[0;35m[MEASURE][0m st-gleam-pure-1-15-2 | Scaphandre power sampling + HTTP load | 40000 GET → http://localhost:8001/
[0;35m[MEASURE][0m st-gleam-pure-1-15-2 | stopping Scaphandre + appending CSV …
[0;35m[MEASURE][0m st-gleam-pure-1-15-2 | 28232/40000 | 58.6s | 683 req/s | results/2026-05-08_140359/static/st-gleam-pure-1-15-2.csv
[0;36m[PROGRESS][0m 75/143 (52%) | elapsed 1h38m | ETA ~1h29m | remaining 68 | static HTTP | st-gleam-pure-1-15-2 | level 10/13 | 50000 requests
[0;35m[MEASURE][0m st-gleam-pure-1-15-2 | Docker start + HTTP readiness wait …
[0;35m[MEASURE][0m st-gleam-pure-1-15-2 | Scaphandre power sampling + HTTP load | 50000 GET → http://localhost:8001/
[0;35m[MEASURE][0m st-gleam-pure-1-15-2 | HTTP requests 40403/50000 (60s elapsed)
[0;35m[MEASURE][0m st-gleam-pure-1-15-2 | stopping Scaphandre + appending CSV …
[0;35m[MEASURE][0m st-gleam-pure-1-15-2 | 36967/50000 | 69.8s | 716 req/s | results/2026-05-08_140359/static/st-gleam-pure-1-15-2.csv
[0;36m[PROGRESS][0m 76/143 (53%) | elapsed 1h40m | ETA ~1h28m | remaining 67 | static HTTP | st-gleam-pure-1-15-2 | level 11/13 | 60000 requests
[0;35m[MEASURE][0m st-gleam-pure-1-15-2 | Docker start + HTTP readiness wait …
[0;35m[MEASURE][0m st-gleam-pure-1-15-2 | Scaphandre power sampling + HTTP load | 60000 GET → http://localhost:8001/
[0;35m[MEASURE][0m st-gleam-pure-1-15-2 | HTTP requests 40372/60000 (60s elapsed)
[0;35m[MEASURE][0m st-gleam-pure-1-15-2 | stopping Scaphandre + appending CSV …
[0;35m[MEASURE][0m st-gleam-pure-1-15-2 | 46953/60000 | 79.8s | 752 req/s | results/2026-05-08_140359/static/st-gleam-pure-1-15-2.csv
[0;36m[PROGRESS][0m 77/143 (53%) | elapsed 1h42m | ETA ~1h28m | remaining 66 | static HTTP | st-gleam-pure-1-15-2 | level 12/13 | 70000 requests
[0;35m[MEASURE][0m st-gleam-pure-1-15-2 | Docker start + HTTP readiness wait …
[0;35m[MEASURE][0m st-gleam-pure-1-15-2 | Scaphandre power sampling + HTTP load | 70000 GET → http://localhost:8001/
[0;35m[MEASURE][0m st-gleam-pure-1-15-2 | HTTP requests 40137/70000 (60s elapsed)
[0;35m[MEASURE][0m st-gleam-pure-1-15-2 | stopping Scaphandre + appending CSV …
[0;35m[MEASURE][0m st-gleam-pure-1-15-2 | 56463/70000 | 93.9s | 746 req/s | results/2026-05-08_140359/static/st-gleam-pure-1-15-2.csv
[0;36m[PROGRESS][0m 78/143 (54%) | elapsed 1h45m | ETA ~1h27m | remaining 65 | static HTTP | st-gleam-pure-1-15-2 | level 13/13 | 80000 requests
[0;35m[MEASURE][0m st-gleam-pure-1-15-2 | Docker start + HTTP readiness wait …
[0;35m[MEASURE][0m st-gleam-pure-1-15-2 | Scaphandre power sampling + HTTP load | 80000 GET → http://localhost:8001/
[0;35m[MEASURE][0m st-gleam-pure-1-15-2 | HTTP requests 40213/80000 (60s elapsed)
[0;35m[MEASURE][0m st-gleam-pure-1-15-2 | HTTP requests 79221/80000 (120s elapsed)
[0;35m[MEASURE][0m st-gleam-pure-1-15-2 | stopping Scaphandre + appending CSV …
[0;35m[MEASURE][0m st-gleam-pure-1-15-2 | 56464/80000 | 122.1s | 655 req/s | results/2026-05-08_140359/static/st-gleam-pure-1-15-2.csv
[0;34mRunning static tests for st-gleam-mist-1-15-2 on port 8001[0m (7/11)
[0;36m[PROGRESS][0m 79/143 (55%) | elapsed 1h48m | ETA ~1h27m | remaining 64 | static HTTP | st-gleam-mist-1-15-2 | level 1/13 | 100 requests
[0;35m[MEASURE][0m st-gleam-mist-1-15-2 | Docker start + HTTP readiness wait …
[0;35m[MEASURE][0m st-gleam-mist-1-15-2 | Scaphandre power sampling + HTTP load | 100 GET → http://localhost:8001/
[0;35m[MEASURE][0m st-gleam-mist-1-15-2 | stopping Scaphandre + appending CSV …
[0;35m[MEASURE][0m st-gleam-mist-1-15-2 | [0;32m100/100 ok[0m | 0.2s | 500 req/s | results/2026-05-08_140359/static/st-gleam-mist-1-15-2.csv
[0;36m[PROGRESS][0m 80/143 (55%) | elapsed 1h49m | ETA ~1h25m | remaining 63 | static HTTP | st-gleam-mist-1-15-2 | level 2/13 | 1000 requests
[0;35m[MEASURE][0m st-gleam-mist-1-15-2 | Docker start + HTTP readiness wait …
[0;35m[MEASURE][0m st-gleam-mist-1-15-2 | Scaphandre power sampling + HTTP load | 1000 GET → http://localhost:8001/
[0;35m[MEASURE][0m st-gleam-mist-1-15-2 | stopping Scaphandre + appending CSV …
[0;35m[MEASURE][0m st-gleam-mist-1-15-2 | [0;32m1000/1000 ok[0m | 0.9s | 1157 req/s | results/2026-05-08_140359/static/st-gleam-mist-1-15-2.csv
[0;36m[PROGRESS][0m 81/143 (56%) | elapsed 1h50m | ETA ~1h24m | remaining 62 | static HTTP | st-gleam-mist-1-15-2 | level 3/13 | 5000 requests
[0;35m[MEASURE][0m st-gleam-mist-1-15-2 | Docker start + HTTP readiness wait …
[0;35m[MEASURE][0m st-gleam-mist-1-15-2 | Scaphandre power sampling + HTTP load | 5000 GET → http://localhost:8001/
[0;35m[MEASURE][0m st-gleam-mist-1-15-2 | stopping Scaphandre + appending CSV …
[0;35m[MEASURE][0m st-gleam-mist-1-15-2 | [0;32m5000/5000 ok[0m | 4.2s | 1191 req/s | results/2026-05-08_140359/static/st-gleam-mist-1-15-2.csv
[0;36m[PROGRESS][0m 82/143 (57%) | elapsed 1h51m | ETA ~1h22m | remaining 61 | static HTTP | st-gleam-mist-1-15-2 | level 4/13 | 8000 requests
[0;35m[MEASURE][0m st-gleam-mist-1-15-2 | Docker start + HTTP readiness wait …
[0;35m[MEASURE][0m st-gleam-mist-1-15-2 | Scaphandre power sampling + HTTP load | 8000 GET → http://localhost:8001/
[0;35m[MEASURE][0m st-gleam-mist-1-15-2 | stopping Scaphandre + appending CSV …
[0;35m[MEASURE][0m st-gleam-mist-1-15-2 | [0;32m8000/8000 ok[0m | 6.3s | 1270 req/s | results/2026-05-08_140359/static/st-gleam-mist-1-15-2.csv
[0;36m[PROGRESS][0m 83/143 (58%) | elapsed 1h52m | ETA ~1h21m | remaining 60 | static HTTP | st-gleam-mist-1-15-2 | level 5/13 | 10000 requests
[0;35m[MEASURE][0m st-gleam-mist-1-15-2 | Docker start + HTTP readiness wait …
[0;35m[MEASURE][0m st-gleam-mist-1-15-2 | Scaphandre power sampling + HTTP load | 10000 GET → http://localhost:8001/
[0;35m[MEASURE][0m st-gleam-mist-1-15-2 | stopping Scaphandre + appending CSV …
[0;35m[MEASURE][0m st-gleam-mist-1-15-2 | [0;32m10000/10000 ok[0m | 8.1s | 1228 req/s | results/2026-05-08_140359/static/st-gleam-mist-1-15-2.csv
[0;36m[PROGRESS][0m 84/143 (58%) | elapsed 1h53m | ETA ~1h19m | remaining 59 | static HTTP | st-gleam-mist-1-15-2 | level 6/13 | 15000 requests
[0;35m[MEASURE][0m st-gleam-mist-1-15-2 | Docker start + HTTP readiness wait …
[0;35m[MEASURE][0m st-gleam-mist-1-15-2 | Scaphandre power sampling + HTTP load | 15000 GET → http://localhost:8001/
[0;35m[MEASURE][0m st-gleam-mist-1-15-2 | stopping Scaphandre + appending CSV …
[0;35m[MEASURE][0m st-gleam-mist-1-15-2 | [0;32m15000/15000 ok[0m | 12.6s | 1189 req/s | results/2026-05-08_140359/static/st-gleam-mist-1-15-2.csv
[0;36m[PROGRESS][0m 85/143 (59%) | elapsed 1h54m | ETA ~1h17m | remaining 58 | static HTTP | st-gleam-mist-1-15-2 | level 7/13 | 20000 requests
[0;35m[MEASURE][0m st-gleam-mist-1-15-2 | Docker start + HTTP readiness wait …
[0;35m[MEASURE][0m st-gleam-mist-1-15-2 | Scaphandre power sampling + HTTP load | 20000 GET → http://localhost:8001/
[0;35m[MEASURE][0m st-gleam-mist-1-15-2 | stopping Scaphandre + appending CSV …
[0;35m[MEASURE][0m st-gleam-mist-1-15-2 | [0;32m20000/20000 ok[0m | 18.0s | 1112 req/s | results/2026-05-08_140359/static/st-gleam-mist-1-15-2.csv
[0;36m[PROGRESS][0m 86/143 (60%) | elapsed 1h55m | ETA ~1h16m | remaining 57 | static HTTP | st-gleam-mist-1-15-2 | level 8/13 | 30000 requests
[0;35m[MEASURE][0m st-gleam-mist-1-15-2 | Docker start + HTTP readiness wait …
[0;35m[MEASURE][0m st-gleam-mist-1-15-2 | Scaphandre power sampling + HTTP load | 30000 GET → http://localhost:8001/
[0;35m[MEASURE][0m st-gleam-mist-1-15-2 | stopping Scaphandre + appending CSV …
[0;35m[MEASURE][0m st-gleam-mist-1-15-2 | 28231/30000 | 32.1s | 936 req/s | results/2026-05-08_140359/static/st-gleam-mist-1-15-2.csv
[0;36m[PROGRESS][0m 87/143 (60%) | elapsed 1h56m | ETA ~1h15m | remaining 56 | static HTTP | st-gleam-mist-1-15-2 | level 9/13 | 40000 requests
[0;35m[MEASURE][0m st-gleam-mist-1-15-2 | Docker start + HTTP readiness wait …
[0;35m[MEASURE][0m st-gleam-mist-1-15-2 | Scaphandre power sampling + HTTP load | 40000 GET → http://localhost:8001/
[0;35m[MEASURE][0m st-gleam-mist-1-15-2 | stopping Scaphandre + appending CSV …
[0;35m[MEASURE][0m st-gleam-mist-1-15-2 | 28232/40000 | 58.8s | 680 req/s | results/2026-05-08_140359/static/st-gleam-mist-1-15-2.csv
[0;36m[PROGRESS][0m 88/143 (61%) | elapsed 1h58m | ETA ~1h14m | remaining 55 | static HTTP | st-gleam-mist-1-15-2 | level 10/13 | 50000 requests
[0;35m[MEASURE][0m st-gleam-mist-1-15-2 | Docker start + HTTP readiness wait …
[0;35m[MEASURE][0m st-gleam-mist-1-15-2 | Scaphandre power sampling + HTTP load | 50000 GET → http://localhost:8001/
[0;35m[MEASURE][0m st-gleam-mist-1-15-2 | HTTP requests 40475/50000 (60s elapsed)
[0;35m[MEASURE][0m st-gleam-mist-1-15-2 | stopping Scaphandre + appending CSV …
[0;35m[MEASURE][0m st-gleam-mist-1-15-2 | 36886/50000 | 69.8s | 717 req/s | results/2026-05-08_140359/static/st-gleam-mist-1-15-2.csv
[0;36m[PROGRESS][0m 89/143 (62%) | elapsed 2h00m | ETA ~1h13m | remaining 54 | static HTTP | st-gleam-mist-1-15-2 | level 11/13 | 60000 requests
[0;35m[MEASURE][0m st-gleam-mist-1-15-2 | Docker start + HTTP readiness wait …
[0;35m[MEASURE][0m st-gleam-mist-1-15-2 | Scaphandre power sampling + HTTP load | 60000 GET → http://localhost:8001/
[0;35m[MEASURE][0m st-gleam-mist-1-15-2 | HTTP requests 40202/60000 (60s elapsed)
[0;35m[MEASURE][0m st-gleam-mist-1-15-2 | stopping Scaphandre + appending CSV …
[0;35m[MEASURE][0m st-gleam-mist-1-15-2 | 47146/60000 | 80.3s | 747 req/s | results/2026-05-08_140359/static/st-gleam-mist-1-15-2.csv
[0;36m[PROGRESS][0m 90/143 (62%) | elapsed 2h03m | ETA ~1h12m | remaining 53 | static HTTP | st-gleam-mist-1-15-2 | level 12/13 | 70000 requests
[0;35m[MEASURE][0m st-gleam-mist-1-15-2 | Docker start + HTTP readiness wait …
[0;35m[MEASURE][0m st-gleam-mist-1-15-2 | Scaphandre power sampling + HTTP load | 70000 GET → http://localhost:8001/
[0;35m[MEASURE][0m st-gleam-mist-1-15-2 | HTTP requests 40324/70000 (60s elapsed)
[0;35m[MEASURE][0m st-gleam-mist-1-15-2 | stopping Scaphandre + appending CSV …
[0;35m[MEASURE][0m st-gleam-mist-1-15-2 | 56463/70000 | 92.9s | 753 req/s | results/2026-05-08_140359/static/st-gleam-mist-1-15-2.csv
[0;36m[PROGRESS][0m 91/143 (63%) | elapsed 2h05m | ETA ~1h11m | remaining 52 | static HTTP | st-gleam-mist-1-15-2 | level 13/13 | 80000 requests
[0;35m[MEASURE][0m st-gleam-mist-1-15-2 | Docker start + HTTP readiness wait …
[0;35m[MEASURE][0m st-gleam-mist-1-15-2 | Scaphandre power sampling + HTTP load | 80000 GET → http://localhost:8001/
[0;35m[MEASURE][0m st-gleam-mist-1-15-2 | HTTP requests 40311/80000 (60s elapsed)
[0;35m[MEASURE][0m st-gleam-mist-1-15-2 | HTTP requests 79477/80000 (120s elapsed)
[0;35m[MEASURE][0m st-gleam-mist-1-15-2 | stopping Scaphandre + appending CSV …
[0;35m[MEASURE][0m st-gleam-mist-1-15-2 | 56464/80000 | 121.4s | 659 req/s | results/2026-05-08_140359/static/st-gleam-mist-1-15-2.csv
[0;34mRunning static tests for st-erlang-index-28-4-3 on port 8001[0m (8/11)
[0;36m[PROGRESS][0m 92/143 (64%) | elapsed 2h08m | ETA ~1h11m | remaining 51 | static HTTP | st-erlang-index-28-4-3 | level 1/13 | 100 requests
[0;35m[MEASURE][0m st-erlang-index-28-4-3 | Docker start + HTTP readiness wait …
[0;35m[MEASURE][0m st-erlang-index-28-4-3 | Scaphandre power sampling + HTTP load | 100 GET → http://localhost:8001/
[0;35m[MEASURE][0m st-erlang-index-28-4-3 | stopping Scaphandre + appending CSV …
[0;35m[MEASURE][0m st-erlang-index-28-4-3 | [0;32m100/100 ok[0m | 4.4s | 23 req/s | results/2026-05-08_140359/static/st-erlang-index-28-4-3.csv
[0;36m[PROGRESS][0m 93/143 (65%) | elapsed 2h09m | ETA ~1h09m | remaining 50 | static HTTP | st-erlang-index-28-4-3 | level 2/13 | 1000 requests
[0;35m[MEASURE][0m st-erlang-index-28-4-3 | Docker start + HTTP readiness wait …
[0;35m[MEASURE][0m st-erlang-index-28-4-3 | Scaphandre power sampling + HTTP load | 1000 GET → http://localhost:8001/
[0;35m[MEASURE][0m st-erlang-index-28-4-3 | stopping Scaphandre + appending CSV …
[0;35m[MEASURE][0m st-erlang-index-28-4-3 | [0;32m1000/1000 ok[0m | 2.9s | 346 req/s | results/2026-05-08_140359/static/st-erlang-index-28-4-3.csv
[0;36m[PROGRESS][0m 94/143 (65%) | elapsed 2h10m | ETA ~1h07m | remaining 49 | static HTTP | st-erlang-index-28-4-3 | level 3/13 | 5000 requests
[0;35m[MEASURE][0m st-erlang-index-28-4-3 | Docker start + HTTP readiness wait …
[0;35m[MEASURE][0m st-erlang-index-28-4-3 | Scaphandre power sampling + HTTP load | 5000 GET → http://localhost:8001/
[0;35m[MEASURE][0m st-erlang-index-28-4-3 | stopping Scaphandre + appending CSV …
[0;35m[MEASURE][0m st-erlang-index-28-4-3 | [0;32m5000/5000 ok[0m | 3.8s | 1303 req/s | results/2026-05-08_140359/static/st-erlang-index-28-4-3.csv
[0;36m[PROGRESS][0m 95/143 (66%) | elapsed 2h11m | ETA ~1h06m | remaining 48 | static HTTP | st-erlang-index-28-4-3 | level 4/13 | 8000 requests
[0;35m[MEASURE][0m st-erlang-index-28-4-3 | Docker start + HTTP readiness wait …
[0;35m[MEASURE][0m st-erlang-index-28-4-3 | Scaphandre power sampling + HTTP load | 8000 GET → http://localhost:8001/
[0;35m[MEASURE][0m st-erlang-index-28-4-3 | stopping Scaphandre + appending CSV …
[0;35m[MEASURE][0m st-erlang-index-28-4-3 | [0;32m8000/8000 ok[0m | 6.3s | 1260 req/s | results/2026-05-08_140359/static/st-erlang-index-28-4-3.csv
[0;36m[PROGRESS][0m 96/143 (67%) | elapsed 2h11m | ETA ~1h04m | remaining 47 | static HTTP | st-erlang-index-28-4-3 | level 5/13 | 10000 requests
[0;35m[MEASURE][0m st-erlang-index-28-4-3 | Docker start + HTTP readiness wait …
[0;35m[MEASURE][0m st-erlang-index-28-4-3 | Scaphandre power sampling + HTTP load | 10000 GET → http://localhost:8001/
[0;35m[MEASURE][0m st-erlang-index-28-4-3 | stopping Scaphandre + appending CSV …
[0;35m[MEASURE][0m st-erlang-index-28-4-3 | [0;32m10000/10000 ok[0m | 9.0s | 1113 req/s | results/2026-05-08_140359/static/st-erlang-index-28-4-3.csv
[0;36m[PROGRESS][0m 97/143 (67%) | elapsed 2h12m | ETA ~1h02m | remaining 46 | static HTTP | st-erlang-index-28-4-3 | level 6/13 | 15000 requests
[0;35m[MEASURE][0m st-erlang-index-28-4-3 | Docker start + HTTP readiness wait …
[0;35m[MEASURE][0m st-erlang-index-28-4-3 | Scaphandre power sampling + HTTP load | 15000 GET → http://localhost:8001/
[0;35m[MEASURE][0m st-erlang-index-28-4-3 | stopping Scaphandre + appending CSV …
[0;35m[MEASURE][0m st-erlang-index-28-4-3 | [0;32m15000/15000 ok[0m | 12.5s | 1196 req/s | results/2026-05-08_140359/static/st-erlang-index-28-4-3.csv
[0;36m[PROGRESS][0m 98/143 (68%) | elapsed 2h13m | ETA ~1h01m | remaining 45 | static HTTP | st-erlang-index-28-4-3 | level 7/13 | 20000 requests
[0;35m[MEASURE][0m st-erlang-index-28-4-3 | Docker start + HTTP readiness wait …
[0;35m[MEASURE][0m st-erlang-index-28-4-3 | Scaphandre power sampling + HTTP load | 20000 GET → http://localhost:8001/
[0;35m[MEASURE][0m st-erlang-index-28-4-3 | stopping Scaphandre + appending CSV …
[0;35m[MEASURE][0m st-erlang-index-28-4-3 | [0;32m20000/20000 ok[0m | 17.5s | 1144 req/s | results/2026-05-08_140359/static/st-erlang-index-28-4-3.csv
[0;36m[PROGRESS][0m 99/143 (69%) | elapsed 2h14m | ETA ~59m | remaining 44 | static HTTP | st-erlang-index-28-4-3 | level 8/13 | 30000 requests
[0;35m[MEASURE][0m st-erlang-index-28-4-3 | Docker start + HTTP readiness wait …
[0;35m[MEASURE][0m st-erlang-index-28-4-3 | Scaphandre power sampling + HTTP load | 30000 GET → http://localhost:8001/
[0;35m[MEASURE][0m st-erlang-index-28-4-3 | stopping Scaphandre + appending CSV …
[0;35m[MEASURE][0m st-erlang-index-28-4-3 | [0;32m30000/30000 ok[0m | 25.4s | 1180 req/s | results/2026-05-08_140359/static/st-erlang-index-28-4-3.csv
[0;36m[PROGRESS][0m 100/143 (69%) | elapsed 2h15m | ETA ~58m | remaining 43 | static HTTP | st-erlang-index-28-4-3 | level 9/13 | 40000 requests
[0;35m[MEASURE][0m st-erlang-index-28-4-3 | Docker start + HTTP readiness wait …
[0;35m[MEASURE][0m st-erlang-index-28-4-3 | Scaphandre power sampling + HTTP load | 40000 GET → http://localhost:8001/
[0;35m[MEASURE][0m st-erlang-index-28-4-3 | stopping Scaphandre + appending CSV …
[0;35m[MEASURE][0m st-erlang-index-28-4-3 | [0;32m40000/40000 ok[0m | 35.3s | 1133 req/s | results/2026-05-08_140359/static/st-erlang-index-28-4-3.csv
[0;36m[PROGRESS][0m 101/143 (70%) | elapsed 2h17m | ETA ~57m | remaining 42 | static HTTP | st-erlang-index-28-4-3 | level 10/13 | 50000 requests
[0;35m[MEASURE][0m st-erlang-index-28-4-3 | Docker start + HTTP readiness wait …
[0;35m[MEASURE][0m st-erlang-index-28-4-3 | Scaphandre power sampling + HTTP load | 50000 GET → http://localhost:8001/
[0;35m[MEASURE][0m st-erlang-index-28-4-3 | stopping Scaphandre + appending CSV …
[0;35m[MEASURE][0m st-erlang-index-28-4-3 | 49979/50000 | 44.2s | 1130 req/s | results/2026-05-08_140359/static/st-erlang-index-28-4-3.csv
[0;36m[PROGRESS][0m 102/143 (71%) | elapsed 2h18m | ETA ~55m | remaining 41 | static HTTP | st-erlang-index-28-4-3 | level 11/13 | 60000 requests
[0;35m[MEASURE][0m st-erlang-index-28-4-3 | Docker start + HTTP readiness wait …
[0;35m[MEASURE][0m st-erlang-index-28-4-3 | Scaphandre power sampling + HTTP load | 60000 GET → http://localhost:8001/
[0;35m[MEASURE][0m st-erlang-index-28-4-3 | stopping Scaphandre + appending CSV …
[0;35m[MEASURE][0m st-erlang-index-28-4-3 | 59916/60000 | 56.2s | 1067 req/s | results/2026-05-08_140359/static/st-erlang-index-28-4-3.csv
[0;36m[PROGRESS][0m 103/143 (72%) | elapsed 2h20m | ETA ~54m | remaining 40 | static HTTP | st-erlang-index-28-4-3 | level 12/13 | 70000 requests
[0;35m[MEASURE][0m st-erlang-index-28-4-3 | Docker start + HTTP readiness wait …
[0;35m[MEASURE][0m st-erlang-index-28-4-3 | Scaphandre power sampling + HTTP load | 70000 GET → http://localhost:8001/
[0;35m[MEASURE][0m st-erlang-index-28-4-3 | HTTP requests 64421/70000 (60s elapsed)
[0;35m[MEASURE][0m st-erlang-index-28-4-3 | stopping Scaphandre + appending CSV …
[0;35m[MEASURE][0m st-erlang-index-28-4-3 | 69938/70000 | 68.7s | 1019 req/s | results/2026-05-08_140359/static/st-erlang-index-28-4-3.csv
[0;36m[PROGRESS][0m 104/143 (72%) | elapsed 2h22m | ETA ~53m | remaining 39 | static HTTP | st-erlang-index-28-4-3 | level 13/13 | 80000 requests
[0;35m[MEASURE][0m st-erlang-index-28-4-3 | Docker start + HTTP readiness wait …
[0;35m[MEASURE][0m st-erlang-index-28-4-3 | Scaphandre power sampling + HTTP load | 80000 GET → http://localhost:8001/
[0;35m[MEASURE][0m st-erlang-index-28-4-3 | HTTP requests 64466/80000 (60s elapsed)
[0;35m[MEASURE][0m st-erlang-index-28-4-3 | stopping Scaphandre + appending CSV …
[0;35m[MEASURE][0m st-erlang-index-28-4-3 | 79950/80000 | 84.2s | 950 req/s | results/2026-05-08_140359/static/st-erlang-index-28-4-3.csv
[0;34mRunning static tests for st-erlang-yaws-28-4-3 on port 8001[0m (9/11)
[0;36m[PROGRESS][0m 105/143 (73%) | elapsed 2h24m | ETA ~52m | remaining 38 | static HTTP | st-erlang-yaws-28-4-3 | level 1/13 | 100 requests
[0;35m[MEASURE][0m st-erlang-yaws-28-4-3 | Docker start + HTTP readiness wait …
[0;35m[MEASURE][0m st-erlang-yaws-28-4-3 | Scaphandre power sampling + HTTP load | 100 GET → http://localhost:8001/
[0;35m[MEASURE][0m st-erlang-yaws-28-4-3 | stopping Scaphandre + appending CSV …
[0;35m[MEASURE][0m st-erlang-yaws-28-4-3 | [0;32m100/100 ok[0m | 0.2s | 499 req/s | results/2026-05-08_140359/static/st-erlang-yaws-28-4-3.csv
[0;36m[PROGRESS][0m 106/143 (74%) | elapsed 2h25m | ETA ~50m | remaining 37 | static HTTP | st-erlang-yaws-28-4-3 | level 2/13 | 1000 requests
[0;35m[MEASURE][0m st-erlang-yaws-28-4-3 | Docker start + HTTP readiness wait …
[0;35m[MEASURE][0m st-erlang-yaws-28-4-3 | Scaphandre power sampling + HTTP load | 1000 GET → http://localhost:8001/
[0;35m[MEASURE][0m st-erlang-yaws-28-4-3 | stopping Scaphandre + appending CSV …
[0;35m[MEASURE][0m st-erlang-yaws-28-4-3 | [0;32m1000/1000 ok[0m | 0.9s | 1068 req/s | results/2026-05-08_140359/static/st-erlang-yaws-28-4-3.csv
[0;36m[PROGRESS][0m 107/143 (74%) | elapsed 2h26m | ETA ~49m | remaining 36 | static HTTP | st-erlang-yaws-28-4-3 | level 3/13 | 5000 requests
[0;35m[MEASURE][0m st-erlang-yaws-28-4-3 | Docker start + HTTP readiness wait …
[0;35m[MEASURE][0m st-erlang-yaws-28-4-3 | Scaphandre power sampling + HTTP load | 5000 GET → http://localhost:8001/
[0;35m[MEASURE][0m st-erlang-yaws-28-4-3 | stopping Scaphandre + appending CSV …
[0;35m[MEASURE][0m st-erlang-yaws-28-4-3 | [0;32m5000/5000 ok[0m | 3.9s | 1274 req/s | results/2026-05-08_140359/static/st-erlang-yaws-28-4-3.csv
[0;36m[PROGRESS][0m 108/143 (75%) | elapsed 2h27m | ETA ~47m | remaining 35 | static HTTP | st-erlang-yaws-28-4-3 | level 4/13 | 8000 requests
[0;35m[MEASURE][0m st-erlang-yaws-28-4-3 | Docker start + HTTP readiness wait …
[0;35m[MEASURE][0m st-erlang-yaws-28-4-3 | Scaphandre power sampling + HTTP load | 8000 GET → http://localhost:8001/
[0;35m[MEASURE][0m st-erlang-yaws-28-4-3 | stopping Scaphandre + appending CSV …
[0;35m[MEASURE][0m st-erlang-yaws-28-4-3 | [0;32m8000/8000 ok[0m | 6.5s | 1239 req/s | results/2026-05-08_140359/static/st-erlang-yaws-28-4-3.csv
[0;36m[PROGRESS][0m 109/143 (76%) | elapsed 2h28m | ETA ~46m | remaining 34 | static HTTP | st-erlang-yaws-28-4-3 | level 5/13 | 10000 requests
[0;35m[MEASURE][0m st-erlang-yaws-28-4-3 | Docker start + HTTP readiness wait …
[0;35m[MEASURE][0m st-erlang-yaws-28-4-3 | Scaphandre power sampling + HTTP load | 10000 GET → http://localhost:8001/
[0;35m[MEASURE][0m st-erlang-yaws-28-4-3 | stopping Scaphandre + appending CSV …
[0;35m[MEASURE][0m st-erlang-yaws-28-4-3 | [0;32m10000/10000 ok[0m | 8.2s | 1226 req/s | results/2026-05-08_140359/static/st-erlang-yaws-28-4-3.csv
[0;36m[PROGRESS][0m 110/143 (76%) | elapsed 2h29m | ETA ~44m | remaining 33 | static HTTP | st-erlang-yaws-28-4-3 | level 6/13 | 15000 requests
[0;35m[MEASURE][0m st-erlang-yaws-28-4-3 | Docker start + HTTP readiness wait …
[0;35m[MEASURE][0m st-erlang-yaws-28-4-3 | Scaphandre power sampling + HTTP load | 15000 GET → http://localhost:8001/
[0;35m[MEASURE][0m st-erlang-yaws-28-4-3 | stopping Scaphandre + appending CSV …
[0;35m[MEASURE][0m st-erlang-yaws-28-4-3 | [0;32m15000/15000 ok[0m | 12.8s | 1172 req/s | results/2026-05-08_140359/static/st-erlang-yaws-28-4-3.csv
[0;36m[PROGRESS][0m 111/143 (77%) | elapsed 2h30m | ETA ~43m | remaining 32 | static HTTP | st-erlang-yaws-28-4-3 | level 7/13 | 20000 requests
[0;35m[MEASURE][0m st-erlang-yaws-28-4-3 | Docker start + HTTP readiness wait …
[0;35m[MEASURE][0m st-erlang-yaws-28-4-3 | Scaphandre power sampling + HTTP load | 20000 GET → http://localhost:8001/
[0;35m[MEASURE][0m st-erlang-yaws-28-4-3 | stopping Scaphandre + appending CSV …
[0;35m[MEASURE][0m st-erlang-yaws-28-4-3 | [0;32m20000/20000 ok[0m | 18.4s | 1090 req/s | results/2026-05-08_140359/static/st-erlang-yaws-28-4-3.csv
[0;36m[PROGRESS][0m 112/143 (78%) | elapsed 2h31m | ETA ~42m | remaining 31 | static HTTP | st-erlang-yaws-28-4-3 | level 8/13 | 30000 requests
[0;35m[MEASURE][0m st-erlang-yaws-28-4-3 | Docker start + HTTP readiness wait …
[0;35m[MEASURE][0m st-erlang-yaws-28-4-3 | Scaphandre power sampling + HTTP load | 30000 GET → http://localhost:8001/
[0;35m[MEASURE][0m st-erlang-yaws-28-4-3 | stopping Scaphandre + appending CSV …
[0;35m[MEASURE][0m st-erlang-yaws-28-4-3 | 28231/30000 | 32.4s | 926 req/s | results/2026-05-08_140359/static/st-erlang-yaws-28-4-3.csv
[0;36m[PROGRESS][0m 113/143 (79%) | elapsed 2h33m | ETA ~40m | remaining 30 | static HTTP | st-erlang-yaws-28-4-3 | level 9/13 | 40000 requests
[0;35m[MEASURE][0m st-erlang-yaws-28-4-3 | Docker start + HTTP readiness wait …
[0;35m[MEASURE][0m st-erlang-yaws-28-4-3 | Scaphandre power sampling + HTTP load | 40000 GET → http://localhost:8001/
[0;35m[MEASURE][0m st-erlang-yaws-28-4-3 | stopping Scaphandre + appending CSV …
[0;35m[MEASURE][0m st-erlang-yaws-28-4-3 | 28232/40000 | 59.0s | 678 req/s | results/2026-05-08_140359/static/st-erlang-yaws-28-4-3.csv
[0;36m[PROGRESS][0m 114/143 (79%) | elapsed 2h35m | ETA ~39m | remaining 29 | static HTTP | st-erlang-yaws-28-4-3 | level 10/13 | 50000 requests
[0;35m[MEASURE][0m st-erlang-yaws-28-4-3 | Docker start + HTTP readiness wait …
[0;35m[MEASURE][0m st-erlang-yaws-28-4-3 | Scaphandre power sampling + HTTP load | 50000 GET → http://localhost:8001/
[0;35m[MEASURE][0m st-erlang-yaws-28-4-3 | HTTP requests 40454/50000 (60s elapsed)
[0;35m[MEASURE][0m st-erlang-yaws-28-4-3 | stopping Scaphandre + appending CSV …
[0;35m[MEASURE][0m st-erlang-yaws-28-4-3 | 36985/50000 | 70.1s | 714 req/s | results/2026-05-08_140359/static/st-erlang-yaws-28-4-3.csv
[0;36m[PROGRESS][0m 115/143 (80%) | elapsed 2h37m | ETA ~38m | remaining 28 | static HTTP | st-erlang-yaws-28-4-3 | level 11/13 | 60000 requests
[0;35m[MEASURE][0m st-erlang-yaws-28-4-3 | Docker start + HTTP readiness wait …
[0;35m[MEASURE][0m st-erlang-yaws-28-4-3 | Scaphandre power sampling + HTTP load | 60000 GET → http://localhost:8001/
[0;35m[MEASURE][0m st-erlang-yaws-28-4-3 | HTTP requests 40071/60000 (60s elapsed)
[0;35m[MEASURE][0m st-erlang-yaws-28-4-3 | stopping Scaphandre + appending CSV …
[0;35m[MEASURE][0m st-erlang-yaws-28-4-3 | 47328/60000 | 81.4s | 737 req/s | results/2026-05-08_140359/static/st-erlang-yaws-28-4-3.csv
[0;36m[PROGRESS][0m 116/143 (81%) | elapsed 2h39m | ETA ~37m | remaining 27 | static HTTP | st-erlang-yaws-28-4-3 | level 12/13 | 70000 requests
[0;35m[MEASURE][0m st-erlang-yaws-28-4-3 | Docker start + HTTP readiness wait …
[0;35m[MEASURE][0m st-erlang-yaws-28-4-3 | Scaphandre power sampling + HTTP load | 70000 GET → http://localhost:8001/
[0;35m[MEASURE][0m st-erlang-yaws-28-4-3 | HTTP requests 40065/70000 (60s elapsed)
[0;35m[MEASURE][0m st-erlang-yaws-28-4-3 | stopping Scaphandre + appending CSV …
[0;35m[MEASURE][0m st-erlang-yaws-28-4-3 | 56463/70000 | 95.7s | 731 req/s | results/2026-05-08_140359/static/st-erlang-yaws-28-4-3.csv
[0;36m[PROGRESS][0m 117/143 (81%) | elapsed 2h42m | ETA ~36m | remaining 26 | static HTTP | st-erlang-yaws-28-4-3 | level 13/13 | 80000 requests
[0;35m[MEASURE][0m st-erlang-yaws-28-4-3 | Docker start + HTTP readiness wait …
[0;35m[MEASURE][0m st-erlang-yaws-28-4-3 | Scaphandre power sampling + HTTP load | 80000 GET → http://localhost:8001/
[0;35m[MEASURE][0m st-erlang-yaws-28-4-3 | HTTP requests 39992/80000 (60s elapsed)
[0;35m[MEASURE][0m st-erlang-yaws-28-4-3 | HTTP requests 78440/80000 (120s elapsed)
[0;35m[MEASURE][0m st-erlang-yaws-28-4-3 | stopping Scaphandre + appending CSV …
[0;35m[MEASURE][0m st-erlang-yaws-28-4-3 | 56916/80000 | 123.5s | 648 req/s | results/2026-05-08_140359/static/st-erlang-yaws-28-4-3.csv
[0;34mRunning static tests for st-erlang-cowboy-28-4-3 on port 8001[0m (10/11)
[0;36m[PROGRESS][0m 118/143 (82%) | elapsed 2h45m | ETA ~34m | remaining 25 | static HTTP | st-erlang-cowboy-28-4-3 | level 1/13 | 100 requests
[0;35m[MEASURE][0m st-erlang-cowboy-28-4-3 | Docker start + HTTP readiness wait …
[0;35m[MEASURE][0m st-erlang-cowboy-28-4-3 | Scaphandre power sampling + HTTP load | 100 GET → http://localhost:8001/
[0;35m[MEASURE][0m st-erlang-cowboy-28-4-3 | stopping Scaphandre + appending CSV …
[0;35m[MEASURE][0m st-erlang-cowboy-28-4-3 | [0;32m100/100 ok[0m | 0.2s | 461 req/s | results/2026-05-08_140359/static/st-erlang-cowboy-28-4-3.csv
[0;36m[PROGRESS][0m 119/143 (83%) | elapsed 2h45m | ETA ~33m | remaining 24 | static HTTP | st-erlang-cowboy-28-4-3 | level 2/13 | 1000 requests
[0;35m[MEASURE][0m st-erlang-cowboy-28-4-3 | Docker start + HTTP readiness wait …
[0;35m[MEASURE][0m st-erlang-cowboy-28-4-3 | Scaphandre power sampling + HTTP load | 1000 GET → http://localhost:8001/
[0;35m[MEASURE][0m st-erlang-cowboy-28-4-3 | stopping Scaphandre + appending CSV …
[0;35m[MEASURE][0m st-erlang-cowboy-28-4-3 | [0;32m1000/1000 ok[0m | 0.9s | 1068 req/s | results/2026-05-08_140359/static/st-erlang-cowboy-28-4-3.csv
[0;36m[PROGRESS][0m 120/143 (83%) | elapsed 2h46m | ETA ~31m | remaining 23 | static HTTP | st-erlang-cowboy-28-4-3 | level 3/13 | 5000 requests
[0;35m[MEASURE][0m st-erlang-cowboy-28-4-3 | Docker start + HTTP readiness wait …
[0;35m[MEASURE][0m st-erlang-cowboy-28-4-3 | Scaphandre power sampling + HTTP load | 5000 GET → http://localhost:8001/
[0;35m[MEASURE][0m st-erlang-cowboy-28-4-3 | stopping Scaphandre + appending CSV …
[0;35m[MEASURE][0m st-erlang-cowboy-28-4-3 | [0;32m5000/5000 ok[0m | 3.4s | 1463 req/s | results/2026-05-08_140359/static/st-erlang-cowboy-28-4-3.csv
[0;36m[PROGRESS][0m 121/143 (84%) | elapsed 2h47m | ETA ~30m | remaining 22 | static HTTP | st-erlang-cowboy-28-4-3 | level 4/13 | 8000 requests
[0;35m[MEASURE][0m st-erlang-cowboy-28-4-3 | Docker start + HTTP readiness wait …
[0;35m[MEASURE][0m st-erlang-cowboy-28-4-3 | Scaphandre power sampling + HTTP load | 8000 GET → http://localhost:8001/
[0;35m[MEASURE][0m st-erlang-cowboy-28-4-3 | stopping Scaphandre + appending CSV …
[0;35m[MEASURE][0m st-erlang-cowboy-28-4-3 | [0;32m8000/8000 ok[0m | 6.5s | 1234 req/s | results/2026-05-08_140359/static/st-erlang-cowboy-28-4-3.csv
[0;36m[PROGRESS][0m 122/143 (85%) | elapsed 2h48m | ETA ~28m | remaining 21 | static HTTP | st-erlang-cowboy-28-4-3 | level 5/13 | 10000 requests
[0;35m[MEASURE][0m st-erlang-cowboy-28-4-3 | Docker start + HTTP readiness wait …
[0;35m[MEASURE][0m st-erlang-cowboy-28-4-3 | Scaphandre power sampling + HTTP load | 10000 GET → http://localhost:8001/
[0;35m[MEASURE][0m st-erlang-cowboy-28-4-3 | stopping Scaphandre + appending CSV …
[0;35m[MEASURE][0m st-erlang-cowboy-28-4-3 | [0;32m10000/10000 ok[0m | 9.5s | 1053 req/s | results/2026-05-08_140359/static/st-erlang-cowboy-28-4-3.csv
[0;36m[PROGRESS][0m 123/143 (86%) | elapsed 2h49m | ETA ~27m | remaining 20 | static HTTP | st-erlang-cowboy-28-4-3 | level 6/13 | 15000 requests
[0;35m[MEASURE][0m st-erlang-cowboy-28-4-3 | Docker start + HTTP readiness wait …
[0;35m[MEASURE][0m st-erlang-cowboy-28-4-3 | Scaphandre power sampling + HTTP load | 15000 GET → http://localhost:8001/
[0;35m[MEASURE][0m st-erlang-cowboy-28-4-3 | stopping Scaphandre + appending CSV …
[0;35m[MEASURE][0m st-erlang-cowboy-28-4-3 | [0;32m15000/15000 ok[0m | 13.1s | 1145 req/s | results/2026-05-08_140359/static/st-erlang-cowboy-28-4-3.csv
[0;36m[PROGRESS][0m 124/143 (86%) | elapsed 2h50m | ETA ~26m | remaining 19 | static HTTP | st-erlang-cowboy-28-4-3 | level 7/13 | 20000 requests
[0;35m[MEASURE][0m st-erlang-cowboy-28-4-3 | Docker start + HTTP readiness wait …
[0;35m[MEASURE][0m st-erlang-cowboy-28-4-3 | Scaphandre power sampling + HTTP load | 20000 GET → http://localhost:8001/
[0;35m[MEASURE][0m st-erlang-cowboy-28-4-3 | stopping Scaphandre + appending CSV …
[0;35m[MEASURE][0m st-erlang-cowboy-28-4-3 | [0;32m20000/20000 ok[0m | 18.4s | 1088 req/s | results/2026-05-08_140359/static/st-erlang-cowboy-28-4-3.csv
[0;36m[PROGRESS][0m 125/143 (87%) | elapsed 2h51m | ETA ~24m | remaining 18 | static HTTP | st-erlang-cowboy-28-4-3 | level 8/13 | 30000 requests
[0;35m[MEASURE][0m st-erlang-cowboy-28-4-3 | Docker start + HTTP readiness wait …
[0;35m[MEASURE][0m st-erlang-cowboy-28-4-3 | Scaphandre power sampling + HTTP load | 30000 GET → http://localhost:8001/
[0;35m[MEASURE][0m st-erlang-cowboy-28-4-3 | stopping Scaphandre + appending CSV …
[0;35m[MEASURE][0m st-erlang-cowboy-28-4-3 | 28231/30000 | 32.6s | 921 req/s | results/2026-05-08_140359/static/st-erlang-cowboy-28-4-3.csv
[0;36m[PROGRESS][0m 126/143 (88%) | elapsed 2h52m | ETA ~23m | remaining 17 | static HTTP | st-erlang-cowboy-28-4-3 | level 9/13 | 40000 requests
[0;35m[MEASURE][0m st-erlang-cowboy-28-4-3 | Docker start + HTTP readiness wait …
[0;35m[MEASURE][0m st-erlang-cowboy-28-4-3 | Scaphandre power sampling + HTTP load | 40000 GET → http://localhost:8001/
[0;35m[MEASURE][0m st-erlang-cowboy-28-4-3 | stopping Scaphandre + appending CSV …
[0;35m[MEASURE][0m st-erlang-cowboy-28-4-3 | 28232/40000 | 59.5s | 673 req/s | results/2026-05-08_140359/static/st-erlang-cowboy-28-4-3.csv
[0;36m[PROGRESS][0m 127/143 (88%) | elapsed 2h54m | ETA ~21m | remaining 16 | static HTTP | st-erlang-cowboy-28-4-3 | level 10/13 | 50000 requests
[0;35m[MEASURE][0m st-erlang-cowboy-28-4-3 | Docker start + HTTP readiness wait …
[0;35m[MEASURE][0m st-erlang-cowboy-28-4-3 | Scaphandre power sampling + HTTP load | 50000 GET → http://localhost:8001/
[0;35m[MEASURE][0m st-erlang-cowboy-28-4-3 | HTTP requests 40333/50000 (60s elapsed)
[0;35m[MEASURE][0m st-erlang-cowboy-28-4-3 | stopping Scaphandre + appending CSV …
[0;35m[MEASURE][0m st-erlang-cowboy-28-4-3 | 37042/50000 | 70.0s | 714 req/s | results/2026-05-08_140359/static/st-erlang-cowboy-28-4-3.csv
[0;36m[PROGRESS][0m 128/143 (89%) | elapsed 2h56m | ETA ~20m | remaining 15 | static HTTP | st-erlang-cowboy-28-4-3 | level 11/13 | 60000 requests
[0;35m[MEASURE][0m st-erlang-cowboy-28-4-3 | Docker start + HTTP readiness wait …
[0;35m[MEASURE][0m st-erlang-cowboy-28-4-3 | Scaphandre power sampling + HTTP load | 60000 GET → http://localhost:8001/
[0;35m[MEASURE][0m st-erlang-cowboy-28-4-3 | HTTP requests 40053/60000 (60s elapsed)
[0;35m[MEASURE][0m st-erlang-cowboy-28-4-3 | stopping Scaphandre + appending CSV …
[0;35m[MEASURE][0m st-erlang-cowboy-28-4-3 | 47281/60000 | 80.5s | 746 req/s | results/2026-05-08_140359/static/st-erlang-cowboy-28-4-3.csv
[0;36m[PROGRESS][0m 129/143 (90%) | elapsed 2h58m | ETA ~19m | remaining 14 | static HTTP | st-erlang-cowboy-28-4-3 | level 12/13 | 70000 requests
[0;35m[MEASURE][0m st-erlang-cowboy-28-4-3 | Docker start + HTTP readiness wait …
[0;35m[MEASURE][0m st-erlang-cowboy-28-4-3 | Scaphandre power sampling + HTTP load | 70000 GET → http://localhost:8001/
[0;35m[MEASURE][0m st-erlang-cowboy-28-4-3 | HTTP requests 39934/70000 (60s elapsed)
[0;35m[MEASURE][0m st-erlang-cowboy-28-4-3 | stopping Scaphandre + appending CSV …
[0;35m[MEASURE][0m st-erlang-cowboy-28-4-3 | 56463/70000 | 94.8s | 738 req/s | results/2026-05-08_140359/static/st-erlang-cowboy-28-4-3.csv
[0;36m[PROGRESS][0m 130/143 (90%) | elapsed 3h00m | ETA ~18m | remaining 13 | static HTTP | st-erlang-cowboy-28-4-3 | level 13/13 | 80000 requests
[0;35m[MEASURE][0m st-erlang-cowboy-28-4-3 | Docker start + HTTP readiness wait …
[0;35m[MEASURE][0m st-erlang-cowboy-28-4-3 | Scaphandre power sampling + HTTP load | 80000 GET → http://localhost:8001/
[0;35m[MEASURE][0m st-erlang-cowboy-28-4-3 | HTTP requests 40062/80000 (60s elapsed)
[0;35m[MEASURE][0m st-erlang-cowboy-28-4-3 | HTTP requests 79043/80000 (120s elapsed)
[0;35m[MEASURE][0m st-erlang-cowboy-28-4-3 | stopping Scaphandre + appending CSV …
[0;35m[MEASURE][0m st-erlang-cowboy-28-4-3 | 56464/80000 | 122.6s | 652 req/s | results/2026-05-08_140359/static/st-erlang-cowboy-28-4-3.csv
[0;34mRunning static tests for st-erlang-pure-28-4-3 on port 8001[0m (11/11)
[0;36m[PROGRESS][0m 131/143 (91%) | elapsed 3h03m | ETA ~16m | remaining 12 | static HTTP | st-erlang-pure-28-4-3 | level 1/13 | 100 requests
[0;35m[MEASURE][0m st-erlang-pure-28-4-3 | Docker start + HTTP readiness wait …
[0;35m[MEASURE][0m st-erlang-pure-28-4-3 | Scaphandre power sampling + HTTP load | 100 GET → http://localhost:8001/
[0;35m[MEASURE][0m st-erlang-pure-28-4-3 | stopping Scaphandre + appending CSV …
[0;35m[MEASURE][0m st-erlang-pure-28-4-3 | [0;32m100/100 ok[0m | 1.5s | 65 req/s | results/2026-05-08_140359/static/st-erlang-pure-28-4-3.csv
[0;36m[PROGRESS][0m 132/143 (92%) | elapsed 3h04m | ETA ~15m | remaining 11 | static HTTP | st-erlang-pure-28-4-3 | level 2/13 | 1000 requests
[0;35m[MEASURE][0m st-erlang-pure-28-4-3 | Docker start + HTTP readiness wait …
[0;35m[MEASURE][0m st-erlang-pure-28-4-3 | Scaphandre power sampling + HTTP load | 1000 GET → http://localhost:8001/
[0;35m[MEASURE][0m st-erlang-pure-28-4-3 | stopping Scaphandre + appending CSV …
[0;35m[MEASURE][0m st-erlang-pure-28-4-3 | 975/1000 | 5.1s | 195 req/s | results/2026-05-08_140359/static/st-erlang-pure-28-4-3.csv
[0;36m[PROGRESS][0m 133/143 (93%) | elapsed 3h05m | ETA ~13m | remaining 10 | static HTTP | st-erlang-pure-28-4-3 | level 3/13 | 5000 requests
[0;35m[MEASURE][0m st-erlang-pure-28-4-3 | Docker start + HTTP readiness wait …
[0;35m[MEASURE][0m st-erlang-pure-28-4-3 | Scaphandre power sampling + HTTP load | 5000 GET → http://localhost:8001/
[0;35m[MEASURE][0m st-erlang-pure-28-4-3 | stopping Scaphandre + appending CSV …
[0;35m[MEASURE][0m st-erlang-pure-28-4-3 | [0;32m5000/5000 ok[0m | 3.7s | 1368 req/s | results/2026-05-08_140359/static/st-erlang-pure-28-4-3.csv
[0;36m[PROGRESS][0m 134/143 (93%) | elapsed 3h05m | ETA ~12m | remaining 9 | static HTTP | st-erlang-pure-28-4-3 | level 4/13 | 8000 requests
[0;35m[MEASURE][0m st-erlang-pure-28-4-3 | Docker start + HTTP readiness wait …
[0;35m[MEASURE][0m st-erlang-pure-28-4-3 | Scaphandre power sampling + HTTP load | 8000 GET → http://localhost:8001/
[0;35m[MEASURE][0m st-erlang-pure-28-4-3 | stopping Scaphandre + appending CSV …
[0;35m[MEASURE][0m st-erlang-pure-28-4-3 | [0;32m8000/8000 ok[0m | 5.8s | 1370 req/s | results/2026-05-08_140359/static/st-erlang-pure-28-4-3.csv
[0;36m[PROGRESS][0m 135/143 (94%) | elapsed 3h06m | ETA ~11m | remaining 8 | static HTTP | st-erlang-pure-28-4-3 | level 5/13 | 10000 requests
[0;35m[MEASURE][0m st-erlang-pure-28-4-3 | Docker start + HTTP readiness wait …
[0;35m[MEASURE][0m st-erlang-pure-28-4-3 | Scaphandre power sampling + HTTP load | 10000 GET → http://localhost:8001/
[0;35m[MEASURE][0m st-erlang-pure-28-4-3 | stopping Scaphandre + appending CSV …
[0;35m[MEASURE][0m st-erlang-pure-28-4-3 | [0;32m10000/10000 ok[0m | 7.8s | 1274 req/s | results/2026-05-08_140359/static/st-erlang-pure-28-4-3.csv
[0;36m[PROGRESS][0m 136/143 (95%) | elapsed 3h07m | ETA ~9m | remaining 7 | static HTTP | st-erlang-pure-28-4-3 | level 6/13 | 15000 requests
[0;35m[MEASURE][0m st-erlang-pure-28-4-3 | Docker start + HTTP readiness wait …
[0;35m[MEASURE][0m st-erlang-pure-28-4-3 | Scaphandre power sampling + HTTP load | 15000 GET → http://localhost:8001/
[0;35m[MEASURE][0m st-erlang-pure-28-4-3 | stopping Scaphandre + appending CSV …
[0;35m[MEASURE][0m st-erlang-pure-28-4-3 | [0;32m15000/15000 ok[0m | 12.5s | 1199 req/s | results/2026-05-08_140359/static/st-erlang-pure-28-4-3.csv
[0;36m[PROGRESS][0m 137/143 (95%) | elapsed 3h08m | ETA ~8m | remaining 6 | static HTTP | st-erlang-pure-28-4-3 | level 7/13 | 20000 requests
[0;35m[MEASURE][0m st-erlang-pure-28-4-3 | Docker start + HTTP readiness wait …
[0;35m[MEASURE][0m st-erlang-pure-28-4-3 | Scaphandre power sampling + HTTP load | 20000 GET → http://localhost:8001/
[0;35m[MEASURE][0m st-erlang-pure-28-4-3 | stopping Scaphandre + appending CSV …
[0;35m[MEASURE][0m st-erlang-pure-28-4-3 | 19997/20000 | 16.7s | 1198 req/s | results/2026-05-08_140359/static/st-erlang-pure-28-4-3.csv
[0;36m[PROGRESS][0m 138/143 (96%) | elapsed 3h09m | ETA ~6m | remaining 5 | static HTTP | st-erlang-pure-28-4-3 | level 8/13 | 30000 requests
[0;35m[MEASURE][0m st-erlang-pure-28-4-3 | Docker start + HTTP readiness wait …
[0;35m[MEASURE][0m st-erlang-pure-28-4-3 | Scaphandre power sampling + HTTP load | 30000 GET → http://localhost:8001/
[0;35m[MEASURE][0m st-erlang-pure-28-4-3 | stopping Scaphandre + appending CSV …
[0;35m[MEASURE][0m st-erlang-pure-28-4-3 | [0;32m30000/30000 ok[0m | 25.5s | 1175 req/s | results/2026-05-08_140359/static/st-erlang-pure-28-4-3.csv
[0;36m[PROGRESS][0m 139/143 (97%) | elapsed 3h10m | ETA ~5m | remaining 4 | static HTTP | st-erlang-pure-28-4-3 | level 9/13 | 40000 requests
[0;35m[MEASURE][0m st-erlang-pure-28-4-3 | Docker start + HTTP readiness wait …
[0;35m[MEASURE][0m st-erlang-pure-28-4-3 | Scaphandre power sampling + HTTP load | 40000 GET → http://localhost:8001/
[0;35m[MEASURE][0m st-erlang-pure-28-4-3 | stopping Scaphandre + appending CSV …
[0;35m[MEASURE][0m st-erlang-pure-28-4-3 | [0;32m40000/40000 ok[0m | 33.8s | 1185 req/s | results/2026-05-08_140359/static/st-erlang-pure-28-4-3.csv
[0;36m[PROGRESS][0m 140/143 (97%) | elapsed 3h12m | ETA ~4m | remaining 3 | static HTTP | st-erlang-pure-28-4-3 | level 10/13 | 50000 requests
[0;35m[MEASURE][0m st-erlang-pure-28-4-3 | Docker start + HTTP readiness wait …
[0;35m[MEASURE][0m st-erlang-pure-28-4-3 | Scaphandre power sampling + HTTP load | 50000 GET → http://localhost:8001/
[0;35m[MEASURE][0m st-erlang-pure-28-4-3 | stopping Scaphandre + appending CSV …
[0;35m[MEASURE][0m st-erlang-pure-28-4-3 | [0;32m50000/50000 ok[0m | 41.9s | 1194 req/s | results/2026-05-08_140359/static/st-erlang-pure-28-4-3.csv
[0;36m[PROGRESS][0m 141/143 (98%) | elapsed 3h13m | ETA ~2m | remaining 2 | static HTTP | st-erlang-pure-28-4-3 | level 11/13 | 60000 requests
[0;35m[MEASURE][0m st-erlang-pure-28-4-3 | Docker start + HTTP readiness wait …
[0;35m[MEASURE][0m st-erlang-pure-28-4-3 | Scaphandre power sampling + HTTP load | 60000 GET → http://localhost:8001/
[0;35m[MEASURE][0m st-erlang-pure-28-4-3 | stopping Scaphandre + appending CSV …
[0;35m[MEASURE][0m st-erlang-pure-28-4-3 | 59999/60000 | 51.1s | 1175 req/s | results/2026-05-08_140359/static/st-erlang-pure-28-4-3.csv
[0;36m[PROGRESS][0m 142/143 (99%) | elapsed 3h15m | ETA ~1m | remaining 1 | static HTTP | st-erlang-pure-28-4-3 | level 12/13 | 70000 requests
[0;35m[MEASURE][0m st-erlang-pure-28-4-3 | Docker start + HTTP readiness wait …
[0;35m[MEASURE][0m st-erlang-pure-28-4-3 | Scaphandre power sampling + HTTP load | 70000 GET → http://localhost:8001/
[0;35m[MEASURE][0m st-erlang-pure-28-4-3 | HTTP requests 69989/70000 (60s elapsed)
[0;35m[MEASURE][0m st-erlang-pure-28-4-3 | stopping Scaphandre + appending CSV …
[0;35m[MEASURE][0m st-erlang-pure-28-4-3 | 69987/70000 | 60.1s | 1164 req/s | results/2026-05-08_140359/static/st-erlang-pure-28-4-3.csv
[0;36m[PROGRESS][0m 143/143 (100%) | elapsed 3h16m | ETA — | remaining 0 | static HTTP | st-erlang-pure-28-4-3 | level 13/13 | 80000 requests
[0;35m[MEASURE][0m st-erlang-pure-28-4-3 | Docker start + HTTP readiness wait …
[0;35m[MEASURE][0m st-erlang-pure-28-4-3 | Scaphandre power sampling + HTTP load | 80000 GET → http://localhost:8001/
[0;35m[MEASURE][0m st-erlang-pure-28-4-3 | HTTP requests 70921/80000 (60s elapsed)
[0;35m[MEASURE][0m st-erlang-pure-28-4-3 | stopping Scaphandre + appending CSV …
[0;35m[MEASURE][0m st-erlang-pure-28-4-3 | 79979/80000 | 71.2s | 1124 req/s | results/2026-05-08_140359/static/st-erlang-pure-28-4-3.csv

[0;34m[INFO][0m Measurement steps finished: 143/143 (total elapsed 3h18m)
[0;32m[SUCCESS][0m Benchmarks completed at Fri May  8 05:22:55 PM CEST 2026
[0;34m[INFO][0m Results saved to: results/2026-05-08_140359

[RUN SUMMARY] All containers ran successfully (no 100% failed requests).
